[2025-11-21T02:37:42.932+0800][gc] Using G1
[2025-11-21T02:37:42.941+0800][gc,init] Version: 17.0.16+8-Ubuntu-0ubuntu124.04.1 (release)
[2025-11-21T02:37:42.941+0800][gc,init] CPUs: 2 total, 2 available
[2025-11-21T02:37:42.941+0800][gc,init] Memory: 5024M
[2025-11-21T02:37:42.941+0800][gc,init] Large Page Support: Disabled
[2025-11-21T02:37:42.941+0800][gc,init] NUMA Support: Disabled
[2025-11-21T02:37:42.941+0800][gc,init] Compressed Oops: Enabled (32-bit)
[2025-11-21T02:37:42.941+0800][gc,init] Heap Region Size: 1M
[2025-11-21T02:37:42.941+0800][gc,init] Heap Min Capacity: 1G
[2025-11-21T02:37:42.941+0800][gc,init] Heap Initial Capacity: 1G
[2025-11-21T02:37:42.941+0800][gc,init] Heap Max Capacity: 1G
[2025-11-21T02:37:42.941+0800][gc,init] Pre-touch: Disabled
[2025-11-21T02:37:42.941+0800][gc,init] Parallel Workers: 2
[2025-11-21T02:37:42.941+0800][gc,init] Concurrent Workers: 1
[2025-11-21T02:37:42.941+0800][gc,init] Concurrent Refinement Workers: 2
[2025-11-21T02:37:42.941+0800][gc,init] Periodic GC: Disabled
[2025-11-21T02:37:42.948+0800][gc,metaspace] CDS archive(s) mapped at: [0x000071b557000000-0x000071b557bca000-0x000071b557bca000), size 12361728, SharedBaseAddress: 0x000071b557000000, ArchiveRelocationMode: 1.
[2025-11-21T02:37:42.948+0800][gc,metaspace] Compressed class space mapped at: 0x000071b558000000-0x000071b598000000, reserved size: 1073741824
[2025-11-21T02:37:42.948+0800][gc,metaspace] Narrow klass base: 0x000071b557000000, Narrow klass shift: 0, Narrow klass range: 0x100000000
[2025-11-21T02:37:44.209+0800][gc,start    ] GC(0) Pause Young (Normal) (G1 Evacuation Pause)
[2025-11-21T02:37:44.209+0800][gc,task     ] GC(0) Using 2 workers of 2 for evacuation
[2025-11-21T02:37:44.236+0800][gc,mmu      ] GC(0) MMU target violated: 21.0ms (20.0ms/21.0ms)
[2025-11-21T02:37:44.237+0800][gc,phases   ] GC(0)   Pre Evacuate Collection Set: 0.3ms
[2025-11-21T02:37:44.237+0800][gc,phases   ] GC(0)   Merge Heap Roots: 0.0ms
[2025-11-21T02:37:44.237+0800][gc,phases   ] GC(0)   Evacuate Collection Set: 25.7ms
[2025-11-21T02:37:44.237+0800][gc,phases   ] GC(0)   Post Evacuate Collection Set: 0.9ms
[2025-11-21T02:37:44.237+0800][gc,phases   ] GC(0)   Other: 1.1ms
[2025-11-21T02:37:44.237+0800][gc,heap     ] GC(0) Eden regions: 51->0(44)
[2025-11-21T02:37:44.237+0800][gc,heap     ] GC(0) Survivor regions: 0->7(7)
[2025-11-21T02:37:44.237+0800][gc,heap     ] GC(0) Old regions: 0->2
[2025-11-21T02:37:44.237+0800][gc,heap     ] GC(0) Archive regions: 2->2
[2025-11-21T02:37:44.237+0800][gc,heap     ] GC(0) Humongous regions: 0->0
[2025-11-21T02:37:44.237+0800][gc,metaspace] GC(0) Metaspace: 16464K(16640K)->16464K(16640K) NonClass: 14537K(14656K)->14537K(14656K) Class: 1927K(1984K)->1927K(1984K)
[2025-11-21T02:37:44.237+0800][gc          ] GC(0) Pause Young (Normal) (G1 Evacuation Pause) 51M->8M(1024M) 28.188ms
[2025-11-21T02:37:44.237+0800][gc,cpu      ] GC(0) User=0.01s Sys=0.02s Real=0.03s
[2025-11-21T02:37:45.584+0800][gc,start    ] GC(1) Pause Young (Concurrent Start) (Metadata GC Threshold)
[2025-11-21T02:37:45.584+0800][gc,task     ] GC(1) Using 2 workers of 2 for evacuation
[2025-11-21T02:37:45.661+0800][gc,mmu      ] GC(1) MMU target violated: 21.0ms (20.0ms/21.0ms)
[2025-11-21T02:37:45.661+0800][gc,phases   ] GC(1)   Pre Evacuate Collection Set: 0.5ms
[2025-11-21T02:37:45.661+0800][gc,phases   ] GC(1)   Merge Heap Roots: 0.2ms
[2025-11-21T02:37:45.661+0800][gc,phases   ] GC(1)   Evacuate Collection Set: 75.1ms
[2025-11-21T02:37:45.661+0800][gc,phases   ] GC(1)   Post Evacuate Collection Set: 0.8ms
[2025-11-21T02:37:45.661+0800][gc,phases   ] GC(1)   Other: 0.3ms
[2025-11-21T02:37:45.661+0800][gc,heap     ] GC(1) Eden regions: 16->0(49)
[2025-11-21T02:37:45.661+0800][gc,heap     ] GC(1) Survivor regions: 7->2(7)
[2025-11-21T02:37:45.661+0800][gc,heap     ] GC(1) Old regions: 2->8
[2025-11-21T02:37:45.661+0800][gc,heap     ] GC(1) Archive regions: 2->2
[2025-11-21T02:37:45.661+0800][gc,heap     ] GC(1) Humongous regions: 0->0
[2025-11-21T02:37:45.661+0800][gc,metaspace] GC(1) Metaspace: 21277K(21504K)->21277K(21504K) NonClass: 18613K(18688K)->18613K(18688K) Class: 2663K(2816K)->2663K(2816K)
[2025-11-21T02:37:45.661+0800][gc          ] GC(1) Pause Young (Concurrent Start) (Metadata GC Threshold) 24M->10M(1024M) 77.025ms
[2025-11-21T02:37:45.661+0800][gc,cpu      ] GC(1) User=0.02s Sys=0.05s Real=0.07s
[2025-11-21T02:37:45.662+0800][gc          ] GC(2) Concurrent Mark Cycle
[2025-11-21T02:37:45.662+0800][gc,marking  ] GC(2) Concurrent Clear Claimed Marks
[2025-11-21T02:37:45.662+0800][gc,marking  ] GC(2) Concurrent Clear Claimed Marks 0.029ms
[2025-11-21T02:37:45.662+0800][gc,marking  ] GC(2) Concurrent Scan Root Regions
[2025-11-21T02:37:45.720+0800][gc,marking  ] GC(2) Concurrent Scan Root Regions 58.283ms
[2025-11-21T02:37:45.720+0800][gc,marking  ] GC(2) Concurrent Mark
[2025-11-21T02:37:45.720+0800][gc,marking  ] GC(2) Concurrent Mark From Roots
[2025-11-21T02:37:45.720+0800][gc,task     ] GC(2) Using 1 workers of 1 for marking
[2025-11-21T02:37:45.749+0800][gc,marking  ] GC(2) Concurrent Mark From Roots 28.752ms
[2025-11-21T02:37:45.751+0800][gc,marking  ] GC(2) Concurrent Preclean
[2025-11-21T02:37:45.751+0800][gc,marking  ] GC(2) Concurrent Preclean 0.067ms
[2025-11-21T02:37:45.754+0800][gc,start    ] GC(2) Pause Remark
[2025-11-21T02:37:45.783+0800][gc,mmu      ] GC(2) MMU target violated: 21.0ms (20.0ms/21.0ms)
[2025-11-21T02:37:45.783+0800][gc          ] GC(2) Pause Remark 10M->10M(1024M) 29.304ms
[2025-11-21T02:37:45.783+0800][gc,cpu      ] GC(2) User=0.00s Sys=0.00s Real=0.03s
[2025-11-21T02:37:45.785+0800][gc,marking  ] GC(2) Concurrent Mark 65.024ms
[2025-11-21T02:37:45.785+0800][gc,marking  ] GC(2) Concurrent Rebuild Remembered Sets
[2025-11-21T02:37:45.785+0800][gc,marking  ] GC(2) Concurrent Rebuild Remembered Sets 0.004ms
[2025-11-21T02:37:45.787+0800][gc,start    ] GC(2) Pause Cleanup
[2025-11-21T02:37:45.787+0800][gc          ] GC(2) Pause Cleanup 10M->10M(1024M) 0.024ms
[2025-11-21T02:37:45.787+0800][gc,cpu      ] GC(2) User=0.00s Sys=0.00s Real=0.00s
[2025-11-21T02:37:45.787+0800][gc,marking  ] GC(2) Concurrent Cleanup for Next Mark
[2025-11-21T02:37:45.914+0800][gc,marking  ] GC(2) Concurrent Cleanup for Next Mark 127.431ms
[2025-11-21T02:37:45.914+0800][gc          ] GC(2) Concurrent Mark Cycle 252.376ms
[2025-11-21T02:37:48.355+0800][gc,start    ] GC(3) Pause Young (Normal) (G1 Evacuation Pause)
[2025-11-21T02:37:48.355+0800][gc,task     ] GC(3) Using 2 workers of 2 for evacuation
[2025-11-21T02:37:48.378+0800][gc,mmu      ] GC(3) MMU target violated: 21.0ms (20.0ms/21.0ms)
[2025-11-21T02:37:48.378+0800][gc,phases   ] GC(3)   Pre Evacuate Collection Set: 1.0ms
[2025-11-21T02:37:48.378+0800][gc,phases   ] GC(3)   Merge Heap Roots: 1.9ms
[2025-11-21T02:37:48.378+0800][gc,phases   ] GC(3)   Evacuate Collection Set: 17.9ms
[2025-11-21T02:37:48.378+0800][gc,phases   ] GC(3)   Post Evacuate Collection Set: 1.9ms
[2025-11-21T02:37:48.378+0800][gc,phases   ] GC(3)   Other: 0.2ms
[2025-11-21T02:37:48.378+0800][gc,heap     ] GC(3) Eden regions: 49->0(45)
[2025-11-21T02:37:48.378+0800][gc,heap     ] GC(3) Survivor regions: 2->6(7)
[2025-11-21T02:37:48.378+0800][gc,heap     ] GC(3) Old regions: 8->8
[2025-11-21T02:37:48.378+0800][gc,heap     ] GC(3) Archive regions: 2->2
[2025-11-21T02:37:48.378+0800][gc,heap     ] GC(3) Humongous regions: 9->9
[2025-11-21T02:37:48.378+0800][gc,metaspace] GC(3) Metaspace: 33652K(34112K)->33652K(34112K) NonClass: 29685K(29952K)->29685K(29952K) Class: 3966K(4160K)->3966K(4160K)
[2025-11-21T02:37:48.378+0800][gc          ] GC(3) Pause Young (Normal) (G1 Evacuation Pause) 68M->23M(1024M) 22.954ms
[2025-11-21T02:37:48.378+0800][gc,cpu      ] GC(3) User=0.01s Sys=0.01s Real=0.02s
[2025-11-21T02:37:48.875+0800][gc,start    ] GC(4) Pause Young (Concurrent Start) (Metadata GC Threshold)
[2025-11-21T02:37:48.875+0800][gc,task     ] GC(4) Using 2 workers of 2 for evacuation
[2025-11-21T02:37:48.953+0800][gc,mmu      ] GC(4) MMU target violated: 21.0ms (20.0ms/21.0ms)
[2025-11-21T02:37:48.953+0800][gc,phases   ] GC(4)   Pre Evacuate Collection Set: 0.5ms
[2025-11-21T02:37:48.953+0800][gc,phases   ] GC(4)   Merge Heap Roots: 0.0ms
[2025-11-21T02:37:48.953+0800][gc,phases   ] GC(4)   Evacuate Collection Set: 75.0ms
[2025-11-21T02:37:48.953+0800][gc,phases   ] GC(4)   Post Evacuate Collection Set: 2.6ms
[2025-11-21T02:37:48.953+0800][gc,phases   ] GC(4)   Other: 0.4ms
[2025-11-21T02:37:48.953+0800][gc,heap     ] GC(4) Eden regions: 11->0(50)
[2025-11-21T02:37:48.953+0800][gc,heap     ] GC(4) Survivor regions: 6->1(7)
[2025-11-21T02:37:48.953+0800][gc,heap     ] GC(4) Old regions: 8->14
[2025-11-21T02:37:48.953+0800][gc,heap     ] GC(4) Archive regions: 2->2
[2025-11-21T02:37:48.953+0800][gc,heap     ] GC(4) Humongous regions: 9->9
[2025-11-21T02:37:48.953+0800][gc,metaspace] GC(4) Metaspace: 35765K(36160K)->35765K(36160K) NonClass: 31547K(31744K)->31547K(31744K) Class: 4217K(4416K)->4217K(4416K)
[2025-11-21T02:37:48.953+0800][gc          ] GC(4) Pause Young (Concurrent Start) (Metadata GC Threshold) 34M->24M(1024M) 78.551ms
[2025-11-21T02:37:48.953+0800][gc,cpu      ] GC(4) User=0.06s Sys=0.07s Real=0.08s
[2025-11-21T02:37:48.953+0800][gc          ] GC(5) Concurrent Mark Cycle
[2025-11-21T02:37:48.953+0800][gc,marking  ] GC(5) Concurrent Clear Claimed Marks
[2025-11-21T02:37:48.953+0800][gc,marking  ] GC(5) Concurrent Clear Claimed Marks 0.034ms
[2025-11-21T02:37:48.953+0800][gc,marking  ] GC(5) Concurrent Scan Root Regions
[2025-11-21T02:37:48.986+0800][gc,marking  ] GC(5) Concurrent Scan Root Regions 32.736ms
[2025-11-21T02:37:48.986+0800][gc,marking  ] GC(5) Concurrent Mark
[2025-11-21T02:37:48.986+0800][gc,marking  ] GC(5) Concurrent Mark From Roots
[2025-11-21T02:37:48.986+0800][gc,task     ] GC(5) Using 1 workers of 1 for marking
[2025-11-21T02:37:49.003+0800][gc,marking  ] GC(5) Concurrent Mark From Roots 17.518ms
[2025-11-21T02:37:49.003+0800][gc,marking  ] GC(5) Concurrent Preclean
[2025-11-21T02:37:49.004+0800][gc,marking  ] GC(5) Concurrent Preclean 0.161ms
[2025-11-21T02:37:49.006+0800][gc,start    ] GC(5) Pause Remark
[2025-11-21T02:37:49.009+0800][gc          ] GC(5) Pause Remark 26M->26M(1024M) 3.153ms
[2025-11-21T02:37:49.009+0800][gc,cpu      ] GC(5) User=0.00s Sys=0.00s Real=0.00s
[2025-11-21T02:37:49.009+0800][gc,marking  ] GC(5) Concurrent Mark 23.480ms
[2025-11-21T02:37:49.009+0800][gc,marking  ] GC(5) Concurrent Rebuild Remembered Sets
[2025-11-21T02:37:49.046+0800][gc,marking  ] GC(5) Concurrent Rebuild Remembered Sets 36.654ms
[2025-11-21T02:37:49.046+0800][gc,start    ] GC(5) Pause Cleanup
[2025-11-21T02:37:49.047+0800][gc          ] GC(5) Pause Cleanup 27M->27M(1024M) 0.646ms
[2025-11-21T02:37:49.047+0800][gc,cpu      ] GC(5) User=0.00s Sys=0.00s Real=0.00s
[2025-11-21T02:37:49.047+0800][gc,marking  ] GC(5) Concurrent Cleanup for Next Mark
[2025-11-21T02:37:49.164+0800][gc,marking  ] GC(5) Concurrent Cleanup for Next Mark 117.308ms
[2025-11-21T02:37:49.165+0800][gc          ] GC(5) Concurrent Mark Cycle 211.416ms
[2025-11-21T02:38:18.224+0800][gc,start    ] GC(6) Pause Young (Normal) (G1 Evacuation Pause)
[2025-11-21T02:38:18.224+0800][gc,task     ] GC(6) Using 2 workers of 2 for evacuation
[2025-11-21T02:38:18.233+0800][gc,phases   ] GC(6)   Pre Evacuate Collection Set: 0.2ms
[2025-11-21T02:38:18.233+0800][gc,phases   ] GC(6)   Merge Heap Roots: 0.3ms
[2025-11-21T02:38:18.233+0800][gc,phases   ] GC(6)   Evacuate Collection Set: 7.2ms
[2025-11-21T02:38:18.233+0800][gc,phases   ] GC(6)   Post Evacuate Collection Set: 1.1ms
[2025-11-21T02:38:18.233+0800][gc,phases   ] GC(6)   Other: 0.1ms
[2025-11-21T02:38:18.233+0800][gc,heap     ] GC(6) Eden regions: 50->0(44)
[2025-11-21T02:38:18.233+0800][gc,heap     ] GC(6) Survivor regions: 1->7(7)
[2025-11-21T02:38:18.233+0800][gc,heap     ] GC(6) Old regions: 14->15
[2025-11-21T02:38:18.233+0800][gc,heap     ] GC(6) Archive regions: 2->2
[2025-11-21T02:38:18.233+0800][gc,heap     ] GC(6) Humongous regions: 138->138
[2025-11-21T02:38:18.233+0800][gc,metaspace] GC(6) Metaspace: 42976K(43648K)->42976K(43648K) NonClass: 37897K(38272K)->37897K(38272K) Class: 5079K(5376K)->5079K(5376K)
[2025-11-21T02:38:18.233+0800][gc          ] GC(6) Pause Young (Normal) (G1 Evacuation Pause) 203M->160M(1024M) 8.941ms
[2025-11-21T02:38:18.233+0800][gc,cpu      ] GC(6) User=0.01s Sys=0.01s Real=0.01s
[2025-11-21T02:45:45.987+0800][gc,start    ] GC(7) Pause Young (Normal) (G1 Evacuation Pause)
[2025-11-21T02:45:45.987+0800][gc,task     ] GC(7) Using 2 workers of 2 for evacuation
[2025-11-21T02:45:46.028+0800][gc,mmu      ] GC(7) MMU target violated: 21.0ms (20.0ms/21.0ms)
[2025-11-21T02:45:46.028+0800][gc,phases   ] GC(7)   Pre Evacuate Collection Set: 1.1ms
[2025-11-21T02:45:46.028+0800][gc,phases   ] GC(7)   Merge Heap Roots: 0.7ms
[2025-11-21T02:45:46.029+0800][gc,phases   ] GC(7)   Evacuate Collection Set: 31.1ms
[2025-11-21T02:45:46.030+0800][gc,phases   ] GC(7)   Post Evacuate Collection Set: 7.3ms
[2025-11-21T02:45:46.033+0800][gc,phases   ] GC(7)   Other: 0.5ms
[2025-11-21T02:45:46.038+0800][gc,heap     ] GC(7) Eden regions: 44->0(49)
[2025-11-21T02:45:46.038+0800][gc,heap     ] GC(7) Survivor regions: 7->2(7)
[2025-11-21T02:45:46.038+0800][gc,heap     ] GC(7) Old regions: 15->22
[2025-11-21T02:45:46.038+0800][gc,heap     ] GC(7) Archive regions: 2->2
[2025-11-21T02:45:46.038+0800][gc,heap     ] GC(7) Humongous regions: 138->138
[2025-11-21T02:45:46.038+0800][gc,metaspace] GC(7) Metaspace: 46282K(47232K)->46282K(47232K) NonClass: 40776K(41280K)->40776K(41280K) Class: 5505K(5952K)->5505K(5952K)
[2025-11-21T02:45:46.038+0800][gc          ] GC(7) Pause Young (Normal) (G1 Evacuation Pause) 204M->162M(1024M) 50.761ms
[2025-11-21T02:45:46.038+0800][gc,cpu      ] GC(7) User=0.04s Sys=0.04s Real=0.05s
