[2025-11-20T15:07:42.091+0800][gc] Using G1
[2025-11-20T15:07:42.101+0800][gc,init] Version: 17.0.16+8-Ubuntu-0ubuntu124.04.1 (release)
[2025-11-20T15:07:42.101+0800][gc,init] CPUs: 2 total, 2 available
[2025-11-20T15:07:42.101+0800][gc,init] Memory: 5024M
[2025-11-20T15:07:42.101+0800][gc,init] Large Page Support: Disabled
[2025-11-20T15:07:42.101+0800][gc,init] NUMA Support: Disabled
[2025-11-20T15:07:42.101+0800][gc,init] Compressed Oops: Enabled (32-bit)
[2025-11-20T15:07:42.101+0800][gc,init] Heap Region Size: 1M
[2025-11-20T15:07:42.101+0800][gc,init] Heap Min Capacity: 1G
[2025-11-20T15:07:42.101+0800][gc,init] Heap Initial Capacity: 1G
[2025-11-20T15:07:42.101+0800][gc,init] Heap Max Capacity: 1G
[2025-11-20T15:07:42.101+0800][gc,init] Pre-touch: Disabled
[2025-11-20T15:07:42.101+0800][gc,init] Parallel Workers: 2
[2025-11-20T15:07:42.101+0800][gc,init] Concurrent Workers: 1
[2025-11-20T15:07:42.101+0800][gc,init] Concurrent Refinement Workers: 2
[2025-11-20T15:07:42.101+0800][gc,init] Periodic GC: Disabled
[2025-11-20T15:07:42.117+0800][gc,metaspace] CDS archive(s) mapped at: [0x00007066bf000000-0x00007066bfbca000-0x00007066bfbca000), size 12361728, SharedBaseAddress: 0x00007066bf000000, ArchiveRelocationMode: 1.
[2025-11-20T15:07:42.117+0800][gc,metaspace] Compressed class space mapped at: 0x00007066c0000000-0x0000706700000000, reserved size: 1073741824
[2025-11-20T15:07:42.119+0800][gc,metaspace] Narrow klass base: 0x00007066bf000000, Narrow klass shift: 0, Narrow klass range: 0x100000000
[2025-11-20T15:07:43.542+0800][gc,start    ] GC(0) Pause Young (Normal) (G1 Evacuation Pause)
[2025-11-20T15:07:43.543+0800][gc,task     ] GC(0) Using 2 workers of 2 for evacuation
[2025-11-20T15:07:43.552+0800][gc,phases   ] GC(0)   Pre Evacuate Collection Set: 0.2ms
[2025-11-20T15:07:43.552+0800][gc,phases   ] GC(0)   Merge Heap Roots: 0.6ms
[2025-11-20T15:07:43.552+0800][gc,phases   ] GC(0)   Evacuate Collection Set: 7.0ms
[2025-11-20T15:07:43.553+0800][gc,phases   ] GC(0)   Post Evacuate Collection Set: 1.5ms
[2025-11-20T15:07:43.553+0800][gc,phases   ] GC(0)   Other: 1.0ms
[2025-11-20T15:07:43.553+0800][gc,heap     ] GC(0) Eden regions: 51->0(44)
[2025-11-20T15:07:43.553+0800][gc,heap     ] GC(0) Survivor regions: 0->7(7)
[2025-11-20T15:07:43.553+0800][gc,heap     ] GC(0) Old regions: 0->2
[2025-11-20T15:07:43.553+0800][gc,heap     ] GC(0) Archive regions: 2->2
[2025-11-20T15:07:43.553+0800][gc,heap     ] GC(0) Humongous regions: 0->0
[2025-11-20T15:07:43.553+0800][gc,metaspace] GC(0) Metaspace: 16198K(16384K)->16198K(16384K) NonClass: 14292K(14400K)->14292K(14400K) Class: 1906K(1984K)->1906K(1984K)
[2025-11-20T15:07:43.553+0800][gc          ] GC(0) Pause Young (Normal) (G1 Evacuation Pause) 51M->9M(1024M) 10.413ms
[2025-11-20T15:07:43.553+0800][gc,cpu      ] GC(0) User=0.01s Sys=0.01s Real=0.01s
[2025-11-20T15:07:43.951+0800][gc,start    ] GC(1) Pause Young (Concurrent Start) (Metadata GC Threshold)
[2025-11-20T15:07:43.951+0800][gc,task     ] GC(1) Using 2 workers of 2 for evacuation
[2025-11-20T15:07:43.969+0800][gc,phases   ] GC(1)   Pre Evacuate Collection Set: 0.1ms
[2025-11-20T15:07:43.969+0800][gc,phases   ] GC(1)   Merge Heap Roots: 0.4ms
[2025-11-20T15:07:43.969+0800][gc,phases   ] GC(1)   Evacuate Collection Set: 16.2ms
[2025-11-20T15:07:43.969+0800][gc,phases   ] GC(1)   Post Evacuate Collection Set: 1.5ms
[2025-11-20T15:07:43.969+0800][gc,phases   ] GC(1)   Other: 0.2ms
[2025-11-20T15:07:43.969+0800][gc,heap     ] GC(1) Eden regions: 17->0(49)
[2025-11-20T15:07:43.969+0800][gc,heap     ] GC(1) Survivor regions: 7->2(7)
[2025-11-20T15:07:43.969+0800][gc,heap     ] GC(1) Old regions: 2->8
[2025-11-20T15:07:43.969+0800][gc,heap     ] GC(1) Archive regions: 2->2
[2025-11-20T15:07:43.969+0800][gc,heap     ] GC(1) Humongous regions: 0->0
[2025-11-20T15:07:43.969+0800][gc,metaspace] GC(1) Metaspace: 21254K(21504K)->21254K(21504K) NonClass: 18595K(18688K)->18595K(18688K) Class: 2658K(2816K)->2658K(2816K)
[2025-11-20T15:07:43.969+0800][gc          ] GC(1) Pause Young (Concurrent Start) (Metadata GC Threshold) 26M->10M(1024M) 18.452ms
[2025-11-20T15:07:43.969+0800][gc,cpu      ] GC(1) User=0.01s Sys=0.01s Real=0.02s
[2025-11-20T15:07:43.969+0800][gc          ] GC(2) Concurrent Mark Cycle
[2025-11-20T15:07:43.970+0800][gc,marking  ] GC(2) Concurrent Clear Claimed Marks
[2025-11-20T15:07:43.970+0800][gc,marking  ] GC(2) Concurrent Clear Claimed Marks 0.027ms
[2025-11-20T15:07:43.970+0800][gc,marking  ] GC(2) Concurrent Scan Root Regions
[2025-11-20T15:07:43.986+0800][gc,marking  ] GC(2) Concurrent Scan Root Regions 15.962ms
[2025-11-20T15:07:43.986+0800][gc,marking  ] GC(2) Concurrent Mark
[2025-11-20T15:07:43.986+0800][gc,marking  ] GC(2) Concurrent Mark From Roots
[2025-11-20T15:07:43.986+0800][gc,task     ] GC(2) Using 1 workers of 1 for marking
[2025-11-20T15:07:44.008+0800][gc,marking  ] GC(2) Concurrent Mark From Roots 22.777ms
[2025-11-20T15:07:44.008+0800][gc,marking  ] GC(2) Concurrent Preclean
[2025-11-20T15:07:44.009+0800][gc,marking  ] GC(2) Concurrent Preclean 0.490ms
[2025-11-20T15:07:44.009+0800][gc,start    ] GC(2) Pause Remark
[2025-11-20T15:07:44.013+0800][gc          ] GC(2) Pause Remark 10M->10M(1024M) 4.182ms
[2025-11-20T15:07:44.013+0800][gc,cpu      ] GC(2) User=0.00s Sys=0.00s Real=0.00s
[2025-11-20T15:07:44.015+0800][gc,marking  ] GC(2) Concurrent Mark 29.677ms
[2025-11-20T15:07:44.015+0800][gc,marking  ] GC(2) Concurrent Rebuild Remembered Sets
[2025-11-20T15:07:44.015+0800][gc,marking  ] GC(2) Concurrent Rebuild Remembered Sets 0.005ms
[2025-11-20T15:07:44.022+0800][gc,start    ] GC(2) Pause Cleanup
[2025-11-20T15:07:44.022+0800][gc          ] GC(2) Pause Cleanup 10M->10M(1024M) 0.051ms
[2025-11-20T15:07:44.022+0800][gc,cpu      ] GC(2) User=0.00s Sys=0.00s Real=0.00s
[2025-11-20T15:07:44.024+0800][gc,marking  ] GC(2) Concurrent Cleanup for Next Mark
[2025-11-20T15:07:44.037+0800][gc,marking  ] GC(2) Concurrent Cleanup for Next Mark 13.908ms
[2025-11-20T15:07:44.037+0800][gc          ] GC(2) Concurrent Mark Cycle 68.270ms
[2025-11-20T15:07:45.763+0800][gc,start    ] GC(3) Pause Young (Normal) (G1 Evacuation Pause)
[2025-11-20T15:07:45.763+0800][gc,task     ] GC(3) Using 2 workers of 2 for evacuation
[2025-11-20T15:07:45.775+0800][gc,phases   ] GC(3)   Pre Evacuate Collection Set: 0.2ms
[2025-11-20T15:07:45.775+0800][gc,phases   ] GC(3)   Merge Heap Roots: 0.0ms
[2025-11-20T15:07:45.775+0800][gc,phases   ] GC(3)   Evacuate Collection Set: 9.7ms
[2025-11-20T15:07:45.775+0800][gc,phases   ] GC(3)   Post Evacuate Collection Set: 1.9ms
[2025-11-20T15:07:45.775+0800][gc,phases   ] GC(3)   Other: 0.1ms
[2025-11-20T15:07:45.775+0800][gc,heap     ] GC(3) Eden regions: 49->0(45)
[2025-11-20T15:07:45.775+0800][gc,heap     ] GC(3) Survivor regions: 2->6(7)
[2025-11-20T15:07:45.775+0800][gc,heap     ] GC(3) Old regions: 8->8
[2025-11-20T15:07:45.775+0800][gc,heap     ] GC(3) Archive regions: 2->2
[2025-11-20T15:07:45.775+0800][gc,heap     ] GC(3) Humongous regions: 9->9
[2025-11-20T15:07:45.775+0800][gc,metaspace] GC(3) Metaspace: 33372K(33792K)->33372K(33792K) NonClass: 29458K(29696K)->29458K(29696K) Class: 3914K(4096K)->3914K(4096K)
[2025-11-20T15:07:45.775+0800][gc          ] GC(3) Pause Young (Normal) (G1 Evacuation Pause) 68M->23M(1024M) 12.015ms
[2025-11-20T15:07:45.775+0800][gc,cpu      ] GC(3) User=0.01s Sys=0.01s Real=0.01s
[2025-11-20T15:07:46.057+0800][gc,start    ] GC(4) Pause Young (Concurrent Start) (Metadata GC Threshold)
[2025-11-20T15:07:46.057+0800][gc,task     ] GC(4) Using 2 workers of 2 for evacuation
[2025-11-20T15:07:46.069+0800][gc,phases   ] GC(4)   Pre Evacuate Collection Set: 0.5ms
[2025-11-20T15:07:46.069+0800][gc,phases   ] GC(4)   Merge Heap Roots: 0.3ms
[2025-11-20T15:07:46.069+0800][gc,phases   ] GC(4)   Evacuate Collection Set: 9.7ms
[2025-11-20T15:07:46.069+0800][gc,phases   ] GC(4)   Post Evacuate Collection Set: 0.8ms
[2025-11-20T15:07:46.069+0800][gc,phases   ] GC(4)   Other: 0.4ms
[2025-11-20T15:07:46.069+0800][gc,heap     ] GC(4) Eden regions: 13->0(50)
[2025-11-20T15:07:46.069+0800][gc,heap     ] GC(4) Survivor regions: 6->1(7)
[2025-11-20T15:07:46.069+0800][gc,heap     ] GC(4) Old regions: 8->14
[2025-11-20T15:07:46.069+0800][gc,heap     ] GC(4) Archive regions: 2->2
[2025-11-20T15:07:46.069+0800][gc,heap     ] GC(4) Humongous regions: 9->9
[2025-11-20T15:07:46.069+0800][gc,metaspace] GC(4) Metaspace: 35653K(36096K)->35653K(36096K) NonClass: 31463K(31680K)->31463K(31680K) Class: 4190K(4416K)->4190K(4416K)
[2025-11-20T15:07:46.069+0800][gc          ] GC(4) Pause Young (Concurrent Start) (Metadata GC Threshold) 36M->24M(1024M) 11.835ms
[2025-11-20T15:07:46.069+0800][gc,cpu      ] GC(4) User=0.01s Sys=0.01s Real=0.00s
[2025-11-20T15:07:46.069+0800][gc          ] GC(5) Concurrent Mark Cycle
[2025-11-20T15:07:46.069+0800][gc,marking  ] GC(5) Concurrent Clear Claimed Marks
[2025-11-20T15:07:46.070+0800][gc,marking  ] GC(5) Concurrent Clear Claimed Marks 0.064ms
[2025-11-20T15:07:46.070+0800][gc,marking  ] GC(5) Concurrent Scan Root Regions
[2025-11-20T15:07:46.081+0800][gc,marking  ] GC(5) Concurrent Scan Root Regions 11.861ms
[2025-11-20T15:07:46.081+0800][gc,marking  ] GC(5) Concurrent Mark
[2025-11-20T15:07:46.081+0800][gc,marking  ] GC(5) Concurrent Mark From Roots
[2025-11-20T15:07:46.081+0800][gc,task     ] GC(5) Using 1 workers of 1 for marking
[2025-11-20T15:07:46.122+0800][gc,marking  ] GC(5) Concurrent Mark From Roots 40.505ms
[2025-11-20T15:07:46.122+0800][gc,marking  ] GC(5) Concurrent Preclean
[2025-11-20T15:07:46.122+0800][gc,marking  ] GC(5) Concurrent Preclean 0.157ms
[2025-11-20T15:07:46.123+0800][gc,start    ] GC(5) Pause Remark
[2025-11-20T15:07:46.142+0800][gc          ] GC(5) Pause Remark 26M->26M(1024M) 19.417ms
[2025-11-20T15:07:46.142+0800][gc,cpu      ] GC(5) User=0.00s Sys=0.01s Real=0.02s
[2025-11-20T15:07:46.143+0800][gc,marking  ] GC(5) Concurrent Mark 61.117ms
[2025-11-20T15:07:46.143+0800][gc,marking  ] GC(5) Concurrent Rebuild Remembered Sets
[2025-11-20T15:07:46.154+0800][gc,marking  ] GC(5) Concurrent Rebuild Remembered Sets 11.422ms
[2025-11-20T15:07:46.159+0800][gc,start    ] GC(5) Pause Cleanup
[2025-11-20T15:07:46.159+0800][gc          ] GC(5) Pause Cleanup 27M->27M(1024M) 0.347ms
[2025-11-20T15:07:46.159+0800][gc,cpu      ] GC(5) User=0.00s Sys=0.00s Real=0.00s
[2025-11-20T15:07:46.161+0800][gc,marking  ] GC(5) Concurrent Cleanup for Next Mark
[2025-11-20T15:07:46.183+0800][gc,marking  ] GC(5) Concurrent Cleanup for Next Mark 21.677ms
[2025-11-20T15:07:46.183+0800][gc          ] GC(5) Concurrent Mark Cycle 113.144ms
[2025-11-20T15:08:06.107+0800][gc,start    ] GC(6) Pause Young (Normal) (G1 Evacuation Pause)
[2025-11-20T15:08:06.107+0800][gc,task     ] GC(6) Using 2 workers of 2 for evacuation
[2025-11-20T15:08:06.131+0800][gc,mmu      ] GC(6) MMU target violated: 21.0ms (20.0ms/21.0ms)
[2025-11-20T15:08:06.131+0800][gc,phases   ] GC(6)   Pre Evacuate Collection Set: 1.5ms
[2025-11-20T15:08:06.131+0800][gc,phases   ] GC(6)   Merge Heap Roots: 1.4ms
[2025-11-20T15:08:06.131+0800][gc,phases   ] GC(6)   Evacuate Collection Set: 15.4ms
[2025-11-20T15:08:06.131+0800][gc,phases   ] GC(6)   Post Evacuate Collection Set: 5.2ms
[2025-11-20T15:08:06.131+0800][gc,phases   ] GC(6)   Other: 0.5ms
[2025-11-20T15:08:06.131+0800][gc,heap     ] GC(6) Eden regions: 50->0(44)
[2025-11-20T15:08:06.131+0800][gc,heap     ] GC(6) Survivor regions: 1->7(7)
[2025-11-20T15:08:06.131+0800][gc,heap     ] GC(6) Old regions: 14->15
[2025-11-20T15:08:06.131+0800][gc,heap     ] GC(6) Archive regions: 2->2
[2025-11-20T15:08:06.131+0800][gc,heap     ] GC(6) Humongous regions: 138->138
[2025-11-20T15:08:06.131+0800][gc,metaspace] GC(6) Metaspace: 42964K(43584K)->42964K(43584K) NonClass: 37882K(38208K)->37882K(38208K) Class: 5081K(5376K)->5081K(5376K)
[2025-11-20T15:08:06.131+0800][gc          ] GC(6) Pause Young (Normal) (G1 Evacuation Pause) 203M->160M(1024M) 23.996ms
[2025-11-20T15:08:06.131+0800][gc,cpu      ] GC(6) User=0.02s Sys=0.01s Real=0.02s
[2025-11-20T15:12:53.195+0800][gc,start    ] GC(7) Pause Young (Normal) (G1 Evacuation Pause)
[2025-11-20T15:12:53.196+0800][gc,task     ] GC(7) Using 2 workers of 2 for evacuation
[2025-11-20T15:12:53.206+0800][gc,phases   ] GC(7)   Pre Evacuate Collection Set: 0.8ms
[2025-11-20T15:12:53.206+0800][gc,phases   ] GC(7)   Merge Heap Roots: 0.2ms
[2025-11-20T15:12:53.206+0800][gc,phases   ] GC(7)   Evacuate Collection Set: 7.9ms
[2025-11-20T15:12:53.206+0800][gc,phases   ] GC(7)   Post Evacuate Collection Set: 1.4ms
[2025-11-20T15:12:53.206+0800][gc,phases   ] GC(7)   Other: 0.2ms
[2025-11-20T15:12:53.206+0800][gc,heap     ] GC(7) Eden regions: 44->0(49)
[2025-11-20T15:12:53.206+0800][gc,heap     ] GC(7) Survivor regions: 7->2(7)
[2025-11-20T15:12:53.206+0800][gc,heap     ] GC(7) Old regions: 15->19
[2025-11-20T15:12:53.206+0800][gc,heap     ] GC(7) Archive regions: 2->2
[2025-11-20T15:12:53.206+0800][gc,heap     ] GC(7) Humongous regions: 138->9
[2025-11-20T15:12:53.206+0800][gc,metaspace] GC(7) Metaspace: 47142K(48064K)->47142K(48064K) NonClass: 41454K(41920K)->41454K(41920K) Class: 5688K(6144K)->5688K(6144K)
[2025-11-20T15:12:53.206+0800][gc          ] GC(7) Pause Young (Normal) (G1 Evacuation Pause) 204M->30M(1024M) 10.537ms
[2025-11-20T15:12:53.206+0800][gc,cpu      ] GC(7) User=0.01s Sys=0.01s Real=0.01s
[2025-11-20T15:12:53.470+0800][gc,heap,exit] Heap
[2025-11-20T15:12:53.471+0800][gc,heap,exit]  garbage-first heap   total 1048576K, used 38721K [0x00000000c0000000, 0x0000000100000000)
[2025-11-20T15:12:53.471+0800][gc,heap,exit]   region size 1024K, 9 young (9216K), 2 survivors (2048K)
[2025-11-20T15:12:53.471+0800][gc,heap,exit]  Metaspace       used 47300K, committed 48192K, reserved 1114112K
[2025-11-20T15:12:53.471+0800][gc,heap,exit]   class space    used 5728K, committed 6144K, reserved 1048576K
