[2025-11-22T12:29:37.966+0800][gc] Using G1
[2025-11-22T12:29:37.977+0800][gc,init] Version: 17.0.16+8-Ubuntu-0ubuntu124.04.1 (release)
[2025-11-22T12:29:37.977+0800][gc,init] CPUs: 2 total, 2 available
[2025-11-22T12:29:37.977+0800][gc,init] Memory: 5024M
[2025-11-22T12:29:37.977+0800][gc,init] Large Page Support: Disabled
[2025-11-22T12:29:37.977+0800][gc,init] NUMA Support: Disabled
[2025-11-22T12:29:37.977+0800][gc,init] Compressed Oops: Enabled (32-bit)
[2025-11-22T12:29:37.977+0800][gc,init] Heap Region Size: 1M
[2025-11-22T12:29:37.977+0800][gc,init] Heap Min Capacity: 1G
[2025-11-22T12:29:37.977+0800][gc,init] Heap Initial Capacity: 1G
[2025-11-22T12:29:37.977+0800][gc,init] Heap Max Capacity: 1G
[2025-11-22T12:29:37.977+0800][gc,init] Pre-touch: Disabled
[2025-11-22T12:29:37.977+0800][gc,init] Parallel Workers: 2
[2025-11-22T12:29:37.977+0800][gc,init] Concurrent Workers: 1
[2025-11-22T12:29:37.977+0800][gc,init] Concurrent Refinement Workers: 2
[2025-11-22T12:29:37.977+0800][gc,init] Periodic GC: Disabled
[2025-11-22T12:29:37.986+0800][gc,metaspace] CDS archive(s) mapped at: [0x00007749b7000000-0x00007749b7bca000-0x00007749b7bca000), size 12361728, SharedBaseAddress: 0x00007749b7000000, ArchiveRelocationMode: 1.
[2025-11-22T12:29:37.986+0800][gc,metaspace] Compressed class space mapped at: 0x00007749b8000000-0x00007749f8000000, reserved size: 1073741824
[2025-11-22T12:29:37.987+0800][gc,metaspace] Narrow klass base: 0x00007749b7000000, Narrow klass shift: 0, Narrow klass range: 0x100000000
[2025-11-22T12:29:38.995+0800][gc,start    ] GC(0) Pause Young (Normal) (G1 Evacuation Pause)
[2025-11-22T12:29:38.995+0800][gc,task     ] GC(0) Using 2 workers of 2 for evacuation
[2025-11-22T12:29:39.008+0800][gc,phases   ] GC(0)   Pre Evacuate Collection Set: 0.2ms
[2025-11-22T12:29:39.008+0800][gc,phases   ] GC(0)   Merge Heap Roots: 0.3ms
[2025-11-22T12:29:39.008+0800][gc,phases   ] GC(0)   Evacuate Collection Set: 10.2ms
[2025-11-22T12:29:39.008+0800][gc,phases   ] GC(0)   Post Evacuate Collection Set: 2.6ms
[2025-11-22T12:29:39.008+0800][gc,phases   ] GC(0)   Other: 0.6ms
[2025-11-22T12:29:39.009+0800][gc,heap     ] GC(0) Eden regions: 51->0(44)
[2025-11-22T12:29:39.009+0800][gc,heap     ] GC(0) Survivor regions: 0->7(7)
[2025-11-22T12:29:39.009+0800][gc,heap     ] GC(0) Old regions: 0->2
[2025-11-22T12:29:39.009+0800][gc,heap     ] GC(0) Archive regions: 2->2
[2025-11-22T12:29:39.009+0800][gc,heap     ] GC(0) Humongous regions: 0->0
[2025-11-22T12:29:39.009+0800][gc,metaspace] GC(0) Metaspace: 16000K(16192K)->16000K(16192K) NonClass: 14107K(14208K)->14107K(14208K) Class: 1893K(1984K)->1893K(1984K)
[2025-11-22T12:29:39.009+0800][gc          ] GC(0) Pause Young (Normal) (G1 Evacuation Pause) 51M->9M(1024M) 13.915ms
[2025-11-22T12:29:39.009+0800][gc,cpu      ] GC(0) User=0.00s Sys=0.01s Real=0.02s
[2025-11-22T12:29:39.386+0800][gc,start    ] GC(1) Pause Young (Concurrent Start) (Metadata GC Threshold)
[2025-11-22T12:29:39.386+0800][gc,task     ] GC(1) Using 2 workers of 2 for evacuation
[2025-11-22T12:29:39.394+0800][gc,phases   ] GC(1)   Pre Evacuate Collection Set: 0.2ms
[2025-11-22T12:29:39.394+0800][gc,phases   ] GC(1)   Merge Heap Roots: 0.0ms
[2025-11-22T12:29:39.394+0800][gc,phases   ] GC(1)   Evacuate Collection Set: 6.3ms
[2025-11-22T12:29:39.394+0800][gc,phases   ] GC(1)   Post Evacuate Collection Set: 1.0ms
[2025-11-22T12:29:39.394+0800][gc,phases   ] GC(1)   Other: 0.1ms
[2025-11-22T12:29:39.394+0800][gc,heap     ] GC(1) Eden regions: 18->0(49)
[2025-11-22T12:29:39.394+0800][gc,heap     ] GC(1) Survivor regions: 7->2(7)
[2025-11-22T12:29:39.394+0800][gc,heap     ] GC(1) Old regions: 2->9
[2025-11-22T12:29:39.394+0800][gc,heap     ] GC(1) Archive regions: 2->2
[2025-11-22T12:29:39.394+0800][gc,heap     ] GC(1) Humongous regions: 0->0
[2025-11-22T12:29:39.394+0800][gc,metaspace] GC(1) Metaspace: 21226K(21504K)->21226K(21504K) NonClass: 18563K(18688K)->18563K(18688K) Class: 2663K(2816K)->2663K(2816K)
[2025-11-22T12:29:39.394+0800][gc          ] GC(1) Pause Young (Concurrent Start) (Metadata GC Threshold) 26M->10M(1024M) 7.799ms
[2025-11-22T12:29:39.394+0800][gc,cpu      ] GC(1) User=0.01s Sys=0.01s Real=0.00s
[2025-11-22T12:29:39.394+0800][gc          ] GC(2) Concurrent Mark Cycle
[2025-11-22T12:29:39.394+0800][gc,marking  ] GC(2) Concurrent Clear Claimed Marks
[2025-11-22T12:29:39.394+0800][gc,marking  ] GC(2) Concurrent Clear Claimed Marks 0.018ms
[2025-11-22T12:29:39.394+0800][gc,marking  ] GC(2) Concurrent Scan Root Regions
[2025-11-22T12:29:39.403+0800][gc,marking  ] GC(2) Concurrent Scan Root Regions 8.895ms
[2025-11-22T12:29:39.403+0800][gc,marking  ] GC(2) Concurrent Mark
[2025-11-22T12:29:39.403+0800][gc,marking  ] GC(2) Concurrent Mark From Roots
[2025-11-22T12:29:39.403+0800][gc,task     ] GC(2) Using 1 workers of 1 for marking
[2025-11-22T12:29:39.409+0800][gc,marking  ] GC(2) Concurrent Mark From Roots 5.466ms
[2025-11-22T12:29:39.409+0800][gc,marking  ] GC(2) Concurrent Preclean
[2025-11-22T12:29:39.409+0800][gc,marking  ] GC(2) Concurrent Preclean 0.032ms
[2025-11-22T12:29:39.409+0800][gc,start    ] GC(2) Pause Remark
[2025-11-22T12:29:39.412+0800][gc          ] GC(2) Pause Remark 11M->11M(1024M) 2.968ms
[2025-11-22T12:29:39.412+0800][gc,cpu      ] GC(2) User=0.01s Sys=0.00s Real=0.00s
[2025-11-22T12:29:39.412+0800][gc,marking  ] GC(2) Concurrent Mark 8.754ms
[2025-11-22T12:29:39.412+0800][gc,marking  ] GC(2) Concurrent Rebuild Remembered Sets
[2025-11-22T12:29:39.418+0800][gc,marking  ] GC(2) Concurrent Rebuild Remembered Sets 6.458ms
[2025-11-22T12:29:39.419+0800][gc,start    ] GC(2) Pause Cleanup
[2025-11-22T12:29:39.419+0800][gc          ] GC(2) Pause Cleanup 11M->11M(1024M) 0.208ms
[2025-11-22T12:29:39.419+0800][gc,cpu      ] GC(2) User=0.00s Sys=0.00s Real=0.00s
[2025-11-22T12:29:39.421+0800][gc,marking  ] GC(2) Concurrent Cleanup for Next Mark
[2025-11-22T12:29:39.432+0800][gc,marking  ] GC(2) Concurrent Cleanup for Next Mark 11.038ms
[2025-11-22T12:29:39.432+0800][gc          ] GC(2) Concurrent Mark Cycle 37.773ms
[2025-11-22T12:29:40.566+0800][gc,start    ] GC(3) Pause Young (Normal) (G1 Evacuation Pause)
[2025-11-22T12:29:40.566+0800][gc,task     ] GC(3) Using 2 workers of 2 for evacuation
[2025-11-22T12:29:40.575+0800][gc,phases   ] GC(3)   Pre Evacuate Collection Set: 0.5ms
[2025-11-22T12:29:40.575+0800][gc,phases   ] GC(3)   Merge Heap Roots: 0.5ms
[2025-11-22T12:29:40.575+0800][gc,phases   ] GC(3)   Evacuate Collection Set: 6.4ms
[2025-11-22T12:29:40.575+0800][gc,phases   ] GC(3)   Post Evacuate Collection Set: 1.3ms
[2025-11-22T12:29:40.575+0800][gc,phases   ] GC(3)   Other: 0.1ms
[2025-11-22T12:29:40.575+0800][gc,heap     ] GC(3) Eden regions: 49->0(45)
[2025-11-22T12:29:40.575+0800][gc,heap     ] GC(3) Survivor regions: 2->6(7)
[2025-11-22T12:29:40.575+0800][gc,heap     ] GC(3) Old regions: 9->9
[2025-11-22T12:29:40.575+0800][gc,heap     ] GC(3) Archive regions: 2->2
[2025-11-22T12:29:40.575+0800][gc,heap     ] GC(3) Humongous regions: 9->9
[2025-11-22T12:29:40.575+0800][gc,metaspace] GC(3) Metaspace: 33588K(33984K)->33588K(33984K) NonClass: 29633K(29824K)->29633K(29824K) Class: 3954K(4160K)->3954K(4160K)
[2025-11-22T12:29:40.575+0800][gc          ] GC(3) Pause Young (Normal) (G1 Evacuation Pause) 68M->23M(1024M) 8.977ms
[2025-11-22T12:29:40.575+0800][gc,cpu      ] GC(3) User=0.00s Sys=0.01s Real=0.01s
[2025-11-22T12:29:40.874+0800][gc,start    ] GC(4) Pause Young (Concurrent Start) (Metadata GC Threshold)
[2025-11-22T12:29:40.874+0800][gc,task     ] GC(4) Using 2 workers of 2 for evacuation
[2025-11-22T12:29:40.889+0800][gc,phases   ] GC(4)   Pre Evacuate Collection Set: 0.4ms
[2025-11-22T12:29:40.889+0800][gc,phases   ] GC(4)   Merge Heap Roots: 0.0ms
[2025-11-22T12:29:40.889+0800][gc,phases   ] GC(4)   Evacuate Collection Set: 14.1ms
[2025-11-22T12:29:40.889+0800][gc,phases   ] GC(4)   Post Evacuate Collection Set: 0.5ms
[2025-11-22T12:29:40.889+0800][gc,phases   ] GC(4)   Other: 0.1ms
[2025-11-22T12:29:40.889+0800][gc,heap     ] GC(4) Eden regions: 11->0(50)
[2025-11-22T12:29:40.889+0800][gc,heap     ] GC(4) Survivor regions: 6->1(7)
[2025-11-22T12:29:40.889+0800][gc,heap     ] GC(4) Old regions: 9->14
[2025-11-22T12:29:40.889+0800][gc,heap     ] GC(4) Archive regions: 2->2
[2025-11-22T12:29:40.889+0800][gc,heap     ] GC(4) Humongous regions: 9->9
[2025-11-22T12:29:40.889+0800][gc,metaspace] GC(4) Metaspace: 35667K(36096K)->35667K(36096K) NonClass: 31470K(31680K)->31470K(31680K) Class: 4196K(4416K)->4196K(4416K)
[2025-11-22T12:29:40.889+0800][gc          ] GC(4) Pause Young (Concurrent Start) (Metadata GC Threshold) 34M->24M(1024M) 15.223ms
[2025-11-22T12:29:40.889+0800][gc,cpu      ] GC(4) User=0.02s Sys=0.01s Real=0.03s
[2025-11-22T12:29:40.898+0800][gc          ] GC(5) Concurrent Mark Cycle
[2025-11-22T12:29:40.898+0800][gc,marking  ] GC(5) Concurrent Clear Claimed Marks
[2025-11-22T12:29:40.898+0800][gc,marking  ] GC(5) Concurrent Clear Claimed Marks 0.048ms
[2025-11-22T12:29:40.898+0800][gc,marking  ] GC(5) Concurrent Scan Root Regions
[2025-11-22T12:29:40.909+0800][gc,marking  ] GC(5) Concurrent Scan Root Regions 10.443ms
[2025-11-22T12:29:40.910+0800][gc,marking  ] GC(5) Concurrent Mark
[2025-11-22T12:29:40.910+0800][gc,marking  ] GC(5) Concurrent Mark From Roots
[2025-11-22T12:29:40.910+0800][gc,task     ] GC(5) Using 1 workers of 1 for marking
[2025-11-22T12:29:40.944+0800][gc,marking  ] GC(5) Concurrent Mark From Roots 34.472ms
[2025-11-22T12:29:40.944+0800][gc,marking  ] GC(5) Concurrent Preclean
[2025-11-22T12:29:40.944+0800][gc,marking  ] GC(5) Concurrent Preclean 0.071ms
[2025-11-22T12:29:40.945+0800][gc,start    ] GC(5) Pause Remark
[2025-11-22T12:29:40.957+0800][gc          ] GC(5) Pause Remark 26M->26M(1024M) 11.999ms
[2025-11-22T12:29:40.957+0800][gc,cpu      ] GC(5) User=0.01s Sys=0.01s Real=0.01s
[2025-11-22T12:29:40.962+0800][gc,marking  ] GC(5) Concurrent Mark 51.745ms
[2025-11-22T12:29:40.962+0800][gc,marking  ] GC(5) Concurrent Rebuild Remembered Sets
[2025-11-22T12:29:40.971+0800][gc,marking  ] GC(5) Concurrent Rebuild Remembered Sets 9.027ms
[2025-11-22T12:29:40.972+0800][gc,start    ] GC(5) Pause Cleanup
[2025-11-22T12:29:40.972+0800][gc          ] GC(5) Pause Cleanup 26M->26M(1024M) 0.304ms
[2025-11-22T12:29:40.972+0800][gc,cpu      ] GC(5) User=0.00s Sys=0.00s Real=0.00s
[2025-11-22T12:29:40.972+0800][gc,marking  ] GC(5) Concurrent Cleanup for Next Mark
[2025-11-22T12:29:40.983+0800][gc,marking  ] GC(5) Concurrent Cleanup for Next Mark 11.143ms
[2025-11-22T12:29:40.983+0800][gc          ] GC(5) Concurrent Mark Cycle 84.832ms
[2025-11-22T12:30:07.180+0800][gc,start    ] GC(6) Pause Young (Prepare Mixed) (G1 Evacuation Pause)
[2025-11-22T12:30:07.180+0800][gc,task     ] GC(6) Using 2 workers of 2 for evacuation
[2025-11-22T12:30:07.201+0800][gc,mmu      ] GC(6) MMU target violated: 21.0ms (20.0ms/21.0ms)
[2025-11-22T12:30:07.201+0800][gc,phases   ] GC(6)   Pre Evacuate Collection Set: 0.6ms
[2025-11-22T12:30:07.201+0800][gc,phases   ] GC(6)   Merge Heap Roots: 1.6ms
[2025-11-22T12:30:07.201+0800][gc,phases   ] GC(6)   Evacuate Collection Set: 15.1ms
[2025-11-22T12:30:07.201+0800][gc,phases   ] GC(6)   Post Evacuate Collection Set: 4.2ms
[2025-11-22T12:30:07.201+0800][gc,phases   ] GC(6)   Other: 0.3ms
[2025-11-22T12:30:07.201+0800][gc,heap     ] GC(6) Eden regions: 50->0(44)
[2025-11-22T12:30:07.201+0800][gc,heap     ] GC(6) Survivor regions: 1->7(7)
[2025-11-22T12:30:07.201+0800][gc,heap     ] GC(6) Old regions: 14->16
[2025-11-22T12:30:07.201+0800][gc,heap     ] GC(6) Archive regions: 2->2
[2025-11-22T12:30:07.201+0800][gc,heap     ] GC(6) Humongous regions: 138->138
[2025-11-22T12:30:07.201+0800][gc,metaspace] GC(6) Metaspace: 42971K(43648K)->42971K(43648K) NonClass: 37894K(38272K)->37894K(38272K) Class: 5077K(5376K)->5077K(5376K)
[2025-11-22T12:30:07.201+0800][gc          ] GC(6) Pause Young (Prepare Mixed) (G1 Evacuation Pause) 203M->161M(1024M) 21.750ms
[2025-11-22T12:30:07.201+0800][gc,cpu      ] GC(6) User=0.02s Sys=0.01s Real=0.02s
[2025-11-22T12:33:15.353+0800][gc,heap,exit] Heap
[2025-11-22T12:33:15.354+0800][gc,heap,exit]  garbage-first heap   total 1048576K, used 203327K [0x00000000c0000000, 0x0000000100000000)
[2025-11-22T12:33:15.354+0800][gc,heap,exit]   region size 1024K, 35 young (35840K), 7 survivors (7168K)
[2025-11-22T12:33:15.354+0800][gc,heap,exit]  Metaspace       used 45003K, committed 45696K, reserved 1114112K
[2025-11-22T12:33:15.354+0800][gc,heap,exit]   class space    used 5304K, committed 5632K, reserved 1048576K
