[2025-11-22T12:46:14.867+0800][gc] Using G1
[2025-11-22T12:46:14.877+0800][gc,init] Version: 17.0.16+8-Ubuntu-0ubuntu124.04.1 (release)
[2025-11-22T12:46:14.877+0800][gc,init] CPUs: 2 total, 2 available
[2025-11-22T12:46:14.877+0800][gc,init] Memory: 5024M
[2025-11-22T12:46:14.877+0800][gc,init] Large Page Support: Disabled
[2025-11-22T12:46:14.877+0800][gc,init] NUMA Support: Disabled
[2025-11-22T12:46:14.877+0800][gc,init] Compressed Oops: Enabled (32-bit)
[2025-11-22T12:46:14.877+0800][gc,init] Heap Region Size: 1M
[2025-11-22T12:46:14.877+0800][gc,init] Heap Min Capacity: 1G
[2025-11-22T12:46:14.877+0800][gc,init] Heap Initial Capacity: 1G
[2025-11-22T12:46:14.877+0800][gc,init] Heap Max Capacity: 1G
[2025-11-22T12:46:14.877+0800][gc,init] Pre-touch: Disabled
[2025-11-22T12:46:14.878+0800][gc,init] Parallel Workers: 2
[2025-11-22T12:46:14.878+0800][gc,init] Concurrent Workers: 1
[2025-11-22T12:46:14.878+0800][gc,init] Concurrent Refinement Workers: 2
[2025-11-22T12:46:14.878+0800][gc,init] Periodic GC: Disabled
[2025-11-22T12:46:14.885+0800][gc,metaspace] CDS archive(s) mapped at: [0x00007a2a53000000-0x00007a2a53bca000-0x00007a2a53bca000), size 12361728, SharedBaseAddress: 0x00007a2a53000000, ArchiveRelocationMode: 1.
[2025-11-22T12:46:14.885+0800][gc,metaspace] Compressed class space mapped at: 0x00007a2a54000000-0x00007a2a94000000, reserved size: 1073741824
[2025-11-22T12:46:14.886+0800][gc,metaspace] Narrow klass base: 0x00007a2a53000000, Narrow klass shift: 0, Narrow klass range: 0x100000000
[2025-11-22T12:46:15.769+0800][gc,start    ] GC(0) Pause Young (Normal) (G1 Evacuation Pause)
[2025-11-22T12:46:15.770+0800][gc,task     ] GC(0) Using 2 workers of 2 for evacuation
[2025-11-22T12:46:15.784+0800][gc,phases   ] GC(0)   Pre Evacuate Collection Set: 0.2ms
[2025-11-22T12:46:15.784+0800][gc,phases   ] GC(0)   Merge Heap Roots: 0.4ms
[2025-11-22T12:46:15.784+0800][gc,phases   ] GC(0)   Evacuate Collection Set: 13.4ms
[2025-11-22T12:46:15.784+0800][gc,phases   ] GC(0)   Post Evacuate Collection Set: 0.5ms
[2025-11-22T12:46:15.784+0800][gc,phases   ] GC(0)   Other: 1.0ms
[2025-11-22T12:46:15.784+0800][gc,heap     ] GC(0) Eden regions: 51->0(44)
[2025-11-22T12:46:15.784+0800][gc,heap     ] GC(0) Survivor regions: 0->7(7)
[2025-11-22T12:46:15.784+0800][gc,heap     ] GC(0) Old regions: 0->2
[2025-11-22T12:46:15.784+0800][gc,heap     ] GC(0) Archive regions: 2->2
[2025-11-22T12:46:15.784+0800][gc,heap     ] GC(0) Humongous regions: 0->0
[2025-11-22T12:46:15.784+0800][gc,metaspace] GC(0) Metaspace: 15903K(16128K)->15903K(16128K) NonClass: 14015K(14144K)->14015K(14144K) Class: 1887K(1984K)->1887K(1984K)
[2025-11-22T12:46:15.784+0800][gc          ] GC(0) Pause Young (Normal) (G1 Evacuation Pause) 51M->8M(1024M) 15.740ms
[2025-11-22T12:46:15.784+0800][gc,cpu      ] GC(0) User=0.00s Sys=0.00s Real=0.02s
[2025-11-22T12:46:16.092+0800][gc,start    ] GC(1) Pause Young (Concurrent Start) (Metadata GC Threshold)
[2025-11-22T12:46:16.092+0800][gc,task     ] GC(1) Using 2 workers of 2 for evacuation
[2025-11-22T12:46:16.106+0800][gc,phases   ] GC(1)   Pre Evacuate Collection Set: 0.1ms
[2025-11-22T12:46:16.106+0800][gc,phases   ] GC(1)   Merge Heap Roots: 0.0ms
[2025-11-22T12:46:16.106+0800][gc,phases   ] GC(1)   Evacuate Collection Set: 11.4ms
[2025-11-22T12:46:16.106+0800][gc,phases   ] GC(1)   Post Evacuate Collection Set: 1.9ms
[2025-11-22T12:46:16.106+0800][gc,phases   ] GC(1)   Other: 0.1ms
[2025-11-22T12:46:16.106+0800][gc,heap     ] GC(1) Eden regions: 18->0(49)
[2025-11-22T12:46:16.106+0800][gc,heap     ] GC(1) Survivor regions: 7->2(7)
[2025-11-22T12:46:16.106+0800][gc,heap     ] GC(1) Old regions: 2->8
[2025-11-22T12:46:16.106+0800][gc,heap     ] GC(1) Archive regions: 2->2
[2025-11-22T12:46:16.106+0800][gc,heap     ] GC(1) Humongous regions: 0->0
[2025-11-22T12:46:16.106+0800][gc,metaspace] GC(1) Metaspace: 21266K(21504K)->21266K(21504K) NonClass: 18603K(18688K)->18603K(18688K) Class: 2663K(2816K)->2663K(2816K)
[2025-11-22T12:46:16.106+0800][gc          ] GC(1) Pause Young (Concurrent Start) (Metadata GC Threshold) 26M->10M(1024M) 13.651ms
[2025-11-22T12:46:16.106+0800][gc,cpu      ] GC(1) User=0.01s Sys=0.00s Real=0.01s
[2025-11-22T12:46:16.106+0800][gc          ] GC(2) Concurrent Mark Cycle
[2025-11-22T12:46:16.106+0800][gc,marking  ] GC(2) Concurrent Clear Claimed Marks
[2025-11-22T12:46:16.106+0800][gc,marking  ] GC(2) Concurrent Clear Claimed Marks 0.044ms
[2025-11-22T12:46:16.106+0800][gc,marking  ] GC(2) Concurrent Scan Root Regions
[2025-11-22T12:46:16.112+0800][gc,marking  ] GC(2) Concurrent Scan Root Regions 6.048ms
[2025-11-22T12:46:16.112+0800][gc,marking  ] GC(2) Concurrent Mark
[2025-11-22T12:46:16.112+0800][gc,marking  ] GC(2) Concurrent Mark From Roots
[2025-11-22T12:46:16.112+0800][gc,task     ] GC(2) Using 1 workers of 1 for marking
[2025-11-22T12:46:16.115+0800][gc,marking  ] GC(2) Concurrent Mark From Roots 2.655ms
[2025-11-22T12:46:16.115+0800][gc,marking  ] GC(2) Concurrent Preclean
[2025-11-22T12:46:16.115+0800][gc,marking  ] GC(2) Concurrent Preclean 0.016ms
[2025-11-22T12:46:16.115+0800][gc,start    ] GC(2) Pause Remark
[2025-11-22T12:46:16.121+0800][gc          ] GC(2) Pause Remark 10M->10M(1024M) 5.599ms
[2025-11-22T12:46:16.121+0800][gc,cpu      ] GC(2) User=0.00s Sys=0.00s Real=0.00s
[2025-11-22T12:46:16.123+0800][gc,marking  ] GC(2) Concurrent Mark 11.181ms
[2025-11-22T12:46:16.123+0800][gc,marking  ] GC(2) Concurrent Rebuild Remembered Sets
[2025-11-22T12:46:16.123+0800][gc,marking  ] GC(2) Concurrent Rebuild Remembered Sets 0.004ms
[2025-11-22T12:46:16.125+0800][gc,start    ] GC(2) Pause Cleanup
[2025-11-22T12:46:16.125+0800][gc          ] GC(2) Pause Cleanup 10M->10M(1024M) 0.021ms
[2025-11-22T12:46:16.125+0800][gc,cpu      ] GC(2) User=0.00s Sys=0.00s Real=0.00s
[2025-11-22T12:46:16.125+0800][gc,marking  ] GC(2) Concurrent Cleanup for Next Mark
[2025-11-22T12:46:16.136+0800][gc,marking  ] GC(2) Concurrent Cleanup for Next Mark 11.103ms
[2025-11-22T12:46:16.136+0800][gc          ] GC(2) Concurrent Mark Cycle 30.296ms
[2025-11-22T12:46:17.311+0800][gc,start    ] GC(3) Pause Young (Normal) (G1 Evacuation Pause)
[2025-11-22T12:46:17.311+0800][gc,task     ] GC(3) Using 2 workers of 2 for evacuation
[2025-11-22T12:46:17.329+0800][gc,phases   ] GC(3)   Pre Evacuate Collection Set: 1.5ms
[2025-11-22T12:46:17.329+0800][gc,phases   ] GC(3)   Merge Heap Roots: 0.5ms
[2025-11-22T12:46:17.329+0800][gc,phases   ] GC(3)   Evacuate Collection Set: 15.0ms
[2025-11-22T12:46:17.329+0800][gc,phases   ] GC(3)   Post Evacuate Collection Set: 0.8ms
[2025-11-22T12:46:17.329+0800][gc,phases   ] GC(3)   Other: 0.1ms
[2025-11-22T12:46:17.329+0800][gc,heap     ] GC(3) Eden regions: 49->0(45)
[2025-11-22T12:46:17.329+0800][gc,heap     ] GC(3) Survivor regions: 2->6(7)
[2025-11-22T12:46:17.329+0800][gc,heap     ] GC(3) Old regions: 8->8
[2025-11-22T12:46:17.329+0800][gc,heap     ] GC(3) Archive regions: 2->2
[2025-11-22T12:46:17.329+0800][gc,heap     ] GC(3) Humongous regions: 9->9
[2025-11-22T12:46:17.329+0800][gc,metaspace] GC(3) Metaspace: 33633K(34048K)->33633K(34048K) NonClass: 29667K(29888K)->29667K(29888K) Class: 3966K(4160K)->3966K(4160K)
[2025-11-22T12:46:17.329+0800][gc          ] GC(3) Pause Young (Normal) (G1 Evacuation Pause) 68M->23M(1024M) 18.032ms
[2025-11-22T12:46:17.329+0800][gc,cpu      ] GC(3) User=0.01s Sys=0.01s Real=0.02s
[2025-11-22T12:46:17.596+0800][gc,start    ] GC(4) Pause Young (Concurrent Start) (Metadata GC Threshold)
[2025-11-22T12:46:17.596+0800][gc,task     ] GC(4) Using 2 workers of 2 for evacuation
[2025-11-22T12:46:17.623+0800][gc,mmu      ] GC(4) MMU target violated: 21.0ms (20.0ms/21.0ms)
[2025-11-22T12:46:17.623+0800][gc,phases   ] GC(4)   Pre Evacuate Collection Set: 15.5ms
[2025-11-22T12:46:17.623+0800][gc,phases   ] GC(4)   Merge Heap Roots: 1.4ms
[2025-11-22T12:46:17.623+0800][gc,phases   ] GC(4)   Evacuate Collection Set: 8.3ms
[2025-11-22T12:46:17.623+0800][gc,phases   ] GC(4)   Post Evacuate Collection Set: 1.8ms
[2025-11-22T12:46:17.623+0800][gc,phases   ] GC(4)   Other: 0.2ms
[2025-11-22T12:46:17.623+0800][gc,heap     ] GC(4) Eden regions: 11->0(50)
[2025-11-22T12:46:17.623+0800][gc,heap     ] GC(4) Survivor regions: 6->1(7)
[2025-11-22T12:46:17.623+0800][gc,heap     ] GC(4) Old regions: 8->14
[2025-11-22T12:46:17.623+0800][gc,heap     ] GC(4) Archive regions: 2->2
[2025-11-22T12:46:17.623+0800][gc,heap     ] GC(4) Humongous regions: 9->9
[2025-11-22T12:46:17.623+0800][gc,metaspace] GC(4) Metaspace: 35510K(35968K)->35510K(35968K) NonClass: 31335K(31552K)->31335K(31552K) Class: 4175K(4416K)->4175K(4416K)
[2025-11-22T12:46:17.623+0800][gc          ] GC(4) Pause Young (Concurrent Start) (Metadata GC Threshold) 33M->24M(1024M) 27.270ms
[2025-11-22T12:46:17.623+0800][gc,cpu      ] GC(4) User=0.02s Sys=0.02s Real=0.03s
[2025-11-22T12:46:17.623+0800][gc          ] GC(5) Concurrent Mark Cycle
[2025-11-22T12:46:17.623+0800][gc,marking  ] GC(5) Concurrent Clear Claimed Marks
[2025-11-22T12:46:17.623+0800][gc,marking  ] GC(5) Concurrent Clear Claimed Marks 0.037ms
[2025-11-22T12:46:17.623+0800][gc,marking  ] GC(5) Concurrent Scan Root Regions
[2025-11-22T12:46:17.626+0800][gc,marking  ] GC(5) Concurrent Scan Root Regions 2.922ms
[2025-11-22T12:46:17.626+0800][gc,marking  ] GC(5) Concurrent Mark
[2025-11-22T12:46:17.626+0800][gc,marking  ] GC(5) Concurrent Mark From Roots
[2025-11-22T12:46:17.626+0800][gc,task     ] GC(5) Using 1 workers of 1 for marking
[2025-11-22T12:46:17.643+0800][gc,marking  ] GC(5) Concurrent Mark From Roots 16.962ms
[2025-11-22T12:46:17.643+0800][gc,marking  ] GC(5) Concurrent Preclean
[2025-11-22T12:46:17.643+0800][gc,marking  ] GC(5) Concurrent Preclean 0.070ms
[2025-11-22T12:46:17.659+0800][gc,start    ] GC(5) Pause Remark
[2025-11-22T12:46:17.663+0800][gc          ] GC(5) Pause Remark 25M->25M(1024M) 4.003ms
[2025-11-22T12:46:17.664+0800][gc,cpu      ] GC(5) User=0.01s Sys=0.01s Real=0.01s
[2025-11-22T12:46:17.666+0800][gc,marking  ] GC(5) Concurrent Mark 39.805ms
[2025-11-22T12:46:17.666+0800][gc,marking  ] GC(5) Concurrent Rebuild Remembered Sets
[2025-11-22T12:46:17.675+0800][gc,marking  ] GC(5) Concurrent Rebuild Remembered Sets 8.786ms
[2025-11-22T12:46:17.680+0800][gc,start    ] GC(5) Pause Cleanup
[2025-11-22T12:46:17.681+0800][gc          ] GC(5) Pause Cleanup 25M->25M(1024M) 0.604ms
[2025-11-22T12:46:17.681+0800][gc,cpu      ] GC(5) User=0.00s Sys=0.00s Real=0.00s
[2025-11-22T12:46:17.691+0800][gc,marking  ] GC(5) Concurrent Cleanup for Next Mark
[2025-11-22T12:46:17.798+0800][gc,marking  ] GC(5) Concurrent Cleanup for Next Mark 106.556ms
[2025-11-22T12:46:17.798+0800][gc          ] GC(5) Concurrent Mark Cycle 174.455ms
[2025-11-22T12:46:37.882+0800][gc,start    ] GC(6) Pause Young (Normal) (G1 Evacuation Pause)
[2025-11-22T12:46:37.882+0800][gc,task     ] GC(6) Using 2 workers of 2 for evacuation
[2025-11-22T12:46:37.899+0800][gc,phases   ] GC(6)   Pre Evacuate Collection Set: 0.7ms
[2025-11-22T12:46:37.899+0800][gc,phases   ] GC(6)   Merge Heap Roots: 0.3ms
[2025-11-22T12:46:37.899+0800][gc,phases   ] GC(6)   Evacuate Collection Set: 13.3ms
[2025-11-22T12:46:37.899+0800][gc,phases   ] GC(6)   Post Evacuate Collection Set: 1.5ms
[2025-11-22T12:46:37.899+0800][gc,phases   ] GC(6)   Other: 1.2ms
[2025-11-22T12:46:37.899+0800][gc,heap     ] GC(6) Eden regions: 50->0(44)
[2025-11-22T12:46:37.899+0800][gc,heap     ] GC(6) Survivor regions: 1->7(7)
[2025-11-22T12:46:37.899+0800][gc,heap     ] GC(6) Old regions: 14->15
[2025-11-22T12:46:37.899+0800][gc,heap     ] GC(6) Archive regions: 2->2
[2025-11-22T12:46:37.899+0800][gc,heap     ] GC(6) Humongous regions: 138->138
[2025-11-22T12:46:37.899+0800][gc,metaspace] GC(6) Metaspace: 42859K(43584K)->42859K(43584K) NonClass: 37780K(38144K)->37780K(38144K) Class: 5078K(5440K)->5078K(5440K)
[2025-11-22T12:46:37.899+0800][gc          ] GC(6) Pause Young (Normal) (G1 Evacuation Pause) 203M->160M(1024M) 16.812ms
[2025-11-22T12:46:37.899+0800][gc,cpu      ] GC(6) User=0.02s Sys=0.01s Real=0.02s
[2025-11-22T12:55:19.395+0800][gc,start    ] GC(7) Pause Young (Normal) (G1 Evacuation Pause)
[2025-11-22T12:55:19.395+0800][gc,task     ] GC(7) Using 2 workers of 2 for evacuation
[2025-11-22T12:55:19.414+0800][gc,phases   ] GC(7)   Pre Evacuate Collection Set: 1.2ms
[2025-11-22T12:55:19.414+0800][gc,phases   ] GC(7)   Merge Heap Roots: 0.5ms
[2025-11-22T12:55:19.414+0800][gc,phases   ] GC(7)   Evacuate Collection Set: 15.0ms
[2025-11-22T12:55:19.414+0800][gc,phases   ] GC(7)   Post Evacuate Collection Set: 1.5ms
[2025-11-22T12:55:19.414+0800][gc,phases   ] GC(7)   Other: 0.6ms
[2025-11-22T12:55:19.414+0800][gc,heap     ] GC(7) Eden regions: 44->0(49)
[2025-11-22T12:55:19.414+0800][gc,heap     ] GC(7) Survivor regions: 7->2(7)
[2025-11-22T12:55:19.414+0800][gc,heap     ] GC(7) Old regions: 15->22
[2025-11-22T12:55:19.414+0800][gc,heap     ] GC(7) Archive regions: 2->2
[2025-11-22T12:55:19.414+0800][gc,heap     ] GC(7) Humongous regions: 138->138
[2025-11-22T12:55:19.414+0800][gc,metaspace] GC(7) Metaspace: 45773K(46656K)->45773K(46656K) NonClass: 40355K(40832K)->40355K(40832K) Class: 5418K(5824K)->5418K(5824K)
[2025-11-22T12:55:19.414+0800][gc          ] GC(7) Pause Young (Normal) (G1 Evacuation Pause) 204M->162M(1024M) 18.956ms
[2025-11-22T12:55:19.414+0800][gc,cpu      ] GC(7) User=0.02s Sys=0.01s Real=0.03s
[2025-11-22T13:06:14.386+0800][gc,start    ] GC(8) Pause Young (Normal) (G1 Evacuation Pause)
[2025-11-22T13:06:14.386+0800][gc,task     ] GC(8) Using 2 workers of 2 for evacuation
[2025-11-22T13:06:14.404+0800][gc,phases   ] GC(8)   Pre Evacuate Collection Set: 1.8ms
[2025-11-22T13:06:14.404+0800][gc,phases   ] GC(8)   Merge Heap Roots: 0.4ms
[2025-11-22T13:06:14.404+0800][gc,phases   ] GC(8)   Evacuate Collection Set: 10.4ms
[2025-11-22T13:06:14.404+0800][gc,phases   ] GC(8)   Post Evacuate Collection Set: 4.5ms
[2025-11-22T13:06:14.404+0800][gc,phases   ] GC(8)   Other: 0.3ms
[2025-11-22T13:06:14.404+0800][gc,heap     ] GC(8) Eden regions: 49->0(48)
[2025-11-22T13:06:14.404+0800][gc,heap     ] GC(8) Survivor regions: 2->3(7)
[2025-11-22T13:06:14.404+0800][gc,heap     ] GC(8) Old regions: 22->22
[2025-11-22T13:06:14.404+0800][gc,heap     ] GC(8) Archive regions: 2->2
[2025-11-22T13:06:14.404+0800][gc,heap     ] GC(8) Humongous regions: 138->138
[2025-11-22T13:06:14.404+0800][gc,metaspace] GC(8) Metaspace: 46853K(47744K)->46853K(47744K) NonClass: 41318K(41792K)->41318K(41792K) Class: 5535K(5952K)->5535K(5952K)
[2025-11-22T13:06:14.404+0800][gc          ] GC(8) Pause Young (Normal) (G1 Evacuation Pause) 211M->162M(1024M) 17.452ms
[2025-11-22T13:06:14.404+0800][gc,cpu      ] GC(8) User=0.02s Sys=0.01s Real=0.02s
