[2025-11-20T15:17:12.599+0800][gc] Using G1
[2025-11-20T15:17:12.615+0800][gc,init] Version: 17.0.16+8-Ubuntu-0ubuntu124.04.1 (release)
[2025-11-20T15:17:12.615+0800][gc,init] CPUs: 2 total, 2 available
[2025-11-20T15:17:12.615+0800][gc,init] Memory: 5024M
[2025-11-20T15:17:12.615+0800][gc,init] Large Page Support: Disabled
[2025-11-20T15:17:12.615+0800][gc,init] NUMA Support: Disabled
[2025-11-20T15:17:12.615+0800][gc,init] Compressed Oops: Enabled (32-bit)
[2025-11-20T15:17:12.615+0800][gc,init] Heap Region Size: 1M
[2025-11-20T15:17:12.615+0800][gc,init] Heap Min Capacity: 1G
[2025-11-20T15:17:12.615+0800][gc,init] Heap Initial Capacity: 1G
[2025-11-20T15:17:12.615+0800][gc,init] Heap Max Capacity: 1G
[2025-11-20T15:17:12.615+0800][gc,init] Pre-touch: Disabled
[2025-11-20T15:17:12.615+0800][gc,init] Parallel Workers: 2
[2025-11-20T15:17:12.615+0800][gc,init] Concurrent Workers: 1
[2025-11-20T15:17:12.615+0800][gc,init] Concurrent Refinement Workers: 2
[2025-11-20T15:17:12.615+0800][gc,init] Periodic GC: Disabled
[2025-11-20T15:17:12.633+0800][gc,metaspace] CDS archive(s) mapped at: [0x000070fb0b000000-0x000070fb0bbca000-0x000070fb0bbca000), size 12361728, SharedBaseAddress: 0x000070fb0b000000, ArchiveRelocationMode: 1.
[2025-11-20T15:17:12.633+0800][gc,metaspace] Compressed class space mapped at: 0x000070fb0c000000-0x000070fb4c000000, reserved size: 1073741824
[2025-11-20T15:17:12.639+0800][gc,metaspace] Narrow klass base: 0x000070fb0b000000, Narrow klass shift: 0, Narrow klass range: 0x100000000
[2025-11-20T15:17:14.095+0800][gc,start    ] GC(0) Pause Young (Normal) (G1 Evacuation Pause)
[2025-11-20T15:17:14.095+0800][gc,task     ] GC(0) Using 2 workers of 2 for evacuation
[2025-11-20T15:17:14.108+0800][gc,phases   ] GC(0)   Pre Evacuate Collection Set: 0.3ms
[2025-11-20T15:17:14.108+0800][gc,phases   ] GC(0)   Merge Heap Roots: 0.1ms
[2025-11-20T15:17:14.108+0800][gc,phases   ] GC(0)   Evacuate Collection Set: 9.9ms
[2025-11-20T15:17:14.108+0800][gc,phases   ] GC(0)   Post Evacuate Collection Set: 2.0ms
[2025-11-20T15:17:14.108+0800][gc,phases   ] GC(0)   Other: 0.6ms
[2025-11-20T15:17:14.108+0800][gc,heap     ] GC(0) Eden regions: 51->0(44)
[2025-11-20T15:17:14.108+0800][gc,heap     ] GC(0) Survivor regions: 0->7(7)
[2025-11-20T15:17:14.108+0800][gc,heap     ] GC(0) Old regions: 0->2
[2025-11-20T15:17:14.108+0800][gc,heap     ] GC(0) Archive regions: 2->2
[2025-11-20T15:17:14.108+0800][gc,heap     ] GC(0) Humongous regions: 0->0
[2025-11-20T15:17:14.108+0800][gc,metaspace] GC(0) Metaspace: 16327K(16512K)->16327K(16512K) NonClass: 14408K(14528K)->14408K(14528K) Class: 1918K(1984K)->1918K(1984K)
[2025-11-20T15:17:14.108+0800][gc          ] GC(0) Pause Young (Normal) (G1 Evacuation Pause) 51M->9M(1024M) 12.992ms
[2025-11-20T15:17:14.108+0800][gc,cpu      ] GC(0) User=0.01s Sys=0.01s Real=0.01s
[2025-11-20T15:17:14.563+0800][gc,start    ] GC(1) Pause Young (Concurrent Start) (Metadata GC Threshold)
[2025-11-20T15:17:14.563+0800][gc,task     ] GC(1) Using 2 workers of 2 for evacuation
[2025-11-20T15:17:14.602+0800][gc,mmu      ] GC(1) MMU target violated: 21.0ms (20.0ms/21.0ms)
[2025-11-20T15:17:14.602+0800][gc,phases   ] GC(1)   Pre Evacuate Collection Set: 0.3ms
[2025-11-20T15:17:14.602+0800][gc,phases   ] GC(1)   Merge Heap Roots: 0.2ms
[2025-11-20T15:17:14.602+0800][gc,phases   ] GC(1)   Evacuate Collection Set: 34.6ms
[2025-11-20T15:17:14.602+0800][gc,phases   ] GC(1)   Post Evacuate Collection Set: 3.3ms
[2025-11-20T15:17:14.602+0800][gc,phases   ] GC(1)   Other: 0.3ms
[2025-11-20T15:17:14.602+0800][gc,heap     ] GC(1) Eden regions: 17->0(49)
[2025-11-20T15:17:14.602+0800][gc,heap     ] GC(1) Survivor regions: 7->2(7)
[2025-11-20T15:17:14.602+0800][gc,heap     ] GC(1) Old regions: 2->8
[2025-11-20T15:17:14.602+0800][gc,heap     ] GC(1) Archive regions: 2->2
[2025-11-20T15:17:14.602+0800][gc,heap     ] GC(1) Humongous regions: 0->0
[2025-11-20T15:17:14.602+0800][gc,metaspace] GC(1) Metaspace: 21274K(21504K)->21274K(21504K) NonClass: 18609K(18688K)->18609K(18688K) Class: 2665K(2816K)->2665K(2816K)
[2025-11-20T15:17:14.602+0800][gc          ] GC(1) Pause Young (Concurrent Start) (Metadata GC Threshold) 25M->10M(1024M) 38.806ms
[2025-11-20T15:17:14.602+0800][gc,cpu      ] GC(1) User=0.03s Sys=0.04s Real=0.04s
[2025-11-20T15:17:14.602+0800][gc          ] GC(2) Concurrent Mark Cycle
[2025-11-20T15:17:14.602+0800][gc,marking  ] GC(2) Concurrent Clear Claimed Marks
[2025-11-20T15:17:14.602+0800][gc,marking  ] GC(2) Concurrent Clear Claimed Marks 0.028ms
[2025-11-20T15:17:14.602+0800][gc,marking  ] GC(2) Concurrent Scan Root Regions
[2025-11-20T15:17:14.609+0800][gc,marking  ] GC(2) Concurrent Scan Root Regions 6.721ms
[2025-11-20T15:17:14.609+0800][gc,marking  ] GC(2) Concurrent Mark
[2025-11-20T15:17:14.609+0800][gc,marking  ] GC(2) Concurrent Mark From Roots
[2025-11-20T15:17:14.609+0800][gc,task     ] GC(2) Using 1 workers of 1 for marking
[2025-11-20T15:17:14.617+0800][gc,marking  ] GC(2) Concurrent Mark From Roots 7.733ms
[2025-11-20T15:17:14.617+0800][gc,marking  ] GC(2) Concurrent Preclean
[2025-11-20T15:17:14.617+0800][gc,marking  ] GC(2) Concurrent Preclean 0.027ms
[2025-11-20T15:17:14.618+0800][gc,start    ] GC(2) Pause Remark
[2025-11-20T15:17:14.627+0800][gc          ] GC(2) Pause Remark 10M->10M(1024M) 9.309ms
[2025-11-20T15:17:14.627+0800][gc,cpu      ] GC(2) User=0.01s Sys=0.01s Real=0.01s
[2025-11-20T15:17:14.627+0800][gc,marking  ] GC(2) Concurrent Mark 17.916ms
[2025-11-20T15:17:14.627+0800][gc,marking  ] GC(2) Concurrent Rebuild Remembered Sets
[2025-11-20T15:17:14.627+0800][gc,marking  ] GC(2) Concurrent Rebuild Remembered Sets 0.004ms
[2025-11-20T15:17:14.628+0800][gc,start    ] GC(2) Pause Cleanup
[2025-11-20T15:17:14.628+0800][gc          ] GC(2) Pause Cleanup 10M->10M(1024M) 0.020ms
[2025-11-20T15:17:14.628+0800][gc,cpu      ] GC(2) User=0.00s Sys=0.00s Real=0.00s
[2025-11-20T15:17:14.629+0800][gc,marking  ] GC(2) Concurrent Cleanup for Next Mark
[2025-11-20T15:17:14.644+0800][gc,marking  ] GC(2) Concurrent Cleanup for Next Mark 14.636ms
[2025-11-20T15:17:14.644+0800][gc          ] GC(2) Concurrent Mark Cycle 41.867ms
[2025-11-20T15:17:16.782+0800][gc,start    ] GC(3) Pause Young (Normal) (G1 Evacuation Pause)
[2025-11-20T15:17:16.782+0800][gc,task     ] GC(3) Using 2 workers of 2 for evacuation
[2025-11-20T15:17:16.794+0800][gc,phases   ] GC(3)   Pre Evacuate Collection Set: 0.4ms
[2025-11-20T15:17:16.794+0800][gc,phases   ] GC(3)   Merge Heap Roots: 0.0ms
[2025-11-20T15:17:16.794+0800][gc,phases   ] GC(3)   Evacuate Collection Set: 9.8ms
[2025-11-20T15:17:16.794+0800][gc,phases   ] GC(3)   Post Evacuate Collection Set: 1.6ms
[2025-11-20T15:17:16.794+0800][gc,phases   ] GC(3)   Other: 0.2ms
[2025-11-20T15:17:16.794+0800][gc,heap     ] GC(3) Eden regions: 49->0(45)
[2025-11-20T15:17:16.794+0800][gc,heap     ] GC(3) Survivor regions: 2->6(7)
[2025-11-20T15:17:16.794+0800][gc,heap     ] GC(3) Old regions: 8->8
[2025-11-20T15:17:16.794+0800][gc,heap     ] GC(3) Archive regions: 2->2
[2025-11-20T15:17:16.794+0800][gc,heap     ] GC(3) Humongous regions: 9->9
[2025-11-20T15:17:16.794+0800][gc,metaspace] GC(3) Metaspace: 33370K(33728K)->33370K(33728K) NonClass: 29452K(29632K)->29452K(29632K) Class: 3917K(4096K)->3917K(4096K)
[2025-11-20T15:17:16.794+0800][gc          ] GC(3) Pause Young (Normal) (G1 Evacuation Pause) 68M->23M(1024M) 12.072ms
[2025-11-20T15:17:16.794+0800][gc,cpu      ] GC(3) User=0.01s Sys=0.01s Real=0.01s
[2025-11-20T15:17:17.022+0800][gc,start    ] GC(4) Pause Young (Concurrent Start) (Metadata GC Threshold)
[2025-11-20T15:17:17.022+0800][gc,task     ] GC(4) Using 2 workers of 2 for evacuation
[2025-11-20T15:17:17.032+0800][gc,phases   ] GC(4)   Pre Evacuate Collection Set: 0.7ms
[2025-11-20T15:17:17.032+0800][gc,phases   ] GC(4)   Merge Heap Roots: 0.1ms
[2025-11-20T15:17:17.032+0800][gc,phases   ] GC(4)   Evacuate Collection Set: 7.4ms
[2025-11-20T15:17:17.032+0800][gc,phases   ] GC(4)   Post Evacuate Collection Set: 1.8ms
[2025-11-20T15:17:17.032+0800][gc,phases   ] GC(4)   Other: 0.3ms
[2025-11-20T15:17:17.032+0800][gc,heap     ] GC(4) Eden regions: 12->0(50)
[2025-11-20T15:17:17.032+0800][gc,heap     ] GC(4) Survivor regions: 6->1(7)
[2025-11-20T15:17:17.032+0800][gc,heap     ] GC(4) Old regions: 8->14
[2025-11-20T15:17:17.032+0800][gc,heap     ] GC(4) Archive regions: 2->2
[2025-11-20T15:17:17.032+0800][gc,heap     ] GC(4) Humongous regions: 9->9
[2025-11-20T15:17:17.032+0800][gc,metaspace] GC(4) Metaspace: 35501K(35968K)->35501K(35968K) NonClass: 31325K(31552K)->31325K(31552K) Class: 4176K(4416K)->4176K(4416K)
[2025-11-20T15:17:17.032+0800][gc          ] GC(4) Pause Young (Concurrent Start) (Metadata GC Threshold) 35M->24M(1024M) 10.365ms
[2025-11-20T15:17:17.032+0800][gc,cpu      ] GC(4) User=0.01s Sys=0.01s Real=0.01s
[2025-11-20T15:17:17.032+0800][gc          ] GC(5) Concurrent Mark Cycle
[2025-11-20T15:17:17.032+0800][gc,marking  ] GC(5) Concurrent Clear Claimed Marks
[2025-11-20T15:17:17.032+0800][gc,marking  ] GC(5) Concurrent Clear Claimed Marks 0.030ms
[2025-11-20T15:17:17.032+0800][gc,marking  ] GC(5) Concurrent Scan Root Regions
[2025-11-20T15:17:17.036+0800][gc,marking  ] GC(5) Concurrent Scan Root Regions 3.879ms
[2025-11-20T15:17:17.036+0800][gc,marking  ] GC(5) Concurrent Mark
[2025-11-20T15:17:17.036+0800][gc,marking  ] GC(5) Concurrent Mark From Roots
[2025-11-20T15:17:17.036+0800][gc,task     ] GC(5) Using 1 workers of 1 for marking
[2025-11-20T15:17:17.070+0800][gc,marking  ] GC(5) Concurrent Mark From Roots 33.546ms
[2025-11-20T15:17:17.070+0800][gc,marking  ] GC(5) Concurrent Preclean
[2025-11-20T15:17:17.070+0800][gc,marking  ] GC(5) Concurrent Preclean 0.050ms
[2025-11-20T15:17:17.076+0800][gc,start    ] GC(5) Pause Remark
[2025-11-20T15:17:17.082+0800][gc          ] GC(5) Pause Remark 25M->25M(1024M) 5.549ms
[2025-11-20T15:17:17.082+0800][gc,cpu      ] GC(5) User=0.00s Sys=0.01s Real=0.01s
[2025-11-20T15:17:17.082+0800][gc,marking  ] GC(5) Concurrent Mark 46.303ms
[2025-11-20T15:17:17.082+0800][gc,marking  ] GC(5) Concurrent Rebuild Remembered Sets
[2025-11-20T15:17:17.093+0800][gc,marking  ] GC(5) Concurrent Rebuild Remembered Sets 10.998ms
[2025-11-20T15:17:17.107+0800][gc,start    ] GC(5) Pause Cleanup
[2025-11-20T15:17:17.108+0800][gc          ] GC(5) Pause Cleanup 26M->26M(1024M) 0.334ms
[2025-11-20T15:17:17.108+0800][gc,cpu      ] GC(5) User=0.01s Sys=0.01s Real=0.00s
[2025-11-20T15:17:17.109+0800][gc,marking  ] GC(5) Concurrent Cleanup for Next Mark
[2025-11-20T15:17:17.123+0800][gc,marking  ] GC(5) Concurrent Cleanup for Next Mark 14.540ms
[2025-11-20T15:17:17.123+0800][gc          ] GC(5) Concurrent Mark Cycle 91.238ms
[2025-11-20T15:17:31.339+0800][gc,start    ] GC(6) Pause Young (Normal) (G1 Evacuation Pause)
[2025-11-20T15:17:31.339+0800][gc,task     ] GC(6) Using 2 workers of 2 for evacuation
[2025-11-20T15:17:31.365+0800][gc,mmu      ] GC(6) MMU target violated: 21.0ms (20.0ms/21.0ms)
[2025-11-20T15:17:31.365+0800][gc,phases   ] GC(6)   Pre Evacuate Collection Set: 0.5ms
[2025-11-20T15:17:31.365+0800][gc,phases   ] GC(6)   Merge Heap Roots: 0.1ms
[2025-11-20T15:17:31.365+0800][gc,phases   ] GC(6)   Evacuate Collection Set: 21.6ms
[2025-11-20T15:17:31.365+0800][gc,phases   ] GC(6)   Post Evacuate Collection Set: 3.3ms
[2025-11-20T15:17:31.365+0800][gc,phases   ] GC(6)   Other: 0.3ms
[2025-11-20T15:17:31.366+0800][gc,heap     ] GC(6) Eden regions: 50->0(44)
[2025-11-20T15:17:31.366+0800][gc,heap     ] GC(6) Survivor regions: 1->7(7)
[2025-11-20T15:17:31.366+0800][gc,heap     ] GC(6) Old regions: 14->15
[2025-11-20T15:17:31.366+0800][gc,heap     ] GC(6) Archive regions: 2->2
[2025-11-20T15:17:31.366+0800][gc,heap     ] GC(6) Humongous regions: 138->138
[2025-11-20T15:17:31.366+0800][gc,metaspace] GC(6) Metaspace: 42826K(43456K)->42826K(43456K) NonClass: 37749K(38080K)->37749K(38080K) Class: 5077K(5376K)->5077K(5376K)
[2025-11-20T15:17:31.366+0800][gc          ] GC(6) Pause Young (Normal) (G1 Evacuation Pause) 203M->160M(1024M) 26.480ms
[2025-11-20T15:17:31.366+0800][gc,cpu      ] GC(6) User=0.02s Sys=0.02s Real=0.03s
[2025-11-20T15:24:27.695+0800][gc,start    ] GC(7) Pause Young (Normal) (G1 Evacuation Pause)
[2025-11-20T15:24:27.695+0800][gc,task     ] GC(7) Using 2 workers of 2 for evacuation
[2025-11-20T15:24:27.768+0800][gc,mmu      ] GC(7) MMU target violated: 21.0ms (20.0ms/21.0ms)
[2025-11-20T15:24:27.768+0800][gc,phases   ] GC(7)   Pre Evacuate Collection Set: 6.3ms
[2025-11-20T15:24:27.768+0800][gc,phases   ] GC(7)   Merge Heap Roots: 1.3ms
[2025-11-20T15:24:27.768+0800][gc,phases   ] GC(7)   Evacuate Collection Set: 59.4ms
[2025-11-20T15:24:27.768+0800][gc,phases   ] GC(7)   Post Evacuate Collection Set: 4.8ms
[2025-11-20T15:24:27.768+0800][gc,phases   ] GC(7)   Other: 1.1ms
[2025-11-20T15:24:27.768+0800][gc,heap     ] GC(7) Eden regions: 44->0(49)
[2025-11-20T15:24:27.768+0800][gc,heap     ] GC(7) Survivor regions: 7->2(7)
[2025-11-20T15:24:27.768+0800][gc,heap     ] GC(7) Old regions: 15->22
[2025-11-20T15:24:27.768+0800][gc,heap     ] GC(7) Archive regions: 2->2
[2025-11-20T15:24:27.768+0800][gc,heap     ] GC(7) Humongous regions: 138->138
[2025-11-20T15:24:27.768+0800][gc,metaspace] GC(7) Metaspace: 46387K(47296K)->46387K(47296K) NonClass: 40863K(41344K)->40863K(41344K) Class: 5523K(5952K)->5523K(5952K)
[2025-11-20T15:24:27.768+0800][gc          ] GC(7) Pause Young (Normal) (G1 Evacuation Pause) 204M->162M(1024M) 72.987ms
[2025-11-20T15:24:27.768+0800][gc,cpu      ] GC(7) User=0.02s Sys=0.04s Real=0.07s
[2025-11-20T15:34:57.503+0800][gc,start    ] GC(8) Pause Young (Normal) (G1 Evacuation Pause)
[2025-11-20T15:34:57.510+0800][gc,task     ] GC(8) Using 2 workers of 2 for evacuation
[2025-11-20T15:34:57.534+0800][gc,mmu      ] GC(8) MMU target violated: 21.0ms (20.0ms/21.0ms)
[2025-11-20T15:34:57.534+0800][gc,phases   ] GC(8)   Pre Evacuate Collection Set: 3.8ms
[2025-11-20T15:34:57.534+0800][gc,phases   ] GC(8)   Merge Heap Roots: 1.8ms
[2025-11-20T15:34:57.534+0800][gc,phases   ] GC(8)   Evacuate Collection Set: 13.8ms
[2025-11-20T15:34:57.534+0800][gc,phases   ] GC(8)   Post Evacuate Collection Set: 3.9ms
[2025-11-20T15:34:57.534+0800][gc,phases   ] GC(8)   Other: 7.9ms
[2025-11-20T15:34:57.534+0800][gc,heap     ] GC(8) Eden regions: 49->0(48)
[2025-11-20T15:34:57.534+0800][gc,heap     ] GC(8) Survivor regions: 2->3(7)
[2025-11-20T15:34:57.534+0800][gc,heap     ] GC(8) Old regions: 22->22
[2025-11-20T15:34:57.534+0800][gc,heap     ] GC(8) Archive regions: 2->2
[2025-11-20T15:34:57.534+0800][gc,heap     ] GC(8) Humongous regions: 138->138
[2025-11-20T15:34:57.534+0800][gc,metaspace] GC(8) Metaspace: 47219K(48064K)->47219K(48064K) NonClass: 41693K(42112K)->41693K(42112K) Class: 5526K(5952K)->5526K(5952K)
[2025-11-20T15:34:57.534+0800][gc          ] GC(8) Pause Young (Normal) (G1 Evacuation Pause) 211M->163M(1024M) 31.266ms
[2025-11-20T15:34:57.534+0800][gc,cpu      ] GC(8) User=0.02s Sys=0.01s Real=0.03s
[2025-11-20T15:46:18.648+0800][gc,start    ] GC(9) Pause Young (Normal) (G1 Evacuation Pause)
[2025-11-20T15:46:18.649+0800][gc,task     ] GC(9) Using 2 workers of 2 for evacuation
[2025-11-20T15:46:18.710+0800][gc,mmu      ] GC(9) MMU target violated: 21.0ms (20.0ms/21.0ms)
[2025-11-20T15:46:18.712+0800][gc,phases   ] GC(9)   Pre Evacuate Collection Set: 6.1ms
[2025-11-20T15:46:18.712+0800][gc,phases   ] GC(9)   Merge Heap Roots: 2.9ms
[2025-11-20T15:46:18.712+0800][gc,phases   ] GC(9)   Evacuate Collection Set: 38.5ms
[2025-11-20T15:46:18.712+0800][gc,phases   ] GC(9)   Post Evacuate Collection Set: 14.0ms
[2025-11-20T15:46:18.712+0800][gc,phases   ] GC(9)   Other: 2.3ms
[2025-11-20T15:46:18.712+0800][gc,heap     ] GC(9) Eden regions: 48->0(47)
[2025-11-20T15:46:18.712+0800][gc,heap     ] GC(9) Survivor regions: 3->4(7)
[2025-11-20T15:46:18.712+0800][gc,heap     ] GC(9) Old regions: 22->22
[2025-11-20T15:46:18.712+0800][gc,heap     ] GC(9) Archive regions: 2->2
[2025-11-20T15:46:18.712+0800][gc,heap     ] GC(9) Humongous regions: 138->138
[2025-11-20T15:46:18.712+0800][gc,metaspace] GC(9) Metaspace: 47404K(48256K)->47404K(48256K) NonClass: 41878K(42304K)->41878K(42304K) Class: 5526K(5952K)->5526K(5952K)
[2025-11-20T15:46:18.712+0800][gc          ] GC(9) Pause Young (Normal) (G1 Evacuation Pause) 211M->164M(1024M) 63.975ms
[2025-11-20T15:46:18.713+0800][gc,cpu      ] GC(9) User=0.06s Sys=0.04s Real=0.07s
[2025-11-20T15:58:12.194+0800][gc,start    ] GC(10) Pause Young (Normal) (G1 Evacuation Pause)
[2025-11-20T15:58:12.195+0800][gc,task     ] GC(10) Using 2 workers of 2 for evacuation
[2025-11-20T15:58:12.252+0800][gc,mmu      ] GC(10) MMU target violated: 21.0ms (20.0ms/21.0ms)
[2025-11-20T15:58:12.252+0800][gc,phases   ] GC(10)   Pre Evacuate Collection Set: 2.1ms
[2025-11-20T15:58:12.252+0800][gc,phases   ] GC(10)   Merge Heap Roots: 1.2ms
[2025-11-20T15:58:12.252+0800][gc,phases   ] GC(10)   Evacuate Collection Set: 28.6ms
[2025-11-20T15:58:12.252+0800][gc,phases   ] GC(10)   Post Evacuate Collection Set: 23.9ms
[2025-11-20T15:58:12.252+0800][gc,phases   ] GC(10)   Other: 2.1ms
[2025-11-20T15:58:12.252+0800][gc,heap     ] GC(10) Eden regions: 47->0(47)
[2025-11-20T15:58:12.252+0800][gc,heap     ] GC(10) Survivor regions: 4->4(7)
[2025-11-20T15:58:12.252+0800][gc,heap     ] GC(10) Old regions: 22->24
[2025-11-20T15:58:12.252+0800][gc,heap     ] GC(10) Archive regions: 2->2
[2025-11-20T15:58:12.252+0800][gc,heap     ] GC(10) Humongous regions: 138->138
[2025-11-20T15:58:12.252+0800][gc,metaspace] GC(10) Metaspace: 47438K(48320K)->47438K(48320K) NonClass: 41911K(42368K)->41911K(42368K) Class: 5526K(5952K)->5526K(5952K)
[2025-11-20T15:58:12.252+0800][gc          ] GC(10) Pause Young (Normal) (G1 Evacuation Pause) 211M->166M(1024M) 57.976ms
[2025-11-20T15:58:12.252+0800][gc,cpu      ] GC(10) User=0.03s Sys=0.03s Real=0.06s
[2025-11-20T16:09:32.103+0800][gc,start    ] GC(11) Pause Young (Normal) (G1 Evacuation Pause)
[2025-11-20T16:09:32.103+0800][gc,task     ] GC(11) Using 2 workers of 2 for evacuation
[2025-11-20T16:09:32.132+0800][gc,mmu      ] GC(11) MMU target violated: 21.0ms (20.0ms/21.0ms)
[2025-11-20T16:09:32.133+0800][gc,phases   ] GC(11)   Pre Evacuate Collection Set: 2.6ms
[2025-11-20T16:09:32.133+0800][gc,phases   ] GC(11)   Merge Heap Roots: 3.3ms
[2025-11-20T16:09:32.133+0800][gc,phases   ] GC(11)   Evacuate Collection Set: 21.0ms
[2025-11-20T16:09:32.133+0800][gc,phases   ] GC(11)   Post Evacuate Collection Set: 2.1ms
[2025-11-20T16:09:32.133+0800][gc,phases   ] GC(11)   Other: 1.4ms
[2025-11-20T16:09:32.133+0800][gc,heap     ] GC(11) Eden regions: 47->0(45)
[2025-11-20T16:09:32.133+0800][gc,heap     ] GC(11) Survivor regions: 4->6(7)
[2025-11-20T16:09:32.133+0800][gc,heap     ] GC(11) Old regions: 24->24
[2025-11-20T16:09:32.133+0800][gc,heap     ] GC(11) Archive regions: 2->2
[2025-11-20T16:09:32.133+0800][gc,heap     ] GC(11) Humongous regions: 138->138
[2025-11-20T16:09:32.133+0800][gc,metaspace] GC(11) Metaspace: 47501K(48384K)->47501K(48384K) NonClass: 41972K(42432K)->41972K(42432K) Class: 5528K(5952K)->5528K(5952K)
[2025-11-20T16:09:32.133+0800][gc          ] GC(11) Pause Young (Normal) (G1 Evacuation Pause) 213M->167M(1024M) 30.383ms
[2025-11-20T16:09:32.133+0800][gc,cpu      ] GC(11) User=0.02s Sys=0.02s Real=0.03s
[2025-11-20T16:20:32.515+0800][gc,start    ] GC(12) Pause Young (Normal) (G1 Evacuation Pause)
[2025-11-20T16:20:32.515+0800][gc,task     ] GC(12) Using 2 workers of 2 for evacuation
[2025-11-20T16:20:32.559+0800][gc,mmu      ] GC(12) MMU target violated: 21.0ms (20.0ms/21.0ms)
[2025-11-20T16:20:32.559+0800][gc,phases   ] GC(12)   Pre Evacuate Collection Set: 4.3ms
[2025-11-20T16:20:32.559+0800][gc,phases   ] GC(12)   Merge Heap Roots: 1.6ms
[2025-11-20T16:20:32.559+0800][gc,phases   ] GC(12)   Evacuate Collection Set: 25.4ms
[2025-11-20T16:20:32.559+0800][gc,phases   ] GC(12)   Post Evacuate Collection Set: 11.1ms
[2025-11-20T16:20:32.559+0800][gc,phases   ] GC(12)   Other: 1.6ms
[2025-11-20T16:20:32.559+0800][gc,heap     ] GC(12) Eden regions: 45->0(46)
[2025-11-20T16:20:32.559+0800][gc,heap     ] GC(12) Survivor regions: 6->5(7)
[2025-11-20T16:20:32.559+0800][gc,heap     ] GC(12) Old regions: 24->26
[2025-11-20T16:20:32.559+0800][gc,heap     ] GC(12) Archive regions: 2->2
[2025-11-20T16:20:32.559+0800][gc,heap     ] GC(12) Humongous regions: 147->147
[2025-11-20T16:20:32.559+0800][gc,metaspace] GC(12) Metaspace: 47743K(48640K)->47743K(48640K) NonClass: 42175K(42624K)->42175K(42624K) Class: 5567K(6016K)->5567K(6016K)
[2025-11-20T16:20:32.559+0800][gc          ] GC(12) Pause Young (Normal) (G1 Evacuation Pause) 221M->178M(1024M) 44.016ms
[2025-11-20T16:20:32.559+0800][gc,cpu      ] GC(12) User=0.04s Sys=0.04s Real=0.04s
[2025-11-20T16:33:15.714+0800][gc,start    ] GC(13) Pause Young (Normal) (G1 Evacuation Pause)
[2025-11-20T16:33:15.715+0800][gc,task     ] GC(13) Using 2 workers of 2 for evacuation
[2025-11-20T16:33:15.759+0800][gc,mmu      ] GC(13) MMU target violated: 21.0ms (20.0ms/21.0ms)
[2025-11-20T16:33:15.759+0800][gc,phases   ] GC(13)   Pre Evacuate Collection Set: 4.1ms
[2025-11-20T16:33:15.759+0800][gc,phases   ] GC(13)   Merge Heap Roots: 2.3ms
[2025-11-20T16:33:15.759+0800][gc,phases   ] GC(13)   Evacuate Collection Set: 22.9ms
[2025-11-20T16:33:15.760+0800][gc,phases   ] GC(13)   Post Evacuate Collection Set: 7.3ms
[2025-11-20T16:33:15.761+0800][gc,phases   ] GC(13)   Other: 8.2ms
[2025-11-20T16:33:15.761+0800][gc,heap     ] GC(13) Eden regions: 46->0(48)
[2025-11-20T16:33:15.761+0800][gc,heap     ] GC(13) Survivor regions: 5->3(7)
[2025-11-20T16:33:15.761+0800][gc,heap     ] GC(13) Old regions: 26->29
[2025-11-20T16:33:15.761+0800][gc,heap     ] GC(13) Archive regions: 2->2
[2025-11-20T16:33:15.761+0800][gc,heap     ] GC(13) Humongous regions: 147->147
[2025-11-20T16:33:15.761+0800][gc,metaspace] GC(13) Metaspace: 47775K(48704K)->47775K(48704K) NonClass: 42207K(42688K)->42207K(42688K) Class: 5567K(6016K)->5567K(6016K)
[2025-11-20T16:33:15.762+0800][gc          ] GC(13) Pause Young (Normal) (G1 Evacuation Pause) 224M->179M(1024M) 46.327ms
[2025-11-20T16:33:15.762+0800][gc,cpu      ] GC(13) User=0.03s Sys=0.04s Real=0.05s
[2025-11-20T16:45:43.165+0800][gc,start    ] GC(14) Pause Young (Normal) (G1 Evacuation Pause)
[2025-11-20T16:45:43.175+0800][gc,task     ] GC(14) Using 2 workers of 2 for evacuation
[2025-11-20T16:45:43.210+0800][gc,mmu      ] GC(14) MMU target violated: 21.0ms (20.0ms/21.0ms)
[2025-11-20T16:45:43.210+0800][gc,phases   ] GC(14)   Pre Evacuate Collection Set: 4.6ms
[2025-11-20T16:45:43.210+0800][gc,phases   ] GC(14)   Merge Heap Roots: 1.7ms
[2025-11-20T16:45:43.210+0800][gc,phases   ] GC(14)   Evacuate Collection Set: 17.5ms
[2025-11-20T16:45:43.210+0800][gc,phases   ] GC(14)   Post Evacuate Collection Set: 11.4ms
[2025-11-20T16:45:43.210+0800][gc,phases   ] GC(14)   Other: 10.3ms
[2025-11-20T16:45:43.210+0800][gc,heap     ] GC(14) Eden regions: 48->0(47)
[2025-11-20T16:45:43.210+0800][gc,heap     ] GC(14) Survivor regions: 3->4(7)
[2025-11-20T16:45:43.210+0800][gc,heap     ] GC(14) Old regions: 29->29
[2025-11-20T16:45:43.210+0800][gc,heap     ] GC(14) Archive regions: 2->2
[2025-11-20T16:45:43.210+0800][gc,heap     ] GC(14) Humongous regions: 147->147
[2025-11-20T16:45:43.210+0800][gc,metaspace] GC(14) Metaspace: 47804K(48704K)->47804K(48704K) NonClass: 42237K(42688K)->42237K(42688K) Class: 5567K(6016K)->5567K(6016K)
[2025-11-20T16:45:43.211+0800][gc          ] GC(14) Pause Young (Normal) (G1 Evacuation Pause) 227M->180M(1024M) 45.444ms
[2025-11-20T16:45:43.211+0800][gc,cpu      ] GC(14) User=0.02s Sys=0.03s Real=0.05s
[2025-11-20T16:57:03.244+0800][gc,start    ] GC(15) Pause Young (Normal) (G1 Evacuation Pause)
[2025-11-20T16:57:03.247+0800][gc,task     ] GC(15) Using 2 workers of 2 for evacuation
[2025-11-20T16:57:03.266+0800][gc,phases   ] GC(15)   Pre Evacuate Collection Set: 1.0ms
[2025-11-20T16:57:03.266+0800][gc,phases   ] GC(15)   Merge Heap Roots: 0.2ms
[2025-11-20T16:57:03.266+0800][gc,phases   ] GC(15)   Evacuate Collection Set: 14.5ms
[2025-11-20T16:57:03.266+0800][gc,phases   ] GC(15)   Post Evacuate Collection Set: 3.2ms
[2025-11-20T16:57:03.266+0800][gc,phases   ] GC(15)   Other: 2.9ms
[2025-11-20T16:57:03.266+0800][gc,heap     ] GC(15) Eden regions: 47->0(48)
[2025-11-20T16:57:03.266+0800][gc,heap     ] GC(15) Survivor regions: 4->3(7)
[2025-11-20T16:57:03.266+0800][gc,heap     ] GC(15) Old regions: 29->30
[2025-11-20T16:57:03.266+0800][gc,heap     ] GC(15) Archive regions: 2->2
[2025-11-20T16:57:03.266+0800][gc,heap     ] GC(15) Humongous regions: 147->147
[2025-11-20T16:57:03.266+0800][gc,metaspace] GC(15) Metaspace: 47890K(48832K)->47890K(48832K) NonClass: 42322K(42816K)->42322K(42816K) Class: 5568K(6016K)->5568K(6016K)
[2025-11-20T16:57:03.266+0800][gc          ] GC(15) Pause Young (Normal) (G1 Evacuation Pause) 227M->180M(1024M) 22.008ms
[2025-11-20T16:57:03.266+0800][gc,cpu      ] GC(15) User=0.01s Sys=0.01s Real=0.02s
[2025-11-20T17:08:21.837+0800][gc,start    ] GC(16) Pause Young (Normal) (G1 Evacuation Pause)
[2025-11-20T17:08:21.840+0800][gc,task     ] GC(16) Using 2 workers of 2 for evacuation
[2025-11-20T17:08:21.865+0800][gc,mmu      ] GC(16) MMU target violated: 21.0ms (20.0ms/21.0ms)
[2025-11-20T17:08:21.865+0800][gc,phases   ] GC(16)   Pre Evacuate Collection Set: 1.2ms
[2025-11-20T17:08:21.865+0800][gc,phases   ] GC(16)   Merge Heap Roots: 1.6ms
[2025-11-20T17:08:21.865+0800][gc,phases   ] GC(16)   Evacuate Collection Set: 16.1ms
[2025-11-20T17:08:21.865+0800][gc,phases   ] GC(16)   Post Evacuate Collection Set: 5.8ms
[2025-11-20T17:08:21.865+0800][gc,phases   ] GC(16)   Other: 3.3ms
[2025-11-20T17:08:21.866+0800][gc,heap     ] GC(16) Eden regions: 48->0(48)
[2025-11-20T17:08:21.866+0800][gc,heap     ] GC(16) Survivor regions: 3->3(7)
[2025-11-20T17:08:21.866+0800][gc,heap     ] GC(16) Old regions: 30->30
[2025-11-20T17:08:21.866+0800][gc,heap     ] GC(16) Archive regions: 2->2
[2025-11-20T17:08:21.866+0800][gc,heap     ] GC(16) Humongous regions: 147->147
[2025-11-20T17:08:21.866+0800][gc,metaspace] GC(16) Metaspace: 47937K(48832K)->47937K(48832K) NonClass: 42368K(42816K)->42368K(42816K) Class: 5568K(6016K)->5568K(6016K)
[2025-11-20T17:08:21.866+0800][gc          ] GC(16) Pause Young (Normal) (G1 Evacuation Pause) 228M->180M(1024M) 28.395ms
[2025-11-20T17:08:21.866+0800][gc,cpu      ] GC(16) User=0.01s Sys=0.02s Real=0.03s
[2025-11-20T17:18:46.080+0800][gc,start    ] GC(17) Pause Young (Normal) (G1 Evacuation Pause)
[2025-11-20T17:18:46.087+0800][gc,task     ] GC(17) Using 2 workers of 2 for evacuation
[2025-11-20T17:18:46.136+0800][gc,mmu      ] GC(17) MMU target violated: 21.0ms (20.0ms/21.0ms)
[2025-11-20T17:18:46.136+0800][gc,phases   ] GC(17)   Pre Evacuate Collection Set: 25.8ms
[2025-11-20T17:18:46.136+0800][gc,phases   ] GC(17)   Merge Heap Roots: 0.8ms
[2025-11-20T17:18:46.136+0800][gc,phases   ] GC(17)   Evacuate Collection Set: 20.5ms
[2025-11-20T17:18:46.136+0800][gc,phases   ] GC(17)   Post Evacuate Collection Set: 1.7ms
[2025-11-20T17:18:46.136+0800][gc,phases   ] GC(17)   Other: 7.8ms
[2025-11-20T17:18:46.136+0800][gc,heap     ] GC(17) Eden regions: 48->0(47)
[2025-11-20T17:18:46.136+0800][gc,heap     ] GC(17) Survivor regions: 3->4(7)
[2025-11-20T17:18:46.136+0800][gc,heap     ] GC(17) Old regions: 30->30
[2025-11-20T17:18:46.136+0800][gc,heap     ] GC(17) Archive regions: 2->2
[2025-11-20T17:18:46.136+0800][gc,heap     ] GC(17) Humongous regions: 147->147
[2025-11-20T17:18:46.136+0800][gc,metaspace] GC(17) Metaspace: 47981K(48896K)->47981K(48896K) NonClass: 42408K(42880K)->42408K(42880K) Class: 5573K(6016K)->5573K(6016K)
[2025-11-20T17:18:46.136+0800][gc          ] GC(17) Pause Young (Normal) (G1 Evacuation Pause) 228M->181M(1024M) 56.683ms
[2025-11-20T17:18:46.136+0800][gc,cpu      ] GC(17) User=0.03s Sys=0.01s Real=0.06s
[2025-11-20T17:28:08.011+0800][gc,start    ] GC(18) Pause Young (Normal) (G1 Evacuation Pause)
[2025-11-20T17:28:08.011+0800][gc,task     ] GC(18) Using 2 workers of 2 for evacuation
[2025-11-20T17:28:08.029+0800][gc,phases   ] GC(18)   Pre Evacuate Collection Set: 1.3ms
[2025-11-20T17:28:08.029+0800][gc,phases   ] GC(18)   Merge Heap Roots: 0.6ms
[2025-11-20T17:28:08.029+0800][gc,phases   ] GC(18)   Evacuate Collection Set: 13.3ms
[2025-11-20T17:28:08.029+0800][gc,phases   ] GC(18)   Post Evacuate Collection Set: 2.5ms
[2025-11-20T17:28:08.029+0800][gc,phases   ] GC(18)   Other: 0.9ms
[2025-11-20T17:28:08.029+0800][gc,heap     ] GC(18) Eden regions: 47->0(47)
[2025-11-20T17:28:08.030+0800][gc,heap     ] GC(18) Survivor regions: 4->4(7)
[2025-11-20T17:28:08.030+0800][gc,heap     ] GC(18) Old regions: 30->30
[2025-11-20T17:28:08.030+0800][gc,heap     ] GC(18) Archive regions: 2->2
[2025-11-20T17:28:08.030+0800][gc,heap     ] GC(18) Humongous regions: 147->147
[2025-11-20T17:28:08.030+0800][gc,metaspace] GC(18) Metaspace: 48206K(49088K)->48206K(49088K) NonClass: 42633K(43072K)->42633K(43072K) Class: 5573K(6016K)->5573K(6016K)
[2025-11-20T17:28:08.030+0800][gc          ] GC(18) Pause Young (Normal) (G1 Evacuation Pause) 228M->181M(1024M) 19.211ms
[2025-11-20T17:28:08.030+0800][gc,cpu      ] GC(18) User=0.02s Sys=0.01s Real=0.02s
[2025-11-20T17:37:21.064+0800][gc,start    ] GC(19) Pause Young (Normal) (G1 Evacuation Pause)
[2025-11-20T17:37:21.070+0800][gc,task     ] GC(19) Using 2 workers of 2 for evacuation
[2025-11-20T17:37:21.091+0800][gc,mmu      ] GC(19) MMU target violated: 20.5ms (20.0ms/21.0ms)
[2025-11-20T17:37:21.091+0800][gc,phases   ] GC(19)   Pre Evacuate Collection Set: 1.4ms
[2025-11-20T17:37:21.091+0800][gc,phases   ] GC(19)   Merge Heap Roots: 0.4ms
[2025-11-20T17:37:21.091+0800][gc,phases   ] GC(19)   Evacuate Collection Set: 12.6ms
[2025-11-20T17:37:21.091+0800][gc,phases   ] GC(19)   Post Evacuate Collection Set: 5.2ms
[2025-11-20T17:37:21.091+0800][gc,phases   ] GC(19)   Other: 7.8ms
[2025-11-20T17:37:21.091+0800][gc,heap     ] GC(19) Eden regions: 47->0(47)
[2025-11-20T17:37:21.091+0800][gc,heap     ] GC(19) Survivor regions: 4->4(7)
[2025-11-20T17:37:21.091+0800][gc,heap     ] GC(19) Old regions: 30->31
[2025-11-20T17:37:21.091+0800][gc,heap     ] GC(19) Archive regions: 2->2
[2025-11-20T17:37:21.091+0800][gc,heap     ] GC(19) Humongous regions: 147->147
[2025-11-20T17:37:21.091+0800][gc,metaspace] GC(19) Metaspace: 48250K(49152K)->48250K(49152K) NonClass: 42677K(43136K)->42677K(43136K) Class: 5573K(6016K)->5573K(6016K)
[2025-11-20T17:37:21.091+0800][gc          ] GC(19) Pause Young (Normal) (G1 Evacuation Pause) 228M->181M(1024M) 27.536ms
[2025-11-20T17:37:21.091+0800][gc,cpu      ] GC(19) User=0.02s Sys=0.01s Real=0.03s
[2025-11-20T17:46:48.166+0800][gc,start    ] GC(20) Pause Young (Normal) (G1 Evacuation Pause)
[2025-11-20T17:46:48.172+0800][gc,task     ] GC(20) Using 2 workers of 2 for evacuation
[2025-11-20T17:46:48.194+0800][gc,mmu      ] GC(20) MMU target violated: 21.0ms (20.0ms/21.0ms)
[2025-11-20T17:46:48.195+0800][gc,phases   ] GC(20)   Pre Evacuate Collection Set: 1.1ms
[2025-11-20T17:46:48.195+0800][gc,phases   ] GC(20)   Merge Heap Roots: 0.2ms
[2025-11-20T17:46:48.196+0800][gc,phases   ] GC(20)   Evacuate Collection Set: 14.6ms
[2025-11-20T17:46:48.196+0800][gc,phases   ] GC(20)   Post Evacuate Collection Set: 5.6ms
[2025-11-20T17:46:48.196+0800][gc,phases   ] GC(20)   Other: 8.6ms
[2025-11-20T17:46:48.196+0800][gc,heap     ] GC(20) Eden regions: 47->0(47)
[2025-11-20T17:46:48.196+0800][gc,heap     ] GC(20) Survivor regions: 4->4(7)
[2025-11-20T17:46:48.196+0800][gc,heap     ] GC(20) Old regions: 31->31
[2025-11-20T17:46:48.196+0800][gc,heap     ] GC(20) Archive regions: 2->2
[2025-11-20T17:46:48.196+0800][gc,heap     ] GC(20) Humongous regions: 147->147
[2025-11-20T17:46:48.196+0800][gc,metaspace] GC(20) Metaspace: 48274K(49216K)->48274K(49216K) NonClass: 42701K(43200K)->42701K(43200K) Class: 5573K(6016K)->5573K(6016K)
[2025-11-20T17:46:48.196+0800][gc          ] GC(20) Pause Young (Normal) (G1 Evacuation Pause) 228M->181M(1024M) 29.776ms
[2025-11-20T17:46:48.196+0800][gc,cpu      ] GC(20) User=0.02s Sys=0.02s Real=0.03s
[2025-11-20T17:56:45.137+0800][gc,start    ] GC(21) Pause Young (Normal) (G1 Evacuation Pause)
[2025-11-20T17:56:45.137+0800][gc,task     ] GC(21) Using 2 workers of 2 for evacuation
[2025-11-20T17:56:45.148+0800][gc,phases   ] GC(21)   Pre Evacuate Collection Set: 1.1ms
[2025-11-20T17:56:45.148+0800][gc,phases   ] GC(21)   Merge Heap Roots: 0.2ms
[2025-11-20T17:56:45.148+0800][gc,phases   ] GC(21)   Evacuate Collection Set: 7.5ms
[2025-11-20T17:56:45.148+0800][gc,phases   ] GC(21)   Post Evacuate Collection Set: 2.5ms
[2025-11-20T17:56:45.148+0800][gc,phases   ] GC(21)   Other: 0.3ms
[2025-11-20T17:56:45.148+0800][gc,heap     ] GC(21) Eden regions: 47->0(47)
[2025-11-20T17:56:45.148+0800][gc,heap     ] GC(21) Survivor regions: 4->4(7)
[2025-11-20T17:56:45.148+0800][gc,heap     ] GC(21) Old regions: 31->31
[2025-11-20T17:56:45.148+0800][gc,heap     ] GC(21) Archive regions: 2->2
[2025-11-20T17:56:45.148+0800][gc,heap     ] GC(21) Humongous regions: 147->147
[2025-11-20T17:56:45.149+0800][gc,metaspace] GC(21) Metaspace: 48288K(49216K)->48288K(49216K) NonClass: 42714K(43200K)->42714K(43200K) Class: 5573K(6016K)->5573K(6016K)
[2025-11-20T17:56:45.149+0800][gc          ] GC(21) Pause Young (Normal) (G1 Evacuation Pause) 228M->181M(1024M) 11.826ms
[2025-11-20T17:56:45.149+0800][gc,cpu      ] GC(21) User=0.01s Sys=0.02s Real=0.01s
