[2025-11-20T12:51:42.999+0800][gc] Using G1
[2025-11-20T12:51:43.011+0800][gc,init] Version: 17.0.16+8-Ubuntu-0ubuntu124.04.1 (release)
[2025-11-20T12:51:43.011+0800][gc,init] CPUs: 3 total, 3 available
[2025-11-20T12:51:43.011+0800][gc,init] Memory: 5024M
[2025-11-20T12:51:43.011+0800][gc,init] Large Page Support: Disabled
[2025-11-20T12:51:43.011+0800][gc,init] NUMA Support: Disabled
[2025-11-20T12:51:43.011+0800][gc,init] Compressed Oops: Enabled (32-bit)
[2025-11-20T12:51:43.011+0800][gc,init] Heap Region Size: 1M
[2025-11-20T12:51:43.011+0800][gc,init] Heap Min Capacity: 1G
[2025-11-20T12:51:43.011+0800][gc,init] Heap Initial Capacity: 1G
[2025-11-20T12:51:43.011+0800][gc,init] Heap Max Capacity: 1G
[2025-11-20T12:51:43.011+0800][gc,init] Pre-touch: Disabled
[2025-11-20T12:51:43.011+0800][gc,init] Parallel Workers: 3
[2025-11-20T12:51:43.011+0800][gc,init] Concurrent Workers: 1
[2025-11-20T12:51:43.011+0800][gc,init] Concurrent Refinement Workers: 3
[2025-11-20T12:51:43.011+0800][gc,init] Periodic GC: Disabled
[2025-11-20T12:51:43.023+0800][gc,metaspace] CDS archive(s) mapped at: [0x00007d592f000000-0x00007d592fbca000-0x00007d592fbca000), size 12361728, SharedBaseAddress: 0x00007d592f000000, ArchiveRelocationMode: 1.
[2025-11-20T12:51:43.023+0800][gc,metaspace] Compressed class space mapped at: 0x00007d5930000000-0x00007d5970000000, reserved size: 1073741824
[2025-11-20T12:51:43.024+0800][gc,metaspace] Narrow klass base: 0x00007d592f000000, Narrow klass shift: 0, Narrow klass range: 0x100000000
[2025-11-20T12:51:43.912+0800][gc,start    ] GC(0) Pause Young (Normal) (G1 Evacuation Pause)
[2025-11-20T12:51:43.914+0800][gc,task     ] GC(0) Using 3 workers of 3 for evacuation
[2025-11-20T12:51:43.929+0800][gc,phases   ] GC(0)   Pre Evacuate Collection Set: 0.6ms
[2025-11-20T12:51:43.929+0800][gc,phases   ] GC(0)   Merge Heap Roots: 0.6ms
[2025-11-20T12:51:43.929+0800][gc,phases   ] GC(0)   Evacuate Collection Set: 12.0ms
[2025-11-20T12:51:43.929+0800][gc,phases   ] GC(0)   Post Evacuate Collection Set: 1.6ms
[2025-11-20T12:51:43.929+0800][gc,phases   ] GC(0)   Other: 1.4ms
[2025-11-20T12:51:43.929+0800][gc,heap     ] GC(0) Eden regions: 51->0(44)
[2025-11-20T12:51:43.929+0800][gc,heap     ] GC(0) Survivor regions: 0->7(7)
[2025-11-20T12:51:43.929+0800][gc,heap     ] GC(0) Old regions: 0->1
[2025-11-20T12:51:43.929+0800][gc,heap     ] GC(0) Archive regions: 2->2
[2025-11-20T12:51:43.929+0800][gc,heap     ] GC(0) Humongous regions: 0->0
[2025-11-20T12:51:43.929+0800][gc,metaspace] GC(0) Metaspace: 16525K(16704K)->16525K(16704K) NonClass: 14603K(14720K)->14603K(14720K) Class: 1921K(1984K)->1921K(1984K)
[2025-11-20T12:51:43.929+0800][gc          ] GC(0) Pause Young (Normal) (G1 Evacuation Pause) 51M->8M(1024M) 16.234ms
[2025-11-20T12:51:43.929+0800][gc,cpu      ] GC(0) User=0.03s Sys=0.01s Real=0.03s
[2025-11-20T12:51:44.160+0800][gc,start    ] GC(1) Pause Young (Concurrent Start) (Metadata GC Threshold)
[2025-11-20T12:51:44.160+0800][gc,task     ] GC(1) Using 3 workers of 3 for evacuation
[2025-11-20T12:51:44.169+0800][gc,phases   ] GC(1)   Pre Evacuate Collection Set: 0.2ms
[2025-11-20T12:51:44.169+0800][gc,phases   ] GC(1)   Merge Heap Roots: 0.0ms
[2025-11-20T12:51:44.169+0800][gc,phases   ] GC(1)   Evacuate Collection Set: 8.3ms
[2025-11-20T12:51:44.169+0800][gc,phases   ] GC(1)   Post Evacuate Collection Set: 0.8ms
[2025-11-20T12:51:44.169+0800][gc,phases   ] GC(1)   Other: 0.1ms
[2025-11-20T12:51:44.169+0800][gc,heap     ] GC(1) Eden regions: 15->0(49)
[2025-11-20T12:51:44.169+0800][gc,heap     ] GC(1) Survivor regions: 7->2(7)
[2025-11-20T12:51:44.169+0800][gc,heap     ] GC(1) Old regions: 1->8
[2025-11-20T12:51:44.169+0800][gc,heap     ] GC(1) Archive regions: 2->2
[2025-11-20T12:51:44.169+0800][gc,heap     ] GC(1) Humongous regions: 0->0
[2025-11-20T12:51:44.169+0800][gc,metaspace] GC(1) Metaspace: 21230K(21504K)->21230K(21504K) NonClass: 18591K(18688K)->18591K(18688K) Class: 2638K(2816K)->2638K(2816K)
[2025-11-20T12:51:44.169+0800][gc          ] GC(1) Pause Young (Concurrent Start) (Metadata GC Threshold) 23M->10M(1024M) 9.498ms
[2025-11-20T12:51:44.169+0800][gc,cpu      ] GC(1) User=0.02s Sys=0.00s Real=0.02s
[2025-11-20T12:51:44.169+0800][gc          ] GC(2) Concurrent Mark Cycle
[2025-11-20T12:51:44.169+0800][gc,marking  ] GC(2) Concurrent Clear Claimed Marks
[2025-11-20T12:51:44.169+0800][gc,marking  ] GC(2) Concurrent Clear Claimed Marks 0.012ms
[2025-11-20T12:51:44.169+0800][gc,marking  ] GC(2) Concurrent Scan Root Regions
[2025-11-20T12:51:44.172+0800][gc,marking  ] GC(2) Concurrent Scan Root Regions 2.569ms
[2025-11-20T12:51:44.172+0800][gc,marking  ] GC(2) Concurrent Mark
[2025-11-20T12:51:44.172+0800][gc,marking  ] GC(2) Concurrent Mark From Roots
[2025-11-20T12:51:44.172+0800][gc,task     ] GC(2) Using 1 workers of 1 for marking
[2025-11-20T12:51:44.178+0800][gc,marking  ] GC(2) Concurrent Mark From Roots 5.930ms
[2025-11-20T12:51:44.178+0800][gc,marking  ] GC(2) Concurrent Preclean
[2025-11-20T12:51:44.178+0800][gc,marking  ] GC(2) Concurrent Preclean 0.022ms
[2025-11-20T12:51:44.214+0800][gc,start    ] GC(2) Pause Remark
[2025-11-20T12:51:44.223+0800][gc          ] GC(2) Pause Remark 10M->10M(1024M) 9.159ms
[2025-11-20T12:51:44.223+0800][gc,cpu      ] GC(2) User=0.00s Sys=0.00s Real=0.01s
[2025-11-20T12:51:44.225+0800][gc,marking  ] GC(2) Concurrent Mark 52.680ms
[2025-11-20T12:51:44.225+0800][gc,marking  ] GC(2) Concurrent Rebuild Remembered Sets
[2025-11-20T12:51:44.225+0800][gc,marking  ] GC(2) Concurrent Rebuild Remembered Sets 0.006ms
[2025-11-20T12:51:44.227+0800][gc,start    ] GC(2) Pause Cleanup
[2025-11-20T12:51:44.227+0800][gc          ] GC(2) Pause Cleanup 10M->10M(1024M) 0.040ms
[2025-11-20T12:51:44.227+0800][gc,cpu      ] GC(2) User=0.00s Sys=0.00s Real=0.00s
[2025-11-20T12:51:44.227+0800][gc,marking  ] GC(2) Concurrent Cleanup for Next Mark
[2025-11-20T12:51:44.246+0800][gc,marking  ] GC(2) Concurrent Cleanup for Next Mark 18.852ms
[2025-11-20T12:51:44.246+0800][gc          ] GC(2) Concurrent Mark Cycle 76.549ms
[2025-11-20T12:51:45.113+0800][gc,start    ] GC(3) Pause Young (Normal) (G1 Evacuation Pause)
[2025-11-20T12:51:45.113+0800][gc,task     ] GC(3) Using 3 workers of 3 for evacuation
[2025-11-20T12:51:45.126+0800][gc,phases   ] GC(3)   Pre Evacuate Collection Set: 0.3ms
[2025-11-20T12:51:45.126+0800][gc,phases   ] GC(3)   Merge Heap Roots: 0.4ms
[2025-11-20T12:51:45.126+0800][gc,phases   ] GC(3)   Evacuate Collection Set: 11.9ms
[2025-11-20T12:51:45.126+0800][gc,phases   ] GC(3)   Post Evacuate Collection Set: 0.8ms
[2025-11-20T12:51:45.126+0800][gc,phases   ] GC(3)   Other: 0.1ms
[2025-11-20T12:51:45.126+0800][gc,heap     ] GC(3) Eden regions: 49->0(45)
[2025-11-20T12:51:45.126+0800][gc,heap     ] GC(3) Survivor regions: 2->6(7)
[2025-11-20T12:51:45.126+0800][gc,heap     ] GC(3) Old regions: 8->8
[2025-11-20T12:51:45.126+0800][gc,heap     ] GC(3) Archive regions: 2->2
[2025-11-20T12:51:45.126+0800][gc,heap     ] GC(3) Humongous regions: 9->9
[2025-11-20T12:51:45.126+0800][gc,metaspace] GC(3) Metaspace: 33509K(33920K)->33509K(33920K) NonClass: 29594K(29824K)->29594K(29824K) Class: 3914K(4096K)->3914K(4096K)
[2025-11-20T12:51:45.126+0800][gc          ] GC(3) Pause Young (Normal) (G1 Evacuation Pause) 68M->23M(1024M) 13.652ms
[2025-11-20T12:51:45.126+0800][gc,cpu      ] GC(3) User=0.01s Sys=0.01s Real=0.01s
[2025-11-20T12:51:45.365+0800][gc,start    ] GC(4) Pause Young (Concurrent Start) (Metadata GC Threshold)
[2025-11-20T12:51:45.365+0800][gc,task     ] GC(4) Using 3 workers of 3 for evacuation
[2025-11-20T12:51:45.376+0800][gc,phases   ] GC(4)   Pre Evacuate Collection Set: 0.6ms
[2025-11-20T12:51:45.376+0800][gc,phases   ] GC(4)   Merge Heap Roots: 0.3ms
[2025-11-20T12:51:45.376+0800][gc,phases   ] GC(4)   Evacuate Collection Set: 9.2ms
[2025-11-20T12:51:45.376+0800][gc,phases   ] GC(4)   Post Evacuate Collection Set: 0.7ms
[2025-11-20T12:51:45.376+0800][gc,phases   ] GC(4)   Other: 0.3ms
[2025-11-20T12:51:45.376+0800][gc,heap     ] GC(4) Eden regions: 12->0(50)
[2025-11-20T12:51:45.376+0800][gc,heap     ] GC(4) Survivor regions: 6->1(7)
[2025-11-20T12:51:45.376+0800][gc,heap     ] GC(4) Old regions: 8->14
[2025-11-20T12:51:45.376+0800][gc,heap     ] GC(4) Archive regions: 2->2
[2025-11-20T12:51:45.376+0800][gc,heap     ] GC(4) Humongous regions: 9->9
[2025-11-20T12:51:45.376+0800][gc,metaspace] GC(4) Metaspace: 35657K(36096K)->35657K(36096K) NonClass: 31485K(31680K)->31485K(31680K) Class: 4171K(4416K)->4171K(4416K)
[2025-11-20T12:51:45.376+0800][gc          ] GC(4) Pause Young (Concurrent Start) (Metadata GC Threshold) 35M->24M(1024M) 11.270ms
[2025-11-20T12:51:45.376+0800][gc,cpu      ] GC(4) User=0.02s Sys=0.01s Real=0.01s
[2025-11-20T12:51:45.376+0800][gc          ] GC(5) Concurrent Mark Cycle
[2025-11-20T12:51:45.376+0800][gc,marking  ] GC(5) Concurrent Clear Claimed Marks
[2025-11-20T12:51:45.376+0800][gc,marking  ] GC(5) Concurrent Clear Claimed Marks 0.042ms
[2025-11-20T12:51:45.376+0800][gc,marking  ] GC(5) Concurrent Scan Root Regions
[2025-11-20T12:51:45.388+0800][gc,marking  ] GC(5) Concurrent Scan Root Regions 11.219ms
[2025-11-20T12:51:45.388+0800][gc,marking  ] GC(5) Concurrent Mark
[2025-11-20T12:51:45.388+0800][gc,marking  ] GC(5) Concurrent Mark From Roots
[2025-11-20T12:51:45.388+0800][gc,task     ] GC(5) Using 1 workers of 1 for marking
[2025-11-20T12:51:45.415+0800][gc,marking  ] GC(5) Concurrent Mark From Roots 27.100ms
[2025-11-20T12:51:45.417+0800][gc,marking  ] GC(5) Concurrent Preclean
[2025-11-20T12:51:45.418+0800][gc,marking  ] GC(5) Concurrent Preclean 0.073ms
[2025-11-20T12:51:45.420+0800][gc,start    ] GC(5) Pause Remark
[2025-11-20T12:51:45.427+0800][gc          ] GC(5) Pause Remark 25M->25M(1024M) 7.226ms
[2025-11-20T12:51:45.427+0800][gc,cpu      ] GC(5) User=0.00s Sys=0.01s Real=0.00s
[2025-11-20T12:51:45.428+0800][gc,marking  ] GC(5) Concurrent Mark 40.695ms
[2025-11-20T12:51:45.428+0800][gc,marking  ] GC(5) Concurrent Rebuild Remembered Sets
[2025-11-20T12:51:45.441+0800][gc,marking  ] GC(5) Concurrent Rebuild Remembered Sets 12.980ms
[2025-11-20T12:51:45.442+0800][gc,start    ] GC(5) Pause Cleanup
[2025-11-20T12:51:45.443+0800][gc          ] GC(5) Pause Cleanup 26M->26M(1024M) 1.060ms
[2025-11-20T12:51:45.443+0800][gc,cpu      ] GC(5) User=0.00s Sys=0.00s Real=0.00s
[2025-11-20T12:51:45.444+0800][gc,marking  ] GC(5) Concurrent Cleanup for Next Mark
[2025-11-20T12:51:45.475+0800][gc,marking  ] GC(5) Concurrent Cleanup for Next Mark 31.053ms
[2025-11-20T12:51:45.475+0800][gc          ] GC(5) Concurrent Mark Cycle 98.320ms
[2025-11-20T12:52:05.980+0800][gc,start    ] GC(6) Pause Young (Normal) (G1 Evacuation Pause)
[2025-11-20T12:52:05.980+0800][gc,task     ] GC(6) Using 3 workers of 3 for evacuation
[2025-11-20T12:52:06.000+0800][gc,phases   ] GC(6)   Pre Evacuate Collection Set: 0.4ms
[2025-11-20T12:52:06.000+0800][gc,phases   ] GC(6)   Merge Heap Roots: 0.1ms
[2025-11-20T12:52:06.000+0800][gc,phases   ] GC(6)   Evacuate Collection Set: 15.7ms
[2025-11-20T12:52:06.000+0800][gc,phases   ] GC(6)   Post Evacuate Collection Set: 3.5ms
[2025-11-20T12:52:06.000+0800][gc,phases   ] GC(6)   Other: 0.9ms
[2025-11-20T12:52:06.000+0800][gc,heap     ] GC(6) Eden regions: 50->0(44)
[2025-11-20T12:52:06.000+0800][gc,heap     ] GC(6) Survivor regions: 1->7(7)
[2025-11-20T12:52:06.000+0800][gc,heap     ] GC(6) Old regions: 14->15
[2025-11-20T12:52:06.000+0800][gc,heap     ] GC(6) Archive regions: 2->2
[2025-11-20T12:52:06.000+0800][gc,heap     ] GC(6) Humongous regions: 138->138
[2025-11-20T12:52:06.000+0800][gc,metaspace] GC(6) Metaspace: 43026K(43712K)->43026K(43712K) NonClass: 37948K(38336K)->37948K(38336K) Class: 5078K(5376K)->5078K(5376K)
[2025-11-20T12:52:06.000+0800][gc          ] GC(6) Pause Young (Normal) (G1 Evacuation Pause) 203M->160M(1024M) 20.784ms
[2025-11-20T12:52:06.000+0800][gc,cpu      ] GC(6) User=0.04s Sys=0.02s Real=0.02s
[2025-11-20T12:58:36.698+0800][gc,start    ] GC(7) Pause Young (Normal) (G1 Evacuation Pause)
[2025-11-20T12:58:36.698+0800][gc,task     ] GC(7) Using 3 workers of 3 for evacuation
[2025-11-20T12:58:36.738+0800][gc,mmu      ] GC(7) MMU target violated: 21.0ms (20.0ms/21.0ms)
[2025-11-20T12:58:36.738+0800][gc,phases   ] GC(7)   Pre Evacuate Collection Set: 3.1ms
[2025-11-20T12:58:36.738+0800][gc,phases   ] GC(7)   Merge Heap Roots: 1.7ms
[2025-11-20T12:58:36.738+0800][gc,phases   ] GC(7)   Evacuate Collection Set: 29.9ms
[2025-11-20T12:58:36.738+0800][gc,phases   ] GC(7)   Post Evacuate Collection Set: 5.3ms
[2025-11-20T12:58:36.738+0800][gc,phases   ] GC(7)   Other: 0.4ms
[2025-11-20T12:58:36.738+0800][gc,heap     ] GC(7) Eden regions: 44->0(49)
[2025-11-20T12:58:36.739+0800][gc,heap     ] GC(7) Survivor regions: 7->2(7)
[2025-11-20T12:58:36.739+0800][gc,heap     ] GC(7) Old regions: 15->23
[2025-11-20T12:58:36.739+0800][gc,heap     ] GC(7) Archive regions: 2->2
[2025-11-20T12:58:36.739+0800][gc,heap     ] GC(7) Humongous regions: 138->138
[2025-11-20T12:58:36.739+0800][gc,metaspace] GC(7) Metaspace: 46660K(47552K)->46660K(47552K) NonClass: 41141K(41600K)->41141K(41600K) Class: 5518K(5952K)->5518K(5952K)
[2025-11-20T12:58:36.739+0800][gc          ] GC(7) Pause Young (Normal) (G1 Evacuation Pause) 204M->163M(1024M) 41.568ms
[2025-11-20T12:58:36.739+0800][gc,cpu      ] GC(7) User=0.04s Sys=0.03s Real=0.05s
[2025-11-20T13:08:19.521+0800][gc,start    ] GC(8) Pause Young (Normal) (G1 Evacuation Pause)
[2025-11-20T13:08:19.521+0800][gc,task     ] GC(8) Using 3 workers of 3 for evacuation
[2025-11-20T13:08:19.546+0800][gc,mmu      ] GC(8) MMU target violated: 21.0ms (20.0ms/21.0ms)
[2025-11-20T13:08:19.546+0800][gc,phases   ] GC(8)   Pre Evacuate Collection Set: 4.2ms
[2025-11-20T13:08:19.546+0800][gc,phases   ] GC(8)   Merge Heap Roots: 0.5ms
[2025-11-20T13:08:19.546+0800][gc,phases   ] GC(8)   Evacuate Collection Set: 17.9ms
[2025-11-20T13:08:19.546+0800][gc,phases   ] GC(8)   Post Evacuate Collection Set: 2.6ms
[2025-11-20T13:08:19.546+0800][gc,phases   ] GC(8)   Other: 0.5ms
[2025-11-20T13:08:19.546+0800][gc,heap     ] GC(8) Eden regions: 49->0(47)
[2025-11-20T13:08:19.546+0800][gc,heap     ] GC(8) Survivor regions: 2->4(7)
[2025-11-20T13:08:19.546+0800][gc,heap     ] GC(8) Old regions: 23->23
[2025-11-20T13:08:19.546+0800][gc,heap     ] GC(8) Archive regions: 2->2
[2025-11-20T13:08:19.546+0800][gc,heap     ] GC(8) Humongous regions: 138->138
[2025-11-20T13:08:19.547+0800][gc,metaspace] GC(8) Metaspace: 47372K(48256K)->47372K(48256K) NonClass: 41848K(42304K)->41848K(42304K) Class: 5523K(5952K)->5523K(5952K)
[2025-11-20T13:08:19.547+0800][gc          ] GC(8) Pause Young (Normal) (G1 Evacuation Pause) 212M->164M(1024M) 25.815ms
[2025-11-20T13:08:19.547+0800][gc,cpu      ] GC(8) User=0.03s Sys=0.01s Real=0.02s
[2025-11-20T13:20:14.687+0800][gc,start    ] GC(9) Pause Young (Normal) (G1 Evacuation Pause)
[2025-11-20T13:20:14.688+0800][gc,task     ] GC(9) Using 3 workers of 3 for evacuation
[2025-11-20T13:20:14.736+0800][gc,mmu      ] GC(9) MMU target violated: 21.0ms (20.0ms/21.0ms)
[2025-11-20T13:20:14.736+0800][gc,phases   ] GC(9)   Pre Evacuate Collection Set: 2.9ms
[2025-11-20T13:20:14.736+0800][gc,phases   ] GC(9)   Merge Heap Roots: 4.0ms
[2025-11-20T13:20:14.736+0800][gc,phases   ] GC(9)   Evacuate Collection Set: 29.1ms
[2025-11-20T13:20:14.736+0800][gc,phases   ] GC(9)   Post Evacuate Collection Set: 10.8ms
[2025-11-20T13:20:14.736+0800][gc,phases   ] GC(9)   Other: 1.9ms
[2025-11-20T13:20:14.736+0800][gc,heap     ] GC(9) Eden regions: 47->0(46)
[2025-11-20T13:20:14.736+0800][gc,heap     ] GC(9) Survivor regions: 4->5(7)
[2025-11-20T13:20:14.736+0800][gc,heap     ] GC(9) Old regions: 23->23
[2025-11-20T13:20:14.736+0800][gc,heap     ] GC(9) Archive regions: 2->2
[2025-11-20T13:20:14.736+0800][gc,heap     ] GC(9) Humongous regions: 138->138
[2025-11-20T13:20:14.736+0800][gc,metaspace] GC(9) Metaspace: 47524K(48448K)->47524K(48448K) NonClass: 42000K(42496K)->42000K(42496K) Class: 5523K(5952K)->5523K(5952K)
[2025-11-20T13:20:14.736+0800][gc          ] GC(9) Pause Young (Normal) (G1 Evacuation Pause) 211M->165M(1024M) 48.677ms
[2025-11-20T13:20:14.736+0800][gc,cpu      ] GC(9) User=0.04s Sys=0.03s Real=0.05s
[2025-11-20T13:31:24.297+0800][gc,start    ] GC(10) Pause Young (Normal) (G1 Evacuation Pause)
[2025-11-20T13:31:24.298+0800][gc,task     ] GC(10) Using 3 workers of 3 for evacuation
[2025-11-20T13:31:24.392+0800][gc,mmu      ] GC(10) MMU target violated: 21.0ms (20.0ms/21.0ms)
[2025-11-20T13:31:24.396+0800][gc,phases   ] GC(10)   Pre Evacuate Collection Set: 3.4ms
[2025-11-20T13:31:24.396+0800][gc,phases   ] GC(10)   Merge Heap Roots: 4.3ms
[2025-11-20T13:31:24.396+0800][gc,phases   ] GC(10)   Evacuate Collection Set: 67.9ms
[2025-11-20T13:31:24.396+0800][gc,phases   ] GC(10)   Post Evacuate Collection Set: 18.3ms
[2025-11-20T13:31:24.396+0800][gc,phases   ] GC(10)   Other: 5.4ms
[2025-11-20T13:31:24.396+0800][gc,heap     ] GC(10) Eden regions: 46->0(46)
[2025-11-20T13:31:24.396+0800][gc,heap     ] GC(10) Survivor regions: 5->5(7)
[2025-11-20T13:31:24.396+0800][gc,heap     ] GC(10) Old regions: 23->24
[2025-11-20T13:31:24.396+0800][gc,heap     ] GC(10) Archive regions: 2->2
[2025-11-20T13:31:24.396+0800][gc,heap     ] GC(10) Humongous regions: 138->138
[2025-11-20T13:31:24.397+0800][gc,metaspace] GC(10) Metaspace: 47549K(48448K)->47549K(48448K) NonClass: 42025K(42496K)->42025K(42496K) Class: 5523K(5952K)->5523K(5952K)
[2025-11-20T13:31:24.401+0800][gc          ] GC(10) Pause Young (Normal) (G1 Evacuation Pause) 211M->166M(1024M) 103.940ms
[2025-11-20T13:31:24.401+0800][gc,cpu      ] GC(10) User=0.04s Sys=0.06s Real=0.11s
[2025-11-20T13:42:02.114+0800][gc,start    ] GC(11) Pause Young (Normal) (G1 Evacuation Pause)
[2025-11-20T13:42:02.116+0800][gc,task     ] GC(11) Using 3 workers of 3 for evacuation
[2025-11-20T13:42:02.137+0800][gc,mmu      ] GC(11) MMU target violated: 21.0ms (20.0ms/21.0ms)
[2025-11-20T13:42:02.137+0800][gc,phases   ] GC(11)   Pre Evacuate Collection Set: 1.2ms
[2025-11-20T13:42:02.137+0800][gc,phases   ] GC(11)   Merge Heap Roots: 0.6ms
[2025-11-20T13:42:02.137+0800][gc,phases   ] GC(11)   Evacuate Collection Set: 18.6ms
[2025-11-20T13:42:02.137+0800][gc,phases   ] GC(11)   Post Evacuate Collection Set: 1.2ms
[2025-11-20T13:42:02.137+0800][gc,phases   ] GC(11)   Other: 1.9ms
[2025-11-20T13:42:02.137+0800][gc,heap     ] GC(11) Eden regions: 46->0(47)
[2025-11-20T13:42:02.137+0800][gc,heap     ] GC(11) Survivor regions: 5->4(7)
[2025-11-20T13:42:02.137+0800][gc,heap     ] GC(11) Old regions: 24->26
[2025-11-20T13:42:02.137+0800][gc,heap     ] GC(11) Archive regions: 2->2
[2025-11-20T13:42:02.137+0800][gc,heap     ] GC(11) Humongous regions: 138->138
[2025-11-20T13:42:02.137+0800][gc,metaspace] GC(11) Metaspace: 47587K(48512K)->47587K(48512K) NonClass: 42062K(42560K)->42062K(42560K) Class: 5525K(5952K)->5525K(5952K)
[2025-11-20T13:42:02.139+0800][gc          ] GC(11) Pause Young (Normal) (G1 Evacuation Pause) 212M->168M(1024M) 23.505ms
[2025-11-20T13:42:02.139+0800][gc,cpu      ] GC(11) User=0.03s Sys=0.02s Real=0.03s
[2025-11-20T13:54:02.776+0800][gc,start    ] GC(12) Pause Young (Normal) (G1 Evacuation Pause)
[2025-11-20T13:54:02.776+0800][gc,task     ] GC(12) Using 3 workers of 3 for evacuation
[2025-11-20T13:54:02.801+0800][gc,mmu      ] GC(12) MMU target violated: 21.0ms (20.0ms/21.0ms)
[2025-11-20T13:54:02.801+0800][gc,phases   ] GC(12)   Pre Evacuate Collection Set: 2.6ms
[2025-11-20T13:54:02.801+0800][gc,phases   ] GC(12)   Merge Heap Roots: 1.7ms
[2025-11-20T13:54:02.801+0800][gc,phases   ] GC(12)   Evacuate Collection Set: 15.2ms
[2025-11-20T13:54:02.801+0800][gc,phases   ] GC(12)   Post Evacuate Collection Set: 5.1ms
[2025-11-20T13:54:02.801+0800][gc,phases   ] GC(12)   Other: 0.7ms
[2025-11-20T13:54:02.801+0800][gc,heap     ] GC(12) Eden regions: 47->0(45)
[2025-11-20T13:54:02.801+0800][gc,heap     ] GC(12) Survivor regions: 4->6(7)
[2025-11-20T13:54:02.801+0800][gc,heap     ] GC(12) Old regions: 26->27
[2025-11-20T13:54:02.801+0800][gc,heap     ] GC(12) Archive regions: 2->2
[2025-11-20T13:54:02.801+0800][gc,heap     ] GC(12) Humongous regions: 147->147
[2025-11-20T13:54:02.801+0800][gc,metaspace] GC(12) Metaspace: 47823K(48704K)->47823K(48704K) NonClass: 42260K(42752K)->42260K(42752K) Class: 5562K(5952K)->5562K(5952K)
[2025-11-20T13:54:02.801+0800][gc          ] GC(12) Pause Young (Normal) (G1 Evacuation Pause) 224M->179M(1024M) 25.432ms
[2025-11-20T13:54:02.801+0800][gc,cpu      ] GC(12) User=0.03s Sys=0.02s Real=0.03s
[2025-11-20T14:06:32.805+0800][gc,start    ] GC(13) Pause Young (Normal) (G1 Evacuation Pause)
[2025-11-20T14:06:32.807+0800][gc,task     ] GC(13) Using 3 workers of 3 for evacuation
[2025-11-20T14:06:32.848+0800][gc,mmu      ] GC(13) MMU target violated: 21.0ms (20.0ms/21.0ms)
[2025-11-20T14:06:32.848+0800][gc,phases   ] GC(13)   Pre Evacuate Collection Set: 1.8ms
[2025-11-20T14:06:32.848+0800][gc,phases   ] GC(13)   Merge Heap Roots: 1.6ms
[2025-11-20T14:06:32.848+0800][gc,phases   ] GC(13)   Evacuate Collection Set: 26.7ms
[2025-11-20T14:06:32.848+0800][gc,phases   ] GC(13)   Post Evacuate Collection Set: 7.9ms
[2025-11-20T14:06:32.848+0800][gc,phases   ] GC(13)   Other: 12.5ms
[2025-11-20T14:06:32.848+0800][gc,heap     ] GC(13) Eden regions: 45->0(48)
[2025-11-20T14:06:32.848+0800][gc,heap     ] GC(13) Survivor regions: 6->3(7)
[2025-11-20T14:06:32.848+0800][gc,heap     ] GC(13) Old regions: 27->29
[2025-11-20T14:06:32.848+0800][gc,heap     ] GC(13) Archive regions: 2->2
[2025-11-20T14:06:32.848+0800][gc,heap     ] GC(13) Humongous regions: 147->147
[2025-11-20T14:06:32.848+0800][gc,metaspace] GC(13) Metaspace: 47868K(48704K)->47868K(48704K) NonClass: 42305K(42752K)->42305K(42752K) Class: 5562K(5952K)->5562K(5952K)
[2025-11-20T14:06:32.848+0800][gc          ] GC(13) Pause Young (Normal) (G1 Evacuation Pause) 224M->179M(1024M) 43.870ms
[2025-11-20T14:06:32.849+0800][gc,cpu      ] GC(13) User=0.05s Sys=0.03s Real=0.04s
[2025-11-20T14:19:52.996+0800][gc,start    ] GC(14) Pause Young (Normal) (G1 Evacuation Pause)
[2025-11-20T14:19:52.997+0800][gc,task     ] GC(14) Using 3 workers of 3 for evacuation
[2025-11-20T14:19:53.017+0800][gc,phases   ] GC(14)   Pre Evacuate Collection Set: 2.2ms
[2025-11-20T14:19:53.017+0800][gc,phases   ] GC(14)   Merge Heap Roots: 2.1ms
[2025-11-20T14:19:53.017+0800][gc,phases   ] GC(14)   Evacuate Collection Set: 10.9ms
[2025-11-20T14:19:53.017+0800][gc,phases   ] GC(14)   Post Evacuate Collection Set: 3.7ms
[2025-11-20T14:19:53.017+0800][gc,phases   ] GC(14)   Other: 2.2ms
[2025-11-20T14:19:53.017+0800][gc,heap     ] GC(14) Eden regions: 48->0(48)
[2025-11-20T14:19:53.017+0800][gc,heap     ] GC(14) Survivor regions: 3->3(7)
[2025-11-20T14:19:53.017+0800][gc,heap     ] GC(14) Old regions: 29->29
[2025-11-20T14:19:53.017+0800][gc,heap     ] GC(14) Archive regions: 2->2
[2025-11-20T14:19:53.017+0800][gc,heap     ] GC(14) Humongous regions: 147->147
[2025-11-20T14:19:53.017+0800][gc,metaspace] GC(14) Metaspace: 47885K(48704K)->47885K(48704K) NonClass: 42323K(42752K)->42323K(42752K) Class: 5562K(5952K)->5562K(5952K)
[2025-11-20T14:19:53.017+0800][gc          ] GC(14) Pause Young (Normal) (G1 Evacuation Pause) 227M->179M(1024M) 21.598ms
[2025-11-20T14:19:53.018+0800][gc,cpu      ] GC(14) User=0.03s Sys=0.01s Real=0.02s
[2025-11-20T14:33:14.441+0800][gc,start    ] GC(15) Pause Young (Normal) (G1 Evacuation Pause)
[2025-11-20T14:33:14.441+0800][gc,task     ] GC(15) Using 3 workers of 3 for evacuation
[2025-11-20T14:33:14.460+0800][gc,phases   ] GC(15)   Pre Evacuate Collection Set: 2.8ms
[2025-11-20T14:33:14.461+0800][gc,phases   ] GC(15)   Merge Heap Roots: 2.5ms
[2025-11-20T14:33:14.461+0800][gc,phases   ] GC(15)   Evacuate Collection Set: 7.0ms
[2025-11-20T14:33:14.461+0800][gc,phases   ] GC(15)   Post Evacuate Collection Set: 6.2ms
[2025-11-20T14:33:14.461+0800][gc,phases   ] GC(15)   Other: 1.3ms
[2025-11-20T14:33:14.461+0800][gc,heap     ] GC(15) Eden regions: 48->0(48)
[2025-11-20T14:33:14.461+0800][gc,heap     ] GC(15) Survivor regions: 3->3(7)
[2025-11-20T14:33:14.461+0800][gc,heap     ] GC(15) Old regions: 29->29
[2025-11-20T14:33:14.461+0800][gc,heap     ] GC(15) Archive regions: 2->2
[2025-11-20T14:33:14.461+0800][gc,heap     ] GC(15) Humongous regions: 147->147
[2025-11-20T14:33:14.461+0800][gc,metaspace] GC(15) Metaspace: 47944K(48832K)->47944K(48832K) NonClass: 42381K(42880K)->42381K(42880K) Class: 5563K(5952K)->5563K(5952K)
[2025-11-20T14:33:14.461+0800][gc          ] GC(15) Pause Young (Normal) (G1 Evacuation Pause) 227M->179M(1024M) 19.957ms
[2025-11-20T14:33:14.461+0800][gc,cpu      ] GC(15) User=0.02s Sys=0.01s Real=0.02s
[2025-11-20T14:45:26.529+0800][gc,start    ] GC(16) Pause Young (Normal) (G1 Evacuation Pause)
[2025-11-20T14:45:26.568+0800][gc,task     ] GC(16) Using 3 workers of 3 for evacuation
[2025-11-20T14:45:26.629+0800][gc,mmu      ] GC(16) MMU target violated: 21.0ms (20.0ms/21.0ms)
[2025-11-20T14:45:26.632+0800][gc,phases   ] GC(16)   Pre Evacuate Collection Set: 7.6ms
[2025-11-20T14:45:26.633+0800][gc,phases   ] GC(16)   Merge Heap Roots: 3.2ms
[2025-11-20T14:45:26.633+0800][gc,phases   ] GC(16)   Evacuate Collection Set: 18.9ms
[2025-11-20T14:45:26.633+0800][gc,phases   ] GC(16)   Post Evacuate Collection Set: 12.7ms
[2025-11-20T14:45:26.633+0800][gc,phases   ] GC(16)   Other: 61.6ms
[2025-11-20T14:45:26.633+0800][gc,heap     ] GC(16) Eden regions: 48->0(47)
[2025-11-20T14:45:26.633+0800][gc,heap     ] GC(16) Survivor regions: 3->4(7)
[2025-11-20T14:45:26.633+0800][gc,heap     ] GC(16) Old regions: 29->29
[2025-11-20T14:45:26.633+0800][gc,heap     ] GC(16) Archive regions: 2->2
[2025-11-20T14:45:26.633+0800][gc,heap     ] GC(16) Humongous regions: 147->147
[2025-11-20T14:45:26.635+0800][gc,metaspace] GC(16) Metaspace: 47954K(48832K)->47954K(48832K) NonClass: 42391K(42880K)->42391K(42880K) Class: 5563K(5952K)->5563K(5952K)
[2025-11-20T14:45:26.635+0800][gc          ] GC(16) Pause Young (Normal) (G1 Evacuation Pause) 227M->180M(1024M) 107.648ms
[2025-11-20T14:45:26.635+0800][gc,cpu      ] GC(16) User=0.01s Sys=0.10s Real=0.11s
[2025-11-20T14:57:47.130+0800][gc,start    ] GC(17) Pause Young (Normal) (G1 Evacuation Pause)
[2025-11-20T14:57:47.147+0800][gc,task     ] GC(17) Using 3 workers of 3 for evacuation
[2025-11-20T14:57:47.191+0800][gc,mmu      ] GC(17) MMU target violated: 21.0ms (20.0ms/21.0ms)
[2025-11-20T14:57:47.196+0800][gc,phases   ] GC(17)   Pre Evacuate Collection Set: 3.2ms
[2025-11-20T14:57:47.197+0800][gc,phases   ] GC(17)   Merge Heap Roots: 4.7ms
[2025-11-20T14:57:47.197+0800][gc,phases   ] GC(17)   Evacuate Collection Set: 22.7ms
[2025-11-20T14:57:47.197+0800][gc,phases   ] GC(17)   Post Evacuate Collection Set: 12.5ms
[2025-11-20T14:57:47.197+0800][gc,phases   ] GC(17)   Other: 19.1ms
[2025-11-20T14:57:47.197+0800][gc,heap     ] GC(17) Eden regions: 47->0(48)
[2025-11-20T14:57:47.197+0800][gc,heap     ] GC(17) Survivor regions: 4->3(7)
[2025-11-20T14:57:47.197+0800][gc,heap     ] GC(17) Old regions: 29->31
[2025-11-20T14:57:47.197+0800][gc,heap     ] GC(17) Archive regions: 2->2
[2025-11-20T14:57:47.197+0800][gc,heap     ] GC(17) Humongous regions: 147->147
[2025-11-20T14:57:47.197+0800][gc,metaspace] GC(17) Metaspace: 47999K(48896K)->47999K(48896K) NonClass: 42429K(42880K)->42429K(42880K) Class: 5570K(6016K)->5570K(6016K)
[2025-11-20T14:57:47.197+0800][gc          ] GC(17) Pause Young (Normal) (G1 Evacuation Pause) 227M->180M(1024M) 66.844ms
[2025-11-20T14:57:47.197+0800][gc,cpu      ] GC(17) User=0.04s Sys=0.04s Real=0.06s
