[2025-11-21T18:00:03.781+0800][gc] Using G1
[2025-11-21T18:00:03.793+0800][gc,init] Version: 17.0.16+8-Ubuntu-0ubuntu124.04.1 (release)
[2025-11-21T18:00:03.793+0800][gc,init] CPUs: 2 total, 2 available
[2025-11-21T18:00:03.793+0800][gc,init] Memory: 5024M
[2025-11-21T18:00:03.793+0800][gc,init] Large Page Support: Disabled
[2025-11-21T18:00:03.793+0800][gc,init] NUMA Support: Disabled
[2025-11-21T18:00:03.793+0800][gc,init] Compressed Oops: Enabled (32-bit)
[2025-11-21T18:00:03.793+0800][gc,init] Heap Region Size: 1M
[2025-11-21T18:00:03.793+0800][gc,init] Heap Min Capacity: 1G
[2025-11-21T18:00:03.793+0800][gc,init] Heap Initial Capacity: 1G
[2025-11-21T18:00:03.793+0800][gc,init] Heap Max Capacity: 1G
[2025-11-21T18:00:03.793+0800][gc,init] Pre-touch: Disabled
[2025-11-21T18:00:03.793+0800][gc,init] Parallel Workers: 2
[2025-11-21T18:00:03.793+0800][gc,init] Concurrent Workers: 1
[2025-11-21T18:00:03.793+0800][gc,init] Concurrent Refinement Workers: 2
[2025-11-21T18:00:03.793+0800][gc,init] Periodic GC: Disabled
[2025-11-21T18:00:03.801+0800][gc,metaspace] CDS archive(s) mapped at: [0x0000771317000000-0x0000771317bca000-0x0000771317bca000), size 12361728, SharedBaseAddress: 0x0000771317000000, ArchiveRelocationMode: 1.
[2025-11-21T18:00:03.801+0800][gc,metaspace] Compressed class space mapped at: 0x0000771318000000-0x0000771358000000, reserved size: 1073741824
[2025-11-21T18:00:03.801+0800][gc,metaspace] Narrow klass base: 0x0000771317000000, Narrow klass shift: 0, Narrow klass range: 0x100000000
[2025-11-21T18:00:05.135+0800][gc,start    ] GC(0) Pause Young (Normal) (G1 Evacuation Pause)
[2025-11-21T18:00:05.135+0800][gc,task     ] GC(0) Using 2 workers of 2 for evacuation
[2025-11-21T18:00:05.157+0800][gc,mmu      ] GC(0) MMU target violated: 21.0ms (20.0ms/21.0ms)
[2025-11-21T18:00:05.157+0800][gc,phases   ] GC(0)   Pre Evacuate Collection Set: 0.1ms
[2025-11-21T18:00:05.157+0800][gc,phases   ] GC(0)   Merge Heap Roots: 0.0ms
[2025-11-21T18:00:05.157+0800][gc,phases   ] GC(0)   Evacuate Collection Set: 21.1ms
[2025-11-21T18:00:05.157+0800][gc,phases   ] GC(0)   Post Evacuate Collection Set: 0.8ms
[2025-11-21T18:00:05.157+0800][gc,phases   ] GC(0)   Other: 0.3ms
[2025-11-21T18:00:05.157+0800][gc,heap     ] GC(0) Eden regions: 51->0(44)
[2025-11-21T18:00:05.157+0800][gc,heap     ] GC(0) Survivor regions: 0->7(7)
[2025-11-21T18:00:05.157+0800][gc,heap     ] GC(0) Old regions: 0->2
[2025-11-21T18:00:05.157+0800][gc,heap     ] GC(0) Archive regions: 2->2
[2025-11-21T18:00:05.157+0800][gc,heap     ] GC(0) Humongous regions: 0->0
[2025-11-21T18:00:05.157+0800][gc,metaspace] GC(0) Metaspace: 16234K(16448K)->16234K(16448K) NonClass: 14321K(14464K)->14321K(14464K) Class: 1913K(1984K)->1913K(1984K)
[2025-11-21T18:00:05.157+0800][gc          ] GC(0) Pause Young (Normal) (G1 Evacuation Pause) 51M->9M(1024M) 22.285ms
[2025-11-21T18:00:05.157+0800][gc,cpu      ] GC(0) User=0.01s Sys=0.02s Real=0.02s
[2025-11-21T18:00:05.584+0800][gc,start    ] GC(1) Pause Young (Concurrent Start) (Metadata GC Threshold)
[2025-11-21T18:00:05.584+0800][gc,task     ] GC(1) Using 2 workers of 2 for evacuation
[2025-11-21T18:00:05.594+0800][gc,phases   ] GC(1)   Pre Evacuate Collection Set: 0.1ms
[2025-11-21T18:00:05.594+0800][gc,phases   ] GC(1)   Merge Heap Roots: 0.0ms
[2025-11-21T18:00:05.594+0800][gc,phases   ] GC(1)   Evacuate Collection Set: 8.7ms
[2025-11-21T18:00:05.594+0800][gc,phases   ] GC(1)   Post Evacuate Collection Set: 1.1ms
[2025-11-21T18:00:05.594+0800][gc,phases   ] GC(1)   Other: 0.5ms
[2025-11-21T18:00:05.594+0800][gc,heap     ] GC(1) Eden regions: 16->0(49)
[2025-11-21T18:00:05.594+0800][gc,heap     ] GC(1) Survivor regions: 7->2(7)
[2025-11-21T18:00:05.594+0800][gc,heap     ] GC(1) Old regions: 2->9
[2025-11-21T18:00:05.594+0800][gc,heap     ] GC(1) Archive regions: 2->2
[2025-11-21T18:00:05.594+0800][gc,heap     ] GC(1) Humongous regions: 0->0
[2025-11-21T18:00:05.594+0800][gc,metaspace] GC(1) Metaspace: 21206K(21504K)->21206K(21504K) NonClass: 18559K(18688K)->18559K(18688K) Class: 2647K(2816K)->2647K(2816K)
[2025-11-21T18:00:05.594+0800][gc          ] GC(1) Pause Young (Concurrent Start) (Metadata GC Threshold) 25M->10M(1024M) 10.217ms
[2025-11-21T18:00:05.594+0800][gc,cpu      ] GC(1) User=0.01s Sys=0.01s Real=0.01s
[2025-11-21T18:00:05.594+0800][gc          ] GC(2) Concurrent Mark Cycle
[2025-11-21T18:00:05.594+0800][gc,marking  ] GC(2) Concurrent Clear Claimed Marks
[2025-11-21T18:00:05.594+0800][gc,marking  ] GC(2) Concurrent Clear Claimed Marks 0.013ms
[2025-11-21T18:00:05.594+0800][gc,marking  ] GC(2) Concurrent Scan Root Regions
[2025-11-21T18:00:05.602+0800][gc,marking  ] GC(2) Concurrent Scan Root Regions 7.852ms
[2025-11-21T18:00:05.602+0800][gc,marking  ] GC(2) Concurrent Mark
[2025-11-21T18:00:05.602+0800][gc,marking  ] GC(2) Concurrent Mark From Roots
[2025-11-21T18:00:05.602+0800][gc,task     ] GC(2) Using 1 workers of 1 for marking
[2025-11-21T18:00:05.612+0800][gc,marking  ] GC(2) Concurrent Mark From Roots 9.419ms
[2025-11-21T18:00:05.612+0800][gc,marking  ] GC(2) Concurrent Preclean
[2025-11-21T18:00:05.612+0800][gc,marking  ] GC(2) Concurrent Preclean 0.018ms
[2025-11-21T18:00:05.612+0800][gc,start    ] GC(2) Pause Remark
[2025-11-21T18:00:05.614+0800][gc          ] GC(2) Pause Remark 11M->11M(1024M) 2.179ms
[2025-11-21T18:00:05.615+0800][gc,cpu      ] GC(2) User=0.00s Sys=0.00s Real=0.00s
[2025-11-21T18:00:05.616+0800][gc,marking  ] GC(2) Concurrent Mark 14.170ms
[2025-11-21T18:00:05.616+0800][gc,marking  ] GC(2) Concurrent Rebuild Remembered Sets
[2025-11-21T18:00:05.622+0800][gc,marking  ] GC(2) Concurrent Rebuild Remembered Sets 5.786ms
[2025-11-21T18:00:05.622+0800][gc,start    ] GC(2) Pause Cleanup
[2025-11-21T18:00:05.623+0800][gc          ] GC(2) Pause Cleanup 12M->12M(1024M) 0.282ms
[2025-11-21T18:00:05.623+0800][gc,cpu      ] GC(2) User=0.00s Sys=0.00s Real=0.00s
[2025-11-21T18:00:05.623+0800][gc,marking  ] GC(2) Concurrent Cleanup for Next Mark
[2025-11-21T18:00:05.631+0800][gc,marking  ] GC(2) Concurrent Cleanup for Next Mark 7.742ms
[2025-11-21T18:00:05.631+0800][gc          ] GC(2) Concurrent Mark Cycle 36.491ms
[2025-11-21T18:00:06.708+0800][gc,start    ] GC(3) Pause Young (Normal) (G1 Evacuation Pause)
[2025-11-21T18:00:06.708+0800][gc,task     ] GC(3) Using 2 workers of 2 for evacuation
[2025-11-21T18:00:06.716+0800][gc,phases   ] GC(3)   Pre Evacuate Collection Set: 0.1ms
[2025-11-21T18:00:06.716+0800][gc,phases   ] GC(3)   Merge Heap Roots: 0.2ms
[2025-11-21T18:00:06.716+0800][gc,phases   ] GC(3)   Evacuate Collection Set: 6.4ms
[2025-11-21T18:00:06.716+0800][gc,phases   ] GC(3)   Post Evacuate Collection Set: 0.6ms
[2025-11-21T18:00:06.716+0800][gc,phases   ] GC(3)   Other: 0.1ms
[2025-11-21T18:00:06.716+0800][gc,heap     ] GC(3) Eden regions: 49->0(45)
[2025-11-21T18:00:06.716+0800][gc,heap     ] GC(3) Survivor regions: 2->6(7)
[2025-11-21T18:00:06.716+0800][gc,heap     ] GC(3) Old regions: 9->9
[2025-11-21T18:00:06.716+0800][gc,heap     ] GC(3) Archive regions: 2->2
[2025-11-21T18:00:06.716+0800][gc,heap     ] GC(3) Humongous regions: 9->9
[2025-11-21T18:00:06.716+0800][gc,metaspace] GC(3) Metaspace: 33366K(33792K)->33366K(33792K) NonClass: 29460K(29696K)->29460K(29696K) Class: 3906K(4096K)->3906K(4096K)
[2025-11-21T18:00:06.716+0800][gc          ] GC(3) Pause Young (Normal) (G1 Evacuation Pause) 68M->23M(1024M) 7.566ms
[2025-11-21T18:00:06.716+0800][gc,cpu      ] GC(3) User=0.01s Sys=0.01s Real=0.01s
[2025-11-21T18:00:07.003+0800][gc,start    ] GC(4) Pause Young (Concurrent Start) (Metadata GC Threshold)
[2025-11-21T18:00:07.003+0800][gc,task     ] GC(4) Using 2 workers of 2 for evacuation
[2025-11-21T18:00:07.011+0800][gc,phases   ] GC(4)   Pre Evacuate Collection Set: 0.7ms
[2025-11-21T18:00:07.011+0800][gc,phases   ] GC(4)   Merge Heap Roots: 0.3ms
[2025-11-21T18:00:07.011+0800][gc,phases   ] GC(4)   Evacuate Collection Set: 6.7ms
[2025-11-21T18:00:07.011+0800][gc,phases   ] GC(4)   Post Evacuate Collection Set: 0.4ms
[2025-11-21T18:00:07.011+0800][gc,phases   ] GC(4)   Other: 0.1ms
[2025-11-21T18:00:07.011+0800][gc,heap     ] GC(4) Eden regions: 13->0(50)
[2025-11-21T18:00:07.011+0800][gc,heap     ] GC(4) Survivor regions: 6->1(7)
[2025-11-21T18:00:07.011+0800][gc,heap     ] GC(4) Old regions: 9->14
[2025-11-21T18:00:07.011+0800][gc,heap     ] GC(4) Archive regions: 2->2
[2025-11-21T18:00:07.011+0800][gc,heap     ] GC(4) Humongous regions: 9->9
[2025-11-21T18:00:07.011+0800][gc,metaspace] GC(4) Metaspace: 35537K(35968K)->35537K(35968K) NonClass: 31363K(31552K)->31363K(31552K) Class: 4174K(4416K)->4174K(4416K)
[2025-11-21T18:00:07.011+0800][gc          ] GC(4) Pause Young (Concurrent Start) (Metadata GC Threshold) 36M->24M(1024M) 8.403ms
[2025-11-21T18:00:07.011+0800][gc,cpu      ] GC(4) User=0.00s Sys=0.01s Real=0.01s
[2025-11-21T18:00:07.011+0800][gc          ] GC(5) Concurrent Mark Cycle
[2025-11-21T18:00:07.011+0800][gc,marking  ] GC(5) Concurrent Clear Claimed Marks
[2025-11-21T18:00:07.011+0800][gc,marking  ] GC(5) Concurrent Clear Claimed Marks 0.022ms
[2025-11-21T18:00:07.011+0800][gc,marking  ] GC(5) Concurrent Scan Root Regions
[2025-11-21T18:00:07.014+0800][gc,marking  ] GC(5) Concurrent Scan Root Regions 3.083ms
[2025-11-21T18:00:07.014+0800][gc,marking  ] GC(5) Concurrent Mark
[2025-11-21T18:00:07.014+0800][gc,marking  ] GC(5) Concurrent Mark From Roots
[2025-11-21T18:00:07.014+0800][gc,task     ] GC(5) Using 1 workers of 1 for marking
[2025-11-21T18:00:07.040+0800][gc,marking  ] GC(5) Concurrent Mark From Roots 26.125ms
[2025-11-21T18:00:07.040+0800][gc,marking  ] GC(5) Concurrent Preclean
[2025-11-21T18:00:07.041+0800][gc,marking  ] GC(5) Concurrent Preclean 0.206ms
[2025-11-21T18:00:07.042+0800][gc,start    ] GC(5) Pause Remark
[2025-11-21T18:00:07.046+0800][gc          ] GC(5) Pause Remark 25M->25M(1024M) 4.054ms
[2025-11-21T18:00:07.046+0800][gc,cpu      ] GC(5) User=0.00s Sys=0.00s Real=0.01s
[2025-11-21T18:00:07.049+0800][gc,marking  ] GC(5) Concurrent Mark 35.083ms
[2025-11-21T18:00:07.049+0800][gc,marking  ] GC(5) Concurrent Rebuild Remembered Sets
[2025-11-21T18:00:07.073+0800][gc,marking  ] GC(5) Concurrent Rebuild Remembered Sets 23.627ms
[2025-11-21T18:00:07.082+0800][gc,start    ] GC(5) Pause Cleanup
[2025-11-21T18:00:07.082+0800][gc          ] GC(5) Pause Cleanup 25M->25M(1024M) 0.788ms
[2025-11-21T18:00:07.082+0800][gc,cpu      ] GC(5) User=0.00s Sys=0.00s Real=0.01s
[2025-11-21T18:00:07.090+0800][gc,marking  ] GC(5) Concurrent Cleanup for Next Mark
[2025-11-21T18:00:07.113+0800][gc,marking  ] GC(5) Concurrent Cleanup for Next Mark 22.852ms
[2025-11-21T18:00:07.113+0800][gc          ] GC(5) Concurrent Mark Cycle 102.349ms
[2025-11-21T18:00:18.425+0800][gc,start    ] GC(6) Pause Young (Prepare Mixed) (G1 Evacuation Pause)
[2025-11-21T18:00:18.425+0800][gc,task     ] GC(6) Using 2 workers of 2 for evacuation
[2025-11-21T18:00:18.438+0800][gc,phases   ] GC(6)   Pre Evacuate Collection Set: 0.7ms
[2025-11-21T18:00:18.439+0800][gc,phases   ] GC(6)   Merge Heap Roots: 0.1ms
[2025-11-21T18:00:18.439+0800][gc,phases   ] GC(6)   Evacuate Collection Set: 12.2ms
[2025-11-21T18:00:18.439+0800][gc,phases   ] GC(6)   Post Evacuate Collection Set: 0.6ms
[2025-11-21T18:00:18.439+0800][gc,phases   ] GC(6)   Other: 0.2ms
[2025-11-21T18:00:18.439+0800][gc,heap     ] GC(6) Eden regions: 50->0(44)
[2025-11-21T18:00:18.439+0800][gc,heap     ] GC(6) Survivor regions: 1->7(7)
[2025-11-21T18:00:18.439+0800][gc,heap     ] GC(6) Old regions: 14->15
[2025-11-21T18:00:18.439+0800][gc,heap     ] GC(6) Archive regions: 2->2
[2025-11-21T18:00:18.439+0800][gc,heap     ] GC(6) Humongous regions: 138->138
[2025-11-21T18:00:18.439+0800][gc,metaspace] GC(6) Metaspace: 42840K(43520K)->42840K(43520K) NonClass: 37765K(38144K)->37765K(38144K) Class: 5075K(5376K)->5075K(5376K)
[2025-11-21T18:00:18.439+0800][gc          ] GC(6) Pause Young (Prepare Mixed) (G1 Evacuation Pause) 203M->160M(1024M) 13.816ms
[2025-11-21T18:00:18.439+0800][gc,cpu      ] GC(6) User=0.01s Sys=0.01s Real=0.01s
[2025-11-21T18:06:47.669+0800][gc,start    ] GC(7) Pause Young (Mixed) (G1 Evacuation Pause)
[2025-11-21T18:06:47.669+0800][gc,task     ] GC(7) Using 2 workers of 2 for evacuation
[2025-11-21T18:06:47.695+0800][gc,mmu      ] GC(7) MMU target violated: 21.0ms (20.0ms/21.0ms)
[2025-11-21T18:06:47.695+0800][gc,phases   ] GC(7)   Pre Evacuate Collection Set: 0.6ms
[2025-11-21T18:06:47.695+0800][gc,phases   ] GC(7)   Merge Heap Roots: 0.1ms
[2025-11-21T18:06:47.695+0800][gc,phases   ] GC(7)   Evacuate Collection Set: 19.0ms
[2025-11-21T18:06:47.695+0800][gc,phases   ] GC(7)   Post Evacuate Collection Set: 5.6ms
[2025-11-21T18:06:47.695+0800][gc,phases   ] GC(7)   Other: 1.4ms
[2025-11-21T18:06:47.695+0800][gc,heap     ] GC(7) Eden regions: 44->0(49)
[2025-11-21T18:06:47.695+0800][gc,heap     ] GC(7) Survivor regions: 7->2(7)
[2025-11-21T18:06:47.695+0800][gc,heap     ] GC(7) Old regions: 15->22
[2025-11-21T18:06:47.695+0800][gc,heap     ] GC(7) Archive regions: 2->2
[2025-11-21T18:06:47.695+0800][gc,heap     ] GC(7) Humongous regions: 138->138
[2025-11-21T18:06:47.695+0800][gc,metaspace] GC(7) Metaspace: 46401K(47360K)->46401K(47360K) NonClass: 40891K(41408K)->40891K(41408K) Class: 5509K(5952K)->5509K(5952K)
[2025-11-21T18:06:47.695+0800][gc          ] GC(7) Pause Young (Mixed) (G1 Evacuation Pause) 204M->162M(1024M) 26.717ms
[2025-11-21T18:06:47.695+0800][gc,cpu      ] GC(7) User=0.01s Sys=0.01s Real=0.03s
[2025-11-21T18:18:03.474+0800][gc,start    ] GC(8) Pause Young (Normal) (G1 Evacuation Pause)
[2025-11-21T18:18:03.475+0800][gc,task     ] GC(8) Using 2 workers of 2 for evacuation
[2025-11-21T18:18:03.492+0800][gc,phases   ] GC(8)   Pre Evacuate Collection Set: 1.4ms
[2025-11-21T18:18:03.492+0800][gc,phases   ] GC(8)   Merge Heap Roots: 0.7ms
[2025-11-21T18:18:03.492+0800][gc,phases   ] GC(8)   Evacuate Collection Set: 10.5ms
[2025-11-21T18:18:03.492+0800][gc,phases   ] GC(8)   Post Evacuate Collection Set: 4.7ms
[2025-11-21T18:18:03.492+0800][gc,phases   ] GC(8)   Other: 0.4ms
[2025-11-21T18:18:03.492+0800][gc,heap     ] GC(8) Eden regions: 49->0(48)
[2025-11-21T18:18:03.492+0800][gc,heap     ] GC(8) Survivor regions: 2->3(7)
[2025-11-21T18:18:03.492+0800][gc,heap     ] GC(8) Old regions: 22->22
[2025-11-21T18:18:03.492+0800][gc,heap     ] GC(8) Archive regions: 2->2
[2025-11-21T18:18:03.492+0800][gc,heap     ] GC(8) Humongous regions: 138->138
[2025-11-21T18:18:03.492+0800][gc,metaspace] GC(8) Metaspace: 47056K(47936K)->47056K(47936K) NonClass: 41544K(41984K)->41544K(41984K) Class: 5511K(5952K)->5511K(5952K)
[2025-11-21T18:18:03.492+0800][gc          ] GC(8) Pause Young (Normal) (G1 Evacuation Pause) 211M->163M(1024M) 18.077ms
[2025-11-21T18:18:03.492+0800][gc,cpu      ] GC(8) User=0.02s Sys=0.00s Real=0.02s
[2025-11-21T18:30:16.784+0800][gc,start    ] GC(9) Pause Young (Normal) (G1 Evacuation Pause)
[2025-11-21T18:30:16.784+0800][gc,task     ] GC(9) Using 2 workers of 2 for evacuation
[2025-11-21T18:30:16.797+0800][gc,phases   ] GC(9)   Pre Evacuate Collection Set: 0.9ms
[2025-11-21T18:30:16.797+0800][gc,phases   ] GC(9)   Merge Heap Roots: 0.4ms
[2025-11-21T18:30:16.797+0800][gc,phases   ] GC(9)   Evacuate Collection Set: 9.9ms
[2025-11-21T18:30:16.797+0800][gc,phases   ] GC(9)   Post Evacuate Collection Set: 1.9ms
[2025-11-21T18:30:16.797+0800][gc,phases   ] GC(9)   Other: 0.4ms
[2025-11-21T18:30:16.797+0800][gc,heap     ] GC(9) Eden regions: 48->0(47)
[2025-11-21T18:30:16.797+0800][gc,heap     ] GC(9) Survivor regions: 3->4(7)
[2025-11-21T18:30:16.797+0800][gc,heap     ] GC(9) Old regions: 22->22
[2025-11-21T18:30:16.797+0800][gc,heap     ] GC(9) Archive regions: 2->2
[2025-11-21T18:30:16.797+0800][gc,heap     ] GC(9) Humongous regions: 138->138
[2025-11-21T18:30:16.797+0800][gc,metaspace] GC(9) Metaspace: 47156K(48064K)->47156K(48064K) NonClass: 41644K(42112K)->41644K(42112K) Class: 5511K(5952K)->5511K(5952K)
[2025-11-21T18:30:16.797+0800][gc          ] GC(9) Pause Young (Normal) (G1 Evacuation Pause) 211M->163M(1024M) 13.763ms
[2025-11-21T18:30:16.797+0800][gc,cpu      ] GC(9) User=0.02s Sys=0.00s Real=0.01s
[2025-11-21T18:42:17.823+0800][gc,start    ] GC(10) Pause Young (Normal) (G1 Evacuation Pause)
[2025-11-21T18:42:17.823+0800][gc,task     ] GC(10) Using 2 workers of 2 for evacuation
[2025-11-21T18:42:17.857+0800][gc,mmu      ] GC(10) MMU target violated: 21.0ms (20.0ms/21.0ms)
[2025-11-21T18:42:17.857+0800][gc,phases   ] GC(10)   Pre Evacuate Collection Set: 1.5ms
[2025-11-21T18:42:17.857+0800][gc,phases   ] GC(10)   Merge Heap Roots: 0.5ms
[2025-11-21T18:42:17.857+0800][gc,phases   ] GC(10)   Evacuate Collection Set: 24.2ms
[2025-11-21T18:42:17.857+0800][gc,phases   ] GC(10)   Post Evacuate Collection Set: 6.4ms
[2025-11-21T18:42:17.857+0800][gc,phases   ] GC(10)   Other: 2.1ms
[2025-11-21T18:42:17.857+0800][gc,heap     ] GC(10) Eden regions: 47->0(46)
[2025-11-21T18:42:17.857+0800][gc,heap     ] GC(10) Survivor regions: 4->5(7)
[2025-11-21T18:42:17.857+0800][gc,heap     ] GC(10) Old regions: 22->22
[2025-11-21T18:42:17.857+0800][gc,heap     ] GC(10) Archive regions: 2->2
[2025-11-21T18:42:17.857+0800][gc,heap     ] GC(10) Humongous regions: 138->138
[2025-11-21T18:42:17.857+0800][gc,metaspace] GC(10) Metaspace: 47226K(48128K)->47226K(48128K) NonClass: 41714K(42176K)->41714K(42176K) Class: 5511K(5952K)->5511K(5952K)
[2025-11-21T18:42:17.857+0800][gc          ] GC(10) Pause Young (Normal) (G1 Evacuation Pause) 210M->164M(1024M) 34.195ms
[2025-11-21T18:42:17.857+0800][gc,cpu      ] GC(10) User=0.02s Sys=0.01s Real=0.00s
[2025-11-21T18:54:47.452+0800][gc,start    ] GC(11) Pause Young (Normal) (G1 Evacuation Pause)
[2025-11-21T18:54:47.453+0800][gc,task     ] GC(11) Using 2 workers of 2 for evacuation
[2025-11-21T18:54:47.469+0800][gc,phases   ] GC(11)   Pre Evacuate Collection Set: 4.9ms
[2025-11-21T18:54:47.469+0800][gc,phases   ] GC(11)   Merge Heap Roots: 0.2ms
[2025-11-21T18:54:47.469+0800][gc,phases   ] GC(11)   Evacuate Collection Set: 7.8ms
[2025-11-21T18:54:47.469+0800][gc,phases   ] GC(11)   Post Evacuate Collection Set: 2.9ms
[2025-11-21T18:54:47.469+0800][gc,phases   ] GC(11)   Other: 0.3ms
[2025-11-21T18:54:47.469+0800][gc,heap     ] GC(11) Eden regions: 46->0(47)
[2025-11-21T18:54:47.469+0800][gc,heap     ] GC(11) Survivor regions: 5->4(7)
[2025-11-21T18:54:47.469+0800][gc,heap     ] GC(11) Old regions: 22->24
[2025-11-21T18:54:47.469+0800][gc,heap     ] GC(11) Archive regions: 2->2
[2025-11-21T18:54:47.469+0800][gc,heap     ] GC(11) Humongous regions: 138->138
[2025-11-21T18:54:47.469+0800][gc,metaspace] GC(11) Metaspace: 47274K(48128K)->47274K(48128K) NonClass: 41762K(42176K)->41762K(42176K) Class: 5511K(5952K)->5511K(5952K)
[2025-11-21T18:54:47.469+0800][gc          ] GC(11) Pause Young (Normal) (G1 Evacuation Pause) 210M->165M(1024M) 16.869ms
[2025-11-21T18:54:47.469+0800][gc,cpu      ] GC(11) User=0.02s Sys=0.02s Real=0.01s
[2025-11-21T19:06:36.958+0800][gc,start    ] GC(12) Pause Young (Normal) (G1 Evacuation Pause)
[2025-11-21T19:06:36.958+0800][gc,task     ] GC(12) Using 2 workers of 2 for evacuation
[2025-11-21T19:06:36.979+0800][gc,mmu      ] GC(12) MMU target violated: 20.8ms (20.0ms/21.0ms)
[2025-11-21T19:06:36.979+0800][gc,phases   ] GC(12)   Pre Evacuate Collection Set: 4.1ms
[2025-11-21T19:06:36.979+0800][gc,phases   ] GC(12)   Merge Heap Roots: 1.6ms
[2025-11-21T19:06:36.979+0800][gc,phases   ] GC(12)   Evacuate Collection Set: 12.9ms
[2025-11-21T19:06:36.979+0800][gc,phases   ] GC(12)   Post Evacuate Collection Set: 2.1ms
[2025-11-21T19:06:36.979+0800][gc,phases   ] GC(12)   Other: 1.0ms
[2025-11-21T19:06:36.979+0800][gc,heap     ] GC(12) Eden regions: 47->0(45)
[2025-11-21T19:06:36.979+0800][gc,heap     ] GC(12) Survivor regions: 4->6(7)
[2025-11-21T19:06:36.979+0800][gc,heap     ] GC(12) Old regions: 24->24
[2025-11-21T19:06:36.979+0800][gc,heap     ] GC(12) Archive regions: 2->2
[2025-11-21T19:06:36.979+0800][gc,heap     ] GC(12) Humongous regions: 147->147
[2025-11-21T19:06:36.979+0800][gc,metaspace] GC(12) Metaspace: 47534K(48448K)->47534K(48448K) NonClass: 41985K(42496K)->41985K(42496K) Class: 5549K(5952K)->5549K(5952K)
[2025-11-21T19:06:36.979+0800][gc          ] GC(12) Pause Young (Normal) (G1 Evacuation Pause) 221M->176M(1024M) 21.930ms
[2025-11-21T19:06:36.980+0800][gc,cpu      ] GC(12) User=0.02s Sys=0.01s Real=0.02s
[2025-11-21T19:18:28.161+0800][gc,start    ] GC(13) Pause Young (Normal) (G1 Evacuation Pause)
[2025-11-21T19:18:28.161+0800][gc,task     ] GC(13) Using 2 workers of 2 for evacuation
[2025-11-21T19:18:28.185+0800][gc,mmu      ] GC(13) MMU target violated: 21.0ms (20.0ms/21.0ms)
[2025-11-21T19:18:28.185+0800][gc,phases   ] GC(13)   Pre Evacuate Collection Set: 1.8ms
[2025-11-21T19:18:28.185+0800][gc,phases   ] GC(13)   Merge Heap Roots: 0.2ms
[2025-11-21T19:18:28.185+0800][gc,phases   ] GC(13)   Evacuate Collection Set: 19.3ms
[2025-11-21T19:18:28.185+0800][gc,phases   ] GC(13)   Post Evacuate Collection Set: 2.2ms
[2025-11-21T19:18:28.185+0800][gc,phases   ] GC(13)   Other: 1.3ms
[2025-11-21T19:18:28.185+0800][gc,heap     ] GC(13) Eden regions: 45->0(47)
[2025-11-21T19:18:28.185+0800][gc,heap     ] GC(13) Survivor regions: 6->4(7)
[2025-11-21T19:18:28.185+0800][gc,heap     ] GC(13) Old regions: 24->26
[2025-11-21T19:18:28.185+0800][gc,heap     ] GC(13) Archive regions: 2->2
[2025-11-21T19:18:28.185+0800][gc,heap     ] GC(13) Humongous regions: 147->147
[2025-11-21T19:18:28.185+0800][gc,metaspace] GC(13) Metaspace: 47628K(48512K)->47628K(48512K) NonClass: 42077K(42560K)->42077K(42560K) Class: 5550K(5952K)->5550K(5952K)
[2025-11-21T19:18:28.185+0800][gc          ] GC(13) Pause Young (Normal) (G1 Evacuation Pause) 221M->177M(1024M) 24.921ms
[2025-11-21T19:18:28.186+0800][gc,cpu      ] GC(13) User=0.02s Sys=0.01s Real=0.03s
[2025-11-21T19:31:07.913+0800][gc,start    ] GC(14) Pause Young (Normal) (G1 Evacuation Pause)
[2025-11-21T19:31:07.914+0800][gc,task     ] GC(14) Using 2 workers of 2 for evacuation
[2025-11-21T19:31:07.930+0800][gc,phases   ] GC(14)   Pre Evacuate Collection Set: 1.9ms
[2025-11-21T19:31:07.930+0800][gc,phases   ] GC(14)   Merge Heap Roots: 0.5ms
[2025-11-21T19:31:07.930+0800][gc,phases   ] GC(14)   Evacuate Collection Set: 11.5ms
[2025-11-21T19:31:07.930+0800][gc,phases   ] GC(14)   Post Evacuate Collection Set: 2.1ms
[2025-11-21T19:31:07.930+0800][gc,phases   ] GC(14)   Other: 1.7ms
[2025-11-21T19:31:07.930+0800][gc,heap     ] GC(14) Eden regions: 47->0(47)
[2025-11-21T19:31:07.930+0800][gc,heap     ] GC(14) Survivor regions: 4->4(7)
[2025-11-21T19:31:07.930+0800][gc,heap     ] GC(14) Old regions: 26->26
[2025-11-21T19:31:07.930+0800][gc,heap     ] GC(14) Archive regions: 2->2
[2025-11-21T19:31:07.930+0800][gc,heap     ] GC(14) Humongous regions: 147->147
[2025-11-21T19:31:07.930+0800][gc,metaspace] GC(14) Metaspace: 47711K(48576K)->47711K(48576K) NonClass: 42160K(42624K)->42160K(42624K) Class: 5551K(5952K)->5551K(5952K)
[2025-11-21T19:31:07.930+0800][gc          ] GC(14) Pause Young (Normal) (G1 Evacuation Pause) 224M->177M(1024M) 17.551ms
[2025-11-21T19:31:07.930+0800][gc,cpu      ] GC(14) User=0.01s Sys=0.01s Real=0.01s
[2025-11-21T19:43:32.024+0800][gc,start    ] GC(15) Pause Young (Normal) (G1 Evacuation Pause)
[2025-11-21T19:43:32.024+0800][gc,task     ] GC(15) Using 2 workers of 2 for evacuation
[2025-11-21T19:43:32.035+0800][gc,phases   ] GC(15)   Pre Evacuate Collection Set: 1.1ms
[2025-11-21T19:43:32.035+0800][gc,phases   ] GC(15)   Merge Heap Roots: 0.1ms
[2025-11-21T19:43:32.035+0800][gc,phases   ] GC(15)   Evacuate Collection Set: 8.0ms
[2025-11-21T19:43:32.035+0800][gc,phases   ] GC(15)   Post Evacuate Collection Set: 1.2ms
[2025-11-21T19:43:32.035+0800][gc,phases   ] GC(15)   Other: 0.3ms
[2025-11-21T19:43:32.035+0800][gc,heap     ] GC(15) Eden regions: 47->0(47)
[2025-11-21T19:43:32.035+0800][gc,heap     ] GC(15) Survivor regions: 4->4(7)
[2025-11-21T19:43:32.035+0800][gc,heap     ] GC(15) Old regions: 26->26
[2025-11-21T19:43:32.035+0800][gc,heap     ] GC(15) Archive regions: 2->2
[2025-11-21T19:43:32.035+0800][gc,heap     ] GC(15) Humongous regions: 147->147
[2025-11-21T19:43:32.035+0800][gc,metaspace] GC(15) Metaspace: 47763K(48640K)->47763K(48640K) NonClass: 42212K(42688K)->42212K(42688K) Class: 5551K(5952K)->5551K(5952K)
[2025-11-21T19:43:32.035+0800][gc          ] GC(15) Pause Young (Normal) (G1 Evacuation Pause) 224M->177M(1024M) 10.799ms
[2025-11-21T19:43:32.035+0800][gc,cpu      ] GC(15) User=0.02s Sys=0.01s Real=0.01s
[2025-11-21T19:56:10.294+0800][gc,start    ] GC(16) Pause Young (Normal) (G1 Evacuation Pause)
[2025-11-21T19:56:10.296+0800][gc,task     ] GC(16) Using 2 workers of 2 for evacuation
[2025-11-21T19:56:10.318+0800][gc,mmu      ] GC(16) MMU target violated: 21.0ms (20.0ms/21.0ms)
[2025-11-21T19:56:10.318+0800][gc,phases   ] GC(16)   Pre Evacuate Collection Set: 7.8ms
[2025-11-21T19:56:10.318+0800][gc,phases   ] GC(16)   Merge Heap Roots: 0.8ms
[2025-11-21T19:56:10.318+0800][gc,phases   ] GC(16)   Evacuate Collection Set: 9.7ms
[2025-11-21T19:56:10.318+0800][gc,phases   ] GC(16)   Post Evacuate Collection Set: 3.3ms
[2025-11-21T19:56:10.318+0800][gc,phases   ] GC(16)   Other: 13.2ms
[2025-11-21T19:56:10.318+0800][gc,heap     ] GC(16) Eden regions: 47->0(47)
[2025-11-21T19:56:10.318+0800][gc,heap     ] GC(16) Survivor regions: 4->4(7)
[2025-11-21T19:56:10.318+0800][gc,heap     ] GC(16) Old regions: 26->26
[2025-11-21T19:56:10.318+0800][gc,heap     ] GC(16) Archive regions: 2->2
[2025-11-21T19:56:10.318+0800][gc,heap     ] GC(16) Humongous regions: 147->147
[2025-11-21T19:56:10.318+0800][gc,metaspace] GC(16) Metaspace: 47796K(48704K)->47796K(48704K) NonClass: 42245K(42752K)->42245K(42752K) Class: 5551K(5952K)->5551K(5952K)
[2025-11-21T19:56:10.319+0800][gc          ] GC(16) Pause Young (Normal) (G1 Evacuation Pause) 224M->177M(1024M) 24.479ms
[2025-11-21T19:56:10.319+0800][gc,cpu      ] GC(16) User=0.02s Sys=0.01s Real=0.02s
[2025-11-21T20:07:59.059+0800][gc,start    ] GC(17) Pause Young (Normal) (G1 Evacuation Pause)
[2025-11-21T20:07:59.060+0800][gc,task     ] GC(17) Using 2 workers of 2 for evacuation
[2025-11-21T20:07:59.103+0800][gc,mmu      ] GC(17) MMU target violated: 21.0ms (20.0ms/21.0ms)
[2025-11-21T20:07:59.105+0800][gc,phases   ] GC(17)   Pre Evacuate Collection Set: 5.1ms
[2025-11-21T20:07:59.106+0800][gc,phases   ] GC(17)   Merge Heap Roots: 2.5ms
[2025-11-21T20:07:59.106+0800][gc,phases   ] GC(17)   Evacuate Collection Set: 18.6ms
[2025-11-21T20:07:59.106+0800][gc,phases   ] GC(17)   Post Evacuate Collection Set: 16.3ms
[2025-11-21T20:07:59.106+0800][gc,phases   ] GC(17)   Other: 2.8ms
[2025-11-21T20:07:59.106+0800][gc,heap     ] GC(17) Eden regions: 47->0(47)
[2025-11-21T20:07:59.106+0800][gc,heap     ] GC(17) Survivor regions: 4->4(7)
[2025-11-21T20:07:59.106+0800][gc,heap     ] GC(17) Old regions: 26->26
[2025-11-21T20:07:59.106+0800][gc,heap     ] GC(17) Archive regions: 2->2
[2025-11-21T20:07:59.106+0800][gc,heap     ] GC(17) Humongous regions: 147->147
[2025-11-21T20:07:59.106+0800][gc,metaspace] GC(17) Metaspace: 47907K(48768K)->47907K(48768K) NonClass: 42349K(42752K)->42349K(42752K) Class: 5558K(6016K)->5558K(6016K)
[2025-11-21T20:07:59.106+0800][gc          ] GC(17) Pause Young (Normal) (G1 Evacuation Pause) 224M->177M(1024M) 46.701ms
[2025-11-21T20:07:59.106+0800][gc,cpu      ] GC(17) User=0.04s Sys=0.03s Real=0.05s
[2025-11-21T20:21:01.035+0800][gc,start    ] GC(18) Pause Young (Normal) (G1 Evacuation Pause)
[2025-11-21T20:21:01.036+0800][gc,task     ] GC(18) Using 2 workers of 2 for evacuation
[2025-11-21T20:21:01.053+0800][gc,phases   ] GC(18)   Pre Evacuate Collection Set: 1.3ms
[2025-11-21T20:21:01.053+0800][gc,phases   ] GC(18)   Merge Heap Roots: 0.3ms
[2025-11-21T20:21:01.053+0800][gc,phases   ] GC(18)   Evacuate Collection Set: 11.3ms
[2025-11-21T20:21:01.053+0800][gc,phases   ] GC(18)   Post Evacuate Collection Set: 4.0ms
[2025-11-21T20:21:01.053+0800][gc,phases   ] GC(18)   Other: 0.6ms
[2025-11-21T20:21:01.053+0800][gc,heap     ] GC(18) Eden regions: 47->0(47)
[2025-11-21T20:21:01.053+0800][gc,heap     ] GC(18) Survivor regions: 4->4(7)
[2025-11-21T20:21:01.053+0800][gc,heap     ] GC(18) Old regions: 26->27
[2025-11-21T20:21:01.053+0800][gc,heap     ] GC(18) Archive regions: 2->2
[2025-11-21T20:21:01.053+0800][gc,heap     ] GC(18) Humongous regions: 147->147
[2025-11-21T20:21:01.053+0800][gc,metaspace] GC(18) Metaspace: 47922K(48896K)->47922K(48896K) NonClass: 42364K(42880K)->42364K(42880K) Class: 5558K(6016K)->5558K(6016K)
[2025-11-21T20:21:01.053+0800][gc          ] GC(18) Pause Young (Normal) (G1 Evacuation Pause) 224M->177M(1024M) 17.669ms
[2025-11-21T20:21:01.053+0800][gc,cpu      ] GC(18) User=0.02s Sys=0.01s Real=0.02s
[2025-11-21T20:33:12.360+0800][gc,start    ] GC(19) Pause Young (Normal) (G1 Evacuation Pause)
[2025-11-21T20:33:12.366+0800][gc,task     ] GC(19) Using 2 workers of 2 for evacuation
[2025-11-21T20:33:12.376+0800][gc,phases   ] GC(19)   Pre Evacuate Collection Set: 1.5ms
[2025-11-21T20:33:12.376+0800][gc,phases   ] GC(19)   Merge Heap Roots: 0.4ms
[2025-11-21T20:33:12.376+0800][gc,phases   ] GC(19)   Evacuate Collection Set: 5.7ms
[2025-11-21T20:33:12.376+0800][gc,phases   ] GC(19)   Post Evacuate Collection Set: 2.4ms
[2025-11-21T20:33:12.377+0800][gc,phases   ] GC(19)   Other: 6.6ms
[2025-11-21T20:33:12.377+0800][gc,heap     ] GC(19) Eden regions: 47->0(47)
[2025-11-21T20:33:12.377+0800][gc,heap     ] GC(19) Survivor regions: 4->4(7)
[2025-11-21T20:33:12.377+0800][gc,heap     ] GC(19) Old regions: 27->27
[2025-11-21T20:33:12.377+0800][gc,heap     ] GC(19) Archive regions: 2->2
[2025-11-21T20:33:12.377+0800][gc,heap     ] GC(19) Humongous regions: 147->147
[2025-11-21T20:33:12.377+0800][gc,metaspace] GC(19) Metaspace: 47933K(48896K)->47933K(48896K) NonClass: 42375K(42880K)->42375K(42880K) Class: 5558K(6016K)->5558K(6016K)
[2025-11-21T20:33:12.377+0800][gc          ] GC(19) Pause Young (Normal) (G1 Evacuation Pause) 224M->177M(1024M) 16.607ms
[2025-11-21T20:33:12.377+0800][gc,cpu      ] GC(19) User=0.01s Sys=0.01s Real=0.02s
[2025-11-21T20:45:28.473+0800][gc,start    ] GC(20) Pause Young (Normal) (G1 Evacuation Pause)
[2025-11-21T20:45:28.474+0800][gc,task     ] GC(20) Using 2 workers of 2 for evacuation
[2025-11-21T20:45:28.491+0800][gc,phases   ] GC(20)   Pre Evacuate Collection Set: 3.1ms
[2025-11-21T20:45:28.492+0800][gc,phases   ] GC(20)   Merge Heap Roots: 0.7ms
[2025-11-21T20:45:28.492+0800][gc,phases   ] GC(20)   Evacuate Collection Set: 7.7ms
[2025-11-21T20:45:28.492+0800][gc,phases   ] GC(20)   Post Evacuate Collection Set: 5.1ms
[2025-11-21T20:45:28.492+0800][gc,phases   ] GC(20)   Other: 1.3ms
[2025-11-21T20:45:28.492+0800][gc,heap     ] GC(20) Eden regions: 47->0(47)
[2025-11-21T20:45:28.492+0800][gc,heap     ] GC(20) Survivor regions: 4->4(7)
[2025-11-21T20:45:28.492+0800][gc,heap     ] GC(20) Old regions: 27->27
[2025-11-21T20:45:28.492+0800][gc,heap     ] GC(20) Archive regions: 2->2
[2025-11-21T20:45:28.492+0800][gc,heap     ] GC(20) Humongous regions: 147->147
[2025-11-21T20:45:28.492+0800][gc,metaspace] GC(20) Metaspace: 47970K(48896K)->47970K(48896K) NonClass: 42411K(42880K)->42411K(42880K) Class: 5558K(6016K)->5558K(6016K)
[2025-11-21T20:45:28.492+0800][gc          ] GC(20) Pause Young (Normal) (G1 Evacuation Pause) 224M->177M(1024M) 18.645ms
[2025-11-21T20:45:28.492+0800][gc,cpu      ] GC(20) User=0.01s Sys=0.01s Real=0.02s
[2025-11-21T20:58:12.041+0800][gc,start    ] GC(21) Pause Young (Normal) (G1 Evacuation Pause)
[2025-11-21T20:58:12.041+0800][gc,task     ] GC(21) Using 2 workers of 2 for evacuation
[2025-11-21T20:58:12.055+0800][gc,phases   ] GC(21)   Pre Evacuate Collection Set: 1.2ms
[2025-11-21T20:58:12.055+0800][gc,phases   ] GC(21)   Merge Heap Roots: 1.0ms
[2025-11-21T20:58:12.055+0800][gc,phases   ] GC(21)   Evacuate Collection Set: 8.9ms
[2025-11-21T20:58:12.055+0800][gc,phases   ] GC(21)   Post Evacuate Collection Set: 2.8ms
[2025-11-21T20:58:12.055+0800][gc,phases   ] GC(21)   Other: 0.5ms
[2025-11-21T20:58:12.055+0800][gc,heap     ] GC(21) Eden regions: 47->0(47)
[2025-11-21T20:58:12.055+0800][gc,heap     ] GC(21) Survivor regions: 4->4(7)
[2025-11-21T20:58:12.055+0800][gc,heap     ] GC(21) Old regions: 27->27
[2025-11-21T20:58:12.055+0800][gc,heap     ] GC(21) Archive regions: 2->2
[2025-11-21T20:58:12.055+0800][gc,heap     ] GC(21) Humongous regions: 147->147
[2025-11-21T20:58:12.055+0800][gc,metaspace] GC(21) Metaspace: 47987K(48896K)->47987K(48896K) NonClass: 42428K(42880K)->42428K(42880K) Class: 5558K(6016K)->5558K(6016K)
[2025-11-21T20:58:12.055+0800][gc          ] GC(21) Pause Young (Normal) (G1 Evacuation Pause) 224M->178M(1024M) 14.498ms
[2025-11-21T20:58:12.056+0800][gc,cpu      ] GC(21) User=0.01s Sys=0.01s Real=0.02s
[2025-11-21T21:09:31.331+0800][gc,start    ] GC(22) Pause Young (Normal) (G1 Evacuation Pause)
[2025-11-21T21:09:31.336+0800][gc,task     ] GC(22) Using 2 workers of 2 for evacuation
[2025-11-21T21:09:31.354+0800][gc,phases   ] GC(22)   Pre Evacuate Collection Set: 0.8ms
[2025-11-21T21:09:31.354+0800][gc,phases   ] GC(22)   Merge Heap Roots: 0.2ms
[2025-11-21T21:09:31.354+0800][gc,phases   ] GC(22)   Evacuate Collection Set: 9.6ms
[2025-11-21T21:09:31.354+0800][gc,phases   ] GC(22)   Post Evacuate Collection Set: 6.9ms
[2025-11-21T21:09:31.354+0800][gc,phases   ] GC(22)   Other: 5.2ms
[2025-11-21T21:09:31.354+0800][gc,heap     ] GC(22) Eden regions: 47->0(47)
[2025-11-21T21:09:31.354+0800][gc,heap     ] GC(22) Survivor regions: 4->4(7)
[2025-11-21T21:09:31.354+0800][gc,heap     ] GC(22) Old regions: 27->27
[2025-11-21T21:09:31.354+0800][gc,heap     ] GC(22) Archive regions: 2->2
[2025-11-21T21:09:31.354+0800][gc,heap     ] GC(22) Humongous regions: 147->147
[2025-11-21T21:09:31.354+0800][gc,metaspace] GC(22) Metaspace: 48032K(48960K)->48032K(48960K) NonClass: 42468K(42944K)->42468K(42944K) Class: 5563K(6016K)->5563K(6016K)
[2025-11-21T21:09:31.354+0800][gc          ] GC(22) Pause Young (Normal) (G1 Evacuation Pause) 225M->178M(1024M) 22.866ms
[2025-11-21T21:09:31.354+0800][gc,cpu      ] GC(22) User=0.02s Sys=0.01s Real=0.03s
[2025-11-21T21:22:16.314+0800][gc,start    ] GC(23) Pause Young (Normal) (G1 Evacuation Pause)
[2025-11-21T21:22:16.314+0800][gc,task     ] GC(23) Using 2 workers of 2 for evacuation
[2025-11-21T21:22:16.328+0800][gc,phases   ] GC(23)   Pre Evacuate Collection Set: 1.0ms
[2025-11-21T21:22:16.328+0800][gc,phases   ] GC(23)   Merge Heap Roots: 0.5ms
[2025-11-21T21:22:16.328+0800][gc,phases   ] GC(23)   Evacuate Collection Set: 10.8ms
[2025-11-21T21:22:16.328+0800][gc,phases   ] GC(23)   Post Evacuate Collection Set: 1.9ms
[2025-11-21T21:22:16.328+0800][gc,phases   ] GC(23)   Other: 0.7ms
[2025-11-21T21:22:16.328+0800][gc,heap     ] GC(23) Eden regions: 47->0(79)
[2025-11-21T21:22:16.328+0800][gc,heap     ] GC(23) Survivor regions: 4->4(7)
[2025-11-21T21:22:16.328+0800][gc,heap     ] GC(23) Old regions: 27->27
[2025-11-21T21:22:16.328+0800][gc,heap     ] GC(23) Archive regions: 2->2
[2025-11-21T21:22:16.328+0800][gc,heap     ] GC(23) Humongous regions: 147->147
[2025-11-21T21:22:16.328+0800][gc,metaspace] GC(23) Metaspace: 48063K(48960K)->48063K(48960K) NonClass: 42499K(42944K)->42499K(42944K) Class: 5563K(6016K)->5563K(6016K)
[2025-11-21T21:22:16.328+0800][gc          ] GC(23) Pause Young (Normal) (G1 Evacuation Pause) 225M->178M(1024M) 14.525ms
[2025-11-21T21:22:16.328+0800][gc,cpu      ] GC(23) User=0.02s Sys=0.01s Real=0.01s
[2025-11-21T21:44:13.485+0800][gc,start    ] GC(24) Pause Young (Normal) (G1 Evacuation Pause)
[2025-11-21T21:44:13.485+0800][gc,task     ] GC(24) Using 2 workers of 2 for evacuation
[2025-11-21T21:44:13.529+0800][gc,mmu      ] GC(24) MMU target violated: 21.0ms (20.0ms/21.0ms)
[2025-11-21T21:44:13.529+0800][gc,phases   ] GC(24)   Pre Evacuate Collection Set: 6.2ms
[2025-11-21T21:44:13.529+0800][gc,phases   ] GC(24)   Merge Heap Roots: 1.3ms
[2025-11-21T21:44:13.529+0800][gc,phases   ] GC(24)   Evacuate Collection Set: 22.6ms
[2025-11-21T21:44:13.529+0800][gc,phases   ] GC(24)   Post Evacuate Collection Set: 13.4ms
[2025-11-21T21:44:13.529+0800][gc,phases   ] GC(24)   Other: 0.5ms
[2025-11-21T21:44:13.529+0800][gc,heap     ] GC(24) Eden regions: 79->0(47)
[2025-11-21T21:44:13.529+0800][gc,heap     ] GC(24) Survivor regions: 4->4(11)
[2025-11-21T21:44:13.529+0800][gc,heap     ] GC(24) Old regions: 27->27
[2025-11-21T21:44:13.529+0800][gc,heap     ] GC(24) Archive regions: 2->2
[2025-11-21T21:44:13.529+0800][gc,heap     ] GC(24) Humongous regions: 147->147
[2025-11-21T21:44:13.529+0800][gc,metaspace] GC(24) Metaspace: 48082K(48960K)->48082K(48960K) NonClass: 42518K(42944K)->42518K(42944K) Class: 5563K(6016K)->5563K(6016K)
[2025-11-21T21:44:13.529+0800][gc          ] GC(24) Pause Young (Normal) (G1 Evacuation Pause) 257M->178M(1024M) 44.183ms
[2025-11-21T21:44:13.529+0800][gc,cpu      ] GC(24) User=0.02s Sys=0.05s Real=0.04s
[2025-11-21T21:56:37.925+0800][gc,start    ] GC(25) Pause Young (Normal) (G1 Evacuation Pause)
[2025-11-21T21:56:37.925+0800][gc,task     ] GC(25) Using 2 workers of 2 for evacuation
[2025-11-21T21:56:37.965+0800][gc,mmu      ] GC(25) MMU target violated: 21.0ms (20.0ms/21.0ms)
[2025-11-21T21:56:37.966+0800][gc,phases   ] GC(25)   Pre Evacuate Collection Set: 4.9ms
[2025-11-21T21:56:37.966+0800][gc,phases   ] GC(25)   Merge Heap Roots: 1.3ms
[2025-11-21T21:56:37.966+0800][gc,phases   ] GC(25)   Evacuate Collection Set: 22.9ms
[2025-11-21T21:56:37.966+0800][gc,phases   ] GC(25)   Post Evacuate Collection Set: 3.7ms
[2025-11-21T21:56:37.966+0800][gc,phases   ] GC(25)   Other: 8.4ms
[2025-11-21T21:56:37.966+0800][gc,heap     ] GC(25) Eden regions: 47->0(47)
[2025-11-21T21:56:37.966+0800][gc,heap     ] GC(25) Survivor regions: 4->4(7)
[2025-11-21T21:56:37.966+0800][gc,heap     ] GC(25) Old regions: 27->27
[2025-11-21T21:56:37.966+0800][gc,heap     ] GC(25) Archive regions: 2->2
[2025-11-21T21:56:37.966+0800][gc,heap     ] GC(25) Humongous regions: 147->147
[2025-11-21T21:56:37.966+0800][gc,metaspace] GC(25) Metaspace: 48290K(49152K)->48290K(49152K) NonClass: 42706K(43136K)->42706K(43136K) Class: 5583K(6016K)->5583K(6016K)
[2025-11-21T21:56:37.966+0800][gc          ] GC(25) Pause Young (Normal) (G1 Evacuation Pause) 225M->178M(1024M) 41.324ms
[2025-11-21T21:56:37.967+0800][gc,cpu      ] GC(25) User=0.02s Sys=0.02s Real=0.04s
[2025-11-21T22:09:18.125+0800][gc,start    ] GC(26) Pause Young (Normal) (G1 Evacuation Pause)
[2025-11-21T22:09:18.125+0800][gc,task     ] GC(26) Using 2 workers of 2 for evacuation
[2025-11-21T22:09:18.147+0800][gc,mmu      ] GC(26) MMU target violated: 21.0ms (20.0ms/21.0ms)
[2025-11-21T22:09:18.147+0800][gc,phases   ] GC(26)   Pre Evacuate Collection Set: 2.3ms
[2025-11-21T22:09:18.147+0800][gc,phases   ] GC(26)   Merge Heap Roots: 0.7ms
[2025-11-21T22:09:18.147+0800][gc,phases   ] GC(26)   Evacuate Collection Set: 13.1ms
[2025-11-21T22:09:18.147+0800][gc,phases   ] GC(26)   Post Evacuate Collection Set: 5.5ms
[2025-11-21T22:09:18.148+0800][gc,phases   ] GC(26)   Other: 1.2ms
[2025-11-21T22:09:18.148+0800][gc,heap     ] GC(26) Eden regions: 47->0(47)
[2025-11-21T22:09:18.148+0800][gc,heap     ] GC(26) Survivor regions: 4->4(7)
[2025-11-21T22:09:18.148+0800][gc,heap     ] GC(26) Old regions: 27->27
[2025-11-21T22:09:18.148+0800][gc,heap     ] GC(26) Archive regions: 2->2
[2025-11-21T22:09:18.148+0800][gc,heap     ] GC(26) Humongous regions: 147->147
[2025-11-21T22:09:18.148+0800][gc,metaspace] GC(26) Metaspace: 48322K(49216K)->48322K(49216K) NonClass: 42733K(43200K)->42733K(43200K) Class: 5588K(6016K)->5588K(6016K)
[2025-11-21T22:09:18.148+0800][gc          ] GC(26) Pause Young (Normal) (G1 Evacuation Pause) 225M->177M(1024M) 22.771ms
[2025-11-21T22:09:18.148+0800][gc,cpu      ] GC(26) User=0.02s Sys=0.01s Real=0.02s
[2025-11-21T22:22:28.496+0800][gc,start    ] GC(27) Pause Young (Normal) (G1 Evacuation Pause)
[2025-11-21T22:22:28.496+0800][gc,task     ] GC(27) Using 2 workers of 2 for evacuation
[2025-11-21T22:22:28.539+0800][gc,mmu      ] GC(27) MMU target violated: 21.0ms (20.0ms/21.0ms)
[2025-11-21T22:22:28.539+0800][gc,phases   ] GC(27)   Pre Evacuate Collection Set: 0.6ms
[2025-11-21T22:22:28.539+0800][gc,phases   ] GC(27)   Merge Heap Roots: 1.7ms
[2025-11-21T22:22:28.539+0800][gc,phases   ] GC(27)   Evacuate Collection Set: 30.8ms
[2025-11-21T22:22:28.539+0800][gc,phases   ] GC(27)   Post Evacuate Collection Set: 9.5ms
[2025-11-21T22:22:28.539+0800][gc,phases   ] GC(27)   Other: 0.6ms
[2025-11-21T22:22:28.539+0800][gc,heap     ] GC(27) Eden regions: 47->0(48)
[2025-11-21T22:22:28.539+0800][gc,heap     ] GC(27) Survivor regions: 4->3(7)
[2025-11-21T22:22:28.539+0800][gc,heap     ] GC(27) Old regions: 27->28
[2025-11-21T22:22:28.539+0800][gc,heap     ] GC(27) Archive regions: 2->2
[2025-11-21T22:22:28.539+0800][gc,heap     ] GC(27) Humongous regions: 147->147
[2025-11-21T22:22:28.539+0800][gc,metaspace] GC(27) Metaspace: 48351K(49216K)->48351K(49216K) NonClass: 42762K(43200K)->42762K(43200K) Class: 5588K(6016K)->5588K(6016K)
[2025-11-21T22:22:28.540+0800][gc          ] GC(27) Pause Young (Normal) (G1 Evacuation Pause) 224M->177M(1024M) 43.346ms
[2025-11-21T22:22:28.540+0800][gc,cpu      ] GC(27) User=0.03s Sys=0.01s Real=0.04s
[2025-11-21T22:35:53.779+0800][gc,start    ] GC(28) Pause Young (Normal) (G1 Evacuation Pause)
[2025-11-21T22:35:53.779+0800][gc,task     ] GC(28) Using 2 workers of 2 for evacuation
[2025-11-21T22:35:53.791+0800][gc,phases   ] GC(28)   Pre Evacuate Collection Set: 0.3ms
[2025-11-21T22:35:53.791+0800][gc,phases   ] GC(28)   Merge Heap Roots: 0.2ms
[2025-11-21T22:35:53.791+0800][gc,phases   ] GC(28)   Evacuate Collection Set: 9.3ms
[2025-11-21T22:35:53.791+0800][gc,phases   ] GC(28)   Post Evacuate Collection Set: 1.8ms
[2025-11-21T22:35:53.791+0800][gc,phases   ] GC(28)   Other: 0.1ms
[2025-11-21T22:35:53.791+0800][gc,heap     ] GC(28) Eden regions: 48->0(48)
[2025-11-21T22:35:53.791+0800][gc,heap     ] GC(28) Survivor regions: 3->3(7)
[2025-11-21T22:35:53.791+0800][gc,heap     ] GC(28) Old regions: 28->28
[2025-11-21T22:35:53.791+0800][gc,heap     ] GC(28) Archive regions: 2->2
[2025-11-21T22:35:53.791+0800][gc,heap     ] GC(28) Humongous regions: 147->147
[2025-11-21T22:35:53.791+0800][gc,metaspace] GC(28) Metaspace: 48354K(49216K)->48354K(49216K) NonClass: 42765K(43200K)->42765K(43200K) Class: 5588K(6016K)->5588K(6016K)
[2025-11-21T22:35:53.791+0800][gc          ] GC(28) Pause Young (Normal) (G1 Evacuation Pause) 225M->177M(1024M) 11.876ms
[2025-11-21T22:35:53.791+0800][gc,cpu      ] GC(28) User=0.01s Sys=0.00s Real=0.01s
[2025-11-21T22:49:20.071+0800][gc,start    ] GC(29) Pause Young (Normal) (G1 Evacuation Pause)
[2025-11-21T22:49:20.073+0800][gc,task     ] GC(29) Using 2 workers of 2 for evacuation
[2025-11-21T22:49:20.087+0800][gc,phases   ] GC(29)   Pre Evacuate Collection Set: 1.9ms
[2025-11-21T22:49:20.088+0800][gc,phases   ] GC(29)   Merge Heap Roots: 0.2ms
[2025-11-21T22:49:20.088+0800][gc,phases   ] GC(29)   Evacuate Collection Set: 9.6ms
[2025-11-21T22:49:20.088+0800][gc,phases   ] GC(29)   Post Evacuate Collection Set: 3.1ms
[2025-11-21T22:49:20.088+0800][gc,phases   ] GC(29)   Other: 1.6ms
[2025-11-21T22:49:20.088+0800][gc,heap     ] GC(29) Eden regions: 48->0(48)
[2025-11-21T22:49:20.088+0800][gc,heap     ] GC(29) Survivor regions: 3->3(7)
[2025-11-21T22:49:20.088+0800][gc,heap     ] GC(29) Old regions: 28->28
[2025-11-21T22:49:20.088+0800][gc,heap     ] GC(29) Archive regions: 2->2
[2025-11-21T22:49:20.088+0800][gc,heap     ] GC(29) Humongous regions: 147->147
[2025-11-21T22:49:20.088+0800][gc,metaspace] GC(29) Metaspace: 48373K(49280K)->48373K(49280K) NonClass: 42784K(43264K)->42784K(43264K) Class: 5588K(6016K)->5588K(6016K)
[2025-11-21T22:49:20.088+0800][gc          ] GC(29) Pause Young (Normal) (G1 Evacuation Pause) 225M->178M(1024M) 16.334ms
[2025-11-21T22:49:20.088+0800][gc,cpu      ] GC(29) User=0.01s Sys=0.01s Real=0.02s
[2025-11-21T23:02:21.411+0800][gc,start    ] GC(30) Pause Young (Normal) (G1 Evacuation Pause)
[2025-11-21T23:02:21.413+0800][gc,task     ] GC(30) Using 2 workers of 2 for evacuation
[2025-11-21T23:02:21.437+0800][gc,mmu      ] GC(30) MMU target violated: 21.0ms (20.0ms/21.0ms)
[2025-11-21T23:02:21.437+0800][gc,phases   ] GC(30)   Pre Evacuate Collection Set: 4.9ms
[2025-11-21T23:02:21.437+0800][gc,phases   ] GC(30)   Merge Heap Roots: 1.6ms
[2025-11-21T23:02:21.437+0800][gc,phases   ] GC(30)   Evacuate Collection Set: 12.9ms
[2025-11-21T23:02:21.437+0800][gc,phases   ] GC(30)   Post Evacuate Collection Set: 4.4ms
[2025-11-21T23:02:21.437+0800][gc,phases   ] GC(30)   Other: 2.0ms
[2025-11-21T23:02:21.437+0800][gc,heap     ] GC(30) Eden regions: 48->0(48)
[2025-11-21T23:02:21.437+0800][gc,heap     ] GC(30) Survivor regions: 3->3(7)
[2025-11-21T23:02:21.437+0800][gc,heap     ] GC(30) Old regions: 28->28
[2025-11-21T23:02:21.437+0800][gc,heap     ] GC(30) Archive regions: 2->2
[2025-11-21T23:02:21.437+0800][gc,heap     ] GC(30) Humongous regions: 147->147
[2025-11-21T23:02:21.437+0800][gc,metaspace] GC(30) Metaspace: 48374K(49280K)->48374K(49280K) NonClass: 42785K(43264K)->42785K(43264K) Class: 5588K(6016K)->5588K(6016K)
[2025-11-21T23:02:21.437+0800][gc          ] GC(30) Pause Young (Normal) (G1 Evacuation Pause) 226M->177M(1024M) 25.894ms
[2025-11-21T23:02:21.437+0800][gc,cpu      ] GC(30) User=0.02s Sys=0.02s Real=0.03s
[2025-11-21T23:15:48.048+0800][gc,start    ] GC(31) Pause Young (Normal) (G1 Evacuation Pause)
[2025-11-21T23:15:48.048+0800][gc,task     ] GC(31) Using 2 workers of 2 for evacuation
[2025-11-21T23:15:48.073+0800][gc,mmu      ] GC(31) MMU target violated: 21.0ms (20.0ms/21.0ms)
[2025-11-21T23:15:48.074+0800][gc,phases   ] GC(31)   Pre Evacuate Collection Set: 0.5ms
[2025-11-21T23:15:48.074+0800][gc,phases   ] GC(31)   Merge Heap Roots: 6.6ms
[2025-11-21T23:15:48.074+0800][gc,phases   ] GC(31)   Evacuate Collection Set: 7.7ms
[2025-11-21T23:15:48.074+0800][gc,phases   ] GC(31)   Post Evacuate Collection Set: 11.0ms
[2025-11-21T23:15:48.074+0800][gc,phases   ] GC(31)   Other: 0.3ms
[2025-11-21T23:15:48.074+0800][gc,heap     ] GC(31) Eden regions: 48->0(48)
[2025-11-21T23:15:48.074+0800][gc,heap     ] GC(31) Survivor regions: 3->3(7)
[2025-11-21T23:15:48.074+0800][gc,heap     ] GC(31) Old regions: 28->28
[2025-11-21T23:15:48.074+0800][gc,heap     ] GC(31) Archive regions: 2->2
[2025-11-21T23:15:48.074+0800][gc,heap     ] GC(31) Humongous regions: 147->147
[2025-11-21T23:15:48.074+0800][gc,metaspace] GC(31) Metaspace: 48393K(49280K)->48393K(49280K) NonClass: 42804K(43264K)->42804K(43264K) Class: 5588K(6016K)->5588K(6016K)
[2025-11-21T23:15:48.074+0800][gc          ] GC(31) Pause Young (Normal) (G1 Evacuation Pause) 225M->177M(1024M) 26.101ms
[2025-11-21T23:15:48.074+0800][gc,cpu      ] GC(31) User=0.01s Sys=0.04s Real=0.03s
[2025-11-21T23:29:15.908+0800][gc,start    ] GC(32) Pause Young (Normal) (G1 Evacuation Pause)
[2025-11-21T23:29:15.908+0800][gc,task     ] GC(32) Using 2 workers of 2 for evacuation
[2025-11-21T23:29:15.931+0800][gc,mmu      ] GC(32) MMU target violated: 21.0ms (20.0ms/21.0ms)
[2025-11-21T23:29:15.931+0800][gc,phases   ] GC(32)   Pre Evacuate Collection Set: 0.8ms
[2025-11-21T23:29:15.931+0800][gc,phases   ] GC(32)   Merge Heap Roots: 1.7ms
[2025-11-21T23:29:15.931+0800][gc,phases   ] GC(32)   Evacuate Collection Set: 16.3ms
[2025-11-21T23:29:15.931+0800][gc,phases   ] GC(32)   Post Evacuate Collection Set: 4.1ms
[2025-11-21T23:29:15.931+0800][gc,phases   ] GC(32)   Other: 0.3ms
[2025-11-21T23:29:15.931+0800][gc,heap     ] GC(32) Eden regions: 48->0(48)
[2025-11-21T23:29:15.931+0800][gc,heap     ] GC(32) Survivor regions: 3->3(7)
[2025-11-21T23:29:15.931+0800][gc,heap     ] GC(32) Old regions: 28->28
[2025-11-21T23:29:15.931+0800][gc,heap     ] GC(32) Archive regions: 2->2
[2025-11-21T23:29:15.931+0800][gc,heap     ] GC(32) Humongous regions: 147->147
[2025-11-21T23:29:15.931+0800][gc,metaspace] GC(32) Metaspace: 48407K(49344K)->48407K(49344K) NonClass: 42818K(43328K)->42818K(43328K) Class: 5588K(6016K)->5588K(6016K)
[2025-11-21T23:29:15.931+0800][gc          ] GC(32) Pause Young (Normal) (G1 Evacuation Pause) 225M->177M(1024M) 23.372ms
[2025-11-21T23:29:15.931+0800][gc,cpu      ] GC(32) User=0.03s Sys=0.02s Real=0.02s
[2025-11-21T23:42:43.472+0800][gc,start    ] GC(33) Pause Young (Normal) (G1 Evacuation Pause)
[2025-11-21T23:42:43.472+0800][gc,task     ] GC(33) Using 2 workers of 2 for evacuation
[2025-11-21T23:42:43.485+0800][gc,phases   ] GC(33)   Pre Evacuate Collection Set: 0.4ms
[2025-11-21T23:42:43.485+0800][gc,phases   ] GC(33)   Merge Heap Roots: 1.4ms
[2025-11-21T23:42:43.485+0800][gc,phases   ] GC(33)   Evacuate Collection Set: 7.5ms
[2025-11-21T23:42:43.485+0800][gc,phases   ] GC(33)   Post Evacuate Collection Set: 2.9ms
[2025-11-21T23:42:43.485+0800][gc,phases   ] GC(33)   Other: 0.5ms
[2025-11-21T23:42:43.485+0800][gc,heap     ] GC(33) Eden regions: 48->0(48)
[2025-11-21T23:42:43.485+0800][gc,heap     ] GC(33) Survivor regions: 3->3(7)
[2025-11-21T23:42:43.485+0800][gc,heap     ] GC(33) Old regions: 28->28
[2025-11-21T23:42:43.485+0800][gc,heap     ] GC(33) Archive regions: 2->2
[2025-11-21T23:42:43.485+0800][gc,heap     ] GC(33) Humongous regions: 147->147
[2025-11-21T23:42:43.485+0800][gc,metaspace] GC(33) Metaspace: 48408K(49344K)->48408K(49344K) NonClass: 42819K(43328K)->42819K(43328K) Class: 5588K(6016K)->5588K(6016K)
[2025-11-21T23:42:43.485+0800][gc          ] GC(33) Pause Young (Normal) (G1 Evacuation Pause) 225M->177M(1024M) 12.801ms
[2025-11-21T23:42:43.485+0800][gc,cpu      ] GC(33) User=0.01s Sys=0.01s Real=0.02s
[2025-11-21T23:56:09.539+0800][gc,start    ] GC(34) Pause Young (Normal) (G1 Evacuation Pause)
[2025-11-21T23:56:09.539+0800][gc,task     ] GC(34) Using 2 workers of 2 for evacuation
[2025-11-21T23:56:09.559+0800][gc,mmu      ] GC(34) MMU target violated: 20.4ms (20.0ms/21.0ms)
[2025-11-21T23:56:09.559+0800][gc,phases   ] GC(34)   Pre Evacuate Collection Set: 0.8ms
[2025-11-21T23:56:09.559+0800][gc,phases   ] GC(34)   Merge Heap Roots: 0.9ms
[2025-11-21T23:56:09.559+0800][gc,phases   ] GC(34)   Evacuate Collection Set: 14.9ms
[2025-11-21T23:56:09.559+0800][gc,phases   ] GC(34)   Post Evacuate Collection Set: 3.8ms
[2025-11-21T23:56:09.559+0800][gc,phases   ] GC(34)   Other: 0.3ms
[2025-11-21T23:56:09.559+0800][gc,heap     ] GC(34) Eden regions: 48->0(48)
[2025-11-21T23:56:09.559+0800][gc,heap     ] GC(34) Survivor regions: 3->3(7)
[2025-11-21T23:56:09.559+0800][gc,heap     ] GC(34) Old regions: 28->28
[2025-11-21T23:56:09.560+0800][gc,heap     ] GC(34) Archive regions: 2->2
[2025-11-21T23:56:09.560+0800][gc,heap     ] GC(34) Humongous regions: 147->147
[2025-11-21T23:56:09.560+0800][gc,metaspace] GC(34) Metaspace: 48412K(49344K)->48412K(49344K) NonClass: 42823K(43328K)->42823K(43328K) Class: 5588K(6016K)->5588K(6016K)
[2025-11-21T23:56:09.560+0800][gc          ] GC(34) Pause Young (Normal) (G1 Evacuation Pause) 225M->177M(1024M) 20.794ms
[2025-11-21T23:56:09.560+0800][gc,cpu      ] GC(34) User=0.03s Sys=0.01s Real=0.02s
[2025-11-22T00:49:27.094+0800][gc,start    ] GC(35) Pause Young (Normal) (G1 Evacuation Pause)
[2025-11-22T00:49:27.094+0800][gc,task     ] GC(35) Using 2 workers of 2 for evacuation
[2025-11-22T00:49:27.119+0800][gc,mmu      ] GC(35) MMU target violated: 21.0ms (20.0ms/21.0ms)
[2025-11-22T00:49:27.119+0800][gc,phases   ] GC(35)   Pre Evacuate Collection Set: 2.7ms
[2025-11-22T00:49:27.119+0800][gc,phases   ] GC(35)   Merge Heap Roots: 5.1ms
[2025-11-22T00:49:27.119+0800][gc,phases   ] GC(35)   Evacuate Collection Set: 9.3ms
[2025-11-22T00:49:27.119+0800][gc,phases   ] GC(35)   Post Evacuate Collection Set: 7.2ms
[2025-11-22T00:49:27.119+0800][gc,phases   ] GC(35)   Other: 0.9ms
[2025-11-22T00:49:27.119+0800][gc,heap     ] GC(35) Eden regions: 48->0(48)
[2025-11-22T00:49:27.119+0800][gc,heap     ] GC(35) Survivor regions: 3->3(7)
[2025-11-22T00:49:27.119+0800][gc,heap     ] GC(35) Old regions: 28->28
[2025-11-22T00:49:27.119+0800][gc,heap     ] GC(35) Archive regions: 2->2
[2025-11-22T00:49:27.119+0800][gc,heap     ] GC(35) Humongous regions: 147->147
[2025-11-22T00:49:27.119+0800][gc,metaspace] GC(35) Metaspace: 48414K(49344K)->48414K(49344K) NonClass: 42825K(43328K)->42825K(43328K) Class: 5588K(6016K)->5588K(6016K)
[2025-11-22T00:49:27.119+0800][gc          ] GC(35) Pause Young (Normal) (G1 Evacuation Pause) 225M->178M(1024M) 25.328ms
[2025-11-22T00:49:27.119+0800][gc,cpu      ] GC(35) User=0.02s Sys=0.02s Real=0.03s
[2025-11-22T01:02:53.973+0800][gc,start    ] GC(36) Pause Young (Normal) (G1 Evacuation Pause)
[2025-11-22T01:02:53.973+0800][gc,task     ] GC(36) Using 2 workers of 2 for evacuation
[2025-11-22T01:02:54.009+0800][gc,mmu      ] GC(36) MMU target violated: 21.0ms (20.0ms/21.0ms)
[2025-11-22T01:02:54.009+0800][gc,phases   ] GC(36)   Pre Evacuate Collection Set: 1.2ms
[2025-11-22T01:02:54.009+0800][gc,phases   ] GC(36)   Merge Heap Roots: 0.2ms
[2025-11-22T01:02:54.009+0800][gc,phases   ] GC(36)   Evacuate Collection Set: 22.5ms
[2025-11-22T01:02:54.009+0800][gc,phases   ] GC(36)   Post Evacuate Collection Set: 11.7ms
[2025-11-22T01:02:54.009+0800][gc,phases   ] GC(36)   Other: 0.3ms
[2025-11-22T01:02:54.009+0800][gc,heap     ] GC(36) Eden regions: 48->0(48)
[2025-11-22T01:02:54.009+0800][gc,heap     ] GC(36) Survivor regions: 3->3(7)
[2025-11-22T01:02:54.009+0800][gc,heap     ] GC(36) Old regions: 28->28
[2025-11-22T01:02:54.009+0800][gc,heap     ] GC(36) Archive regions: 2->2
[2025-11-22T01:02:54.009+0800][gc,heap     ] GC(36) Humongous regions: 147->147
[2025-11-22T01:02:54.009+0800][gc,metaspace] GC(36) Metaspace: 48429K(49344K)->48429K(49344K) NonClass: 42840K(43328K)->42840K(43328K) Class: 5588K(6016K)->5588K(6016K)
[2025-11-22T01:02:54.010+0800][gc          ] GC(36) Pause Young (Normal) (G1 Evacuation Pause) 226M->178M(1024M) 36.274ms
[2025-11-22T01:02:54.010+0800][gc,cpu      ] GC(36) User=0.04s Sys=0.02s Real=0.04s
[2025-11-22T01:16:22.781+0800][gc,start    ] GC(37) Pause Young (Normal) (G1 Evacuation Pause)
[2025-11-22T01:16:22.781+0800][gc,task     ] GC(37) Using 2 workers of 2 for evacuation
[2025-11-22T01:16:22.844+0800][gc,mmu      ] GC(37) MMU target violated: 21.0ms (20.0ms/21.0ms)
[2025-11-22T01:16:22.845+0800][gc,phases   ] GC(37)   Pre Evacuate Collection Set: 8.3ms
[2025-11-22T01:16:22.845+0800][gc,phases   ] GC(37)   Merge Heap Roots: 1.1ms
[2025-11-22T01:16:22.845+0800][gc,phases   ] GC(37)   Evacuate Collection Set: 37.0ms
[2025-11-22T01:16:22.845+0800][gc,phases   ] GC(37)   Post Evacuate Collection Set: 15.6ms
[2025-11-22T01:16:22.845+0800][gc,phases   ] GC(37)   Other: 1.8ms
[2025-11-22T01:16:22.845+0800][gc,heap     ] GC(37) Eden regions: 48->0(49)
[2025-11-22T01:16:22.845+0800][gc,heap     ] GC(37) Survivor regions: 3->2(7)
[2025-11-22T01:16:22.845+0800][gc,heap     ] GC(37) Old regions: 28->29
[2025-11-22T01:16:22.845+0800][gc,heap     ] GC(37) Archive regions: 2->2
[2025-11-22T01:16:22.845+0800][gc,heap     ] GC(37) Humongous regions: 147->147
[2025-11-22T01:16:22.845+0800][gc,metaspace] GC(37) Metaspace: 48440K(49344K)->48440K(49344K) NonClass: 42852K(43328K)->42852K(43328K) Class: 5588K(6016K)->5588K(6016K)
[2025-11-22T01:16:22.845+0800][gc          ] GC(37) Pause Young (Normal) (G1 Evacuation Pause) 226M->177M(1024M) 64.050ms
[2025-11-22T01:16:22.845+0800][gc,cpu      ] GC(37) User=0.04s Sys=0.05s Real=0.06s
[2025-11-22T01:30:06.331+0800][gc,start    ] GC(38) Pause Young (Normal) (G1 Evacuation Pause)
[2025-11-22T01:30:06.331+0800][gc,task     ] GC(38) Using 2 workers of 2 for evacuation
[2025-11-22T01:30:06.351+0800][gc,phases   ] GC(38)   Pre Evacuate Collection Set: 2.6ms
[2025-11-22T01:30:06.351+0800][gc,phases   ] GC(38)   Merge Heap Roots: 0.1ms
[2025-11-22T01:30:06.351+0800][gc,phases   ] GC(38)   Evacuate Collection Set: 11.7ms
[2025-11-22T01:30:06.351+0800][gc,phases   ] GC(38)   Post Evacuate Collection Set: 2.2ms
[2025-11-22T01:30:06.351+0800][gc,phases   ] GC(38)   Other: 3.8ms
[2025-11-22T01:30:06.351+0800][gc,heap     ] GC(38) Eden regions: 49->0(49)
[2025-11-22T01:30:06.351+0800][gc,heap     ] GC(38) Survivor regions: 2->2(7)
[2025-11-22T01:30:06.351+0800][gc,heap     ] GC(38) Old regions: 29->29
[2025-11-22T01:30:06.351+0800][gc,heap     ] GC(38) Archive regions: 2->2
[2025-11-22T01:30:06.351+0800][gc,heap     ] GC(38) Humongous regions: 147->147
[2025-11-22T01:30:06.351+0800][gc,metaspace] GC(38) Metaspace: 48440K(49344K)->48440K(49344K) NonClass: 42852K(43328K)->42852K(43328K) Class: 5588K(6016K)->5588K(6016K)
[2025-11-22T01:30:06.352+0800][gc          ] GC(38) Pause Young (Normal) (G1 Evacuation Pause) 226M->178M(1024M) 20.632ms
[2025-11-22T01:30:06.352+0800][gc,cpu      ] GC(38) User=0.02s Sys=0.01s Real=0.02s
[2025-11-22T01:43:28.610+0800][gc,start    ] GC(39) Pause Young (Normal) (G1 Evacuation Pause)
[2025-11-22T01:43:28.611+0800][gc,task     ] GC(39) Using 2 workers of 2 for evacuation
[2025-11-22T01:43:28.633+0800][gc,mmu      ] GC(39) MMU target violated: 21.0ms (20.0ms/21.0ms)
[2025-11-22T01:43:28.633+0800][gc,phases   ] GC(39)   Pre Evacuate Collection Set: 0.7ms
[2025-11-22T01:43:28.633+0800][gc,phases   ] GC(39)   Merge Heap Roots: 0.1ms
[2025-11-22T01:43:28.633+0800][gc,phases   ] GC(39)   Evacuate Collection Set: 9.4ms
[2025-11-22T01:43:28.633+0800][gc,phases   ] GC(39)   Post Evacuate Collection Set: 12.2ms
[2025-11-22T01:43:28.633+0800][gc,phases   ] GC(39)   Other: 0.4ms
[2025-11-22T01:43:28.633+0800][gc,heap     ] GC(39) Eden regions: 49->0(50)
[2025-11-22T01:43:28.633+0800][gc,heap     ] GC(39) Survivor regions: 2->1(7)
[2025-11-22T01:43:28.633+0800][gc,heap     ] GC(39) Old regions: 29->30
[2025-11-22T01:43:28.633+0800][gc,heap     ] GC(39) Archive regions: 2->2
[2025-11-22T01:43:28.633+0800][gc,heap     ] GC(39) Humongous regions: 147->147
[2025-11-22T01:43:28.633+0800][gc,metaspace] GC(39) Metaspace: 48444K(49344K)->48444K(49344K) NonClass: 42855K(43328K)->42855K(43328K) Class: 5588K(6016K)->5588K(6016K)
[2025-11-22T01:43:28.633+0800][gc          ] GC(39) Pause Young (Normal) (G1 Evacuation Pause) 227M->177M(1024M) 22.845ms
[2025-11-22T01:43:28.633+0800][gc,cpu      ] GC(39) User=0.01s Sys=0.01s Real=0.02s
[2025-11-22T01:57:32.660+0800][gc,start    ] GC(40) Pause Young (Normal) (G1 Evacuation Pause)
[2025-11-22T01:57:32.660+0800][gc,task     ] GC(40) Using 2 workers of 2 for evacuation
[2025-11-22T01:57:32.684+0800][gc,mmu      ] GC(40) MMU target violated: 21.0ms (20.0ms/21.0ms)
[2025-11-22T01:57:32.685+0800][gc,phases   ] GC(40)   Pre Evacuate Collection Set: 7.5ms
[2025-11-22T01:57:32.685+0800][gc,phases   ] GC(40)   Merge Heap Roots: 2.1ms
[2025-11-22T01:57:32.685+0800][gc,phases   ] GC(40)   Evacuate Collection Set: 10.7ms
[2025-11-22T01:57:32.685+0800][gc,phases   ] GC(40)   Post Evacuate Collection Set: 4.4ms
[2025-11-22T01:57:32.685+0800][gc,phases   ] GC(40)   Other: 3.5ms
[2025-11-22T01:57:32.685+0800][gc,heap     ] GC(40) Eden regions: 50->0(50)
[2025-11-22T01:57:32.685+0800][gc,heap     ] GC(40) Survivor regions: 1->1(7)
[2025-11-22T01:57:32.685+0800][gc,heap     ] GC(40) Old regions: 30->30
[2025-11-22T01:57:32.685+0800][gc,heap     ] GC(40) Archive regions: 2->2
[2025-11-22T01:57:32.685+0800][gc,heap     ] GC(40) Humongous regions: 147->147
[2025-11-22T01:57:32.685+0800][gc,metaspace] GC(40) Metaspace: 48452K(49344K)->48452K(49344K) NonClass: 42863K(43328K)->42863K(43328K) Class: 5588K(6016K)->5588K(6016K)
[2025-11-22T01:57:32.685+0800][gc          ] GC(40) Pause Young (Normal) (G1 Evacuation Pause) 227M->178M(1024M) 25.121ms
[2025-11-22T01:57:32.685+0800][gc,cpu      ] GC(40) User=0.01s Sys=0.01s Real=0.02s
[2025-11-22T02:11:36.129+0800][gc,start    ] GC(41) Pause Young (Normal) (G1 Evacuation Pause)
[2025-11-22T02:11:36.129+0800][gc,task     ] GC(41) Using 2 workers of 2 for evacuation
[2025-11-22T02:11:36.154+0800][gc,mmu      ] GC(41) MMU target violated: 21.0ms (20.0ms/21.0ms)
[2025-11-22T02:11:36.154+0800][gc,phases   ] GC(41)   Pre Evacuate Collection Set: 0.8ms
[2025-11-22T02:11:36.154+0800][gc,phases   ] GC(41)   Merge Heap Roots: 0.3ms
[2025-11-22T02:11:36.154+0800][gc,phases   ] GC(41)   Evacuate Collection Set: 20.3ms
[2025-11-22T02:11:36.154+0800][gc,phases   ] GC(41)   Post Evacuate Collection Set: 3.5ms
[2025-11-22T02:11:36.154+0800][gc,phases   ] GC(41)   Other: 0.8ms
[2025-11-22T02:11:36.154+0800][gc,heap     ] GC(41) Eden regions: 50->0(50)
[2025-11-22T02:11:36.154+0800][gc,heap     ] GC(41) Survivor regions: 1->1(7)
[2025-11-22T02:11:36.154+0800][gc,heap     ] GC(41) Old regions: 30->30
[2025-11-22T02:11:36.154+0800][gc,heap     ] GC(41) Archive regions: 2->2
[2025-11-22T02:11:36.154+0800][gc,heap     ] GC(41) Humongous regions: 147->147
[2025-11-22T02:11:36.154+0800][gc,metaspace] GC(41) Metaspace: 48455K(49344K)->48455K(49344K) NonClass: 42867K(43328K)->42867K(43328K) Class: 5588K(6016K)->5588K(6016K)
[2025-11-22T02:11:36.155+0800][gc          ] GC(41) Pause Young (Normal) (G1 Evacuation Pause) 228M->178M(1024M) 25.835ms
[2025-11-22T02:11:36.155+0800][gc,cpu      ] GC(41) User=0.01s Sys=0.02s Real=0.02s
[2025-11-22T02:25:35.412+0800][gc,start    ] GC(42) Pause Young (Normal) (G1 Evacuation Pause)
[2025-11-22T02:25:35.419+0800][gc,task     ] GC(42) Using 2 workers of 2 for evacuation
[2025-11-22T02:25:35.443+0800][gc,mmu      ] GC(42) MMU target violated: 21.0ms (20.0ms/21.0ms)
[2025-11-22T02:25:35.443+0800][gc,phases   ] GC(42)   Pre Evacuate Collection Set: 2.2ms
[2025-11-22T02:25:35.443+0800][gc,phases   ] GC(42)   Merge Heap Roots: 1.8ms
[2025-11-22T02:25:35.444+0800][gc,phases   ] GC(42)   Evacuate Collection Set: 13.8ms
[2025-11-22T02:25:35.444+0800][gc,phases   ] GC(42)   Post Evacuate Collection Set: 5.6ms
[2025-11-22T02:25:35.444+0800][gc,phases   ] GC(42)   Other: 7.9ms
[2025-11-22T02:25:35.444+0800][gc,heap     ] GC(42) Eden regions: 50->0(50)
[2025-11-22T02:25:35.444+0800][gc,heap     ] GC(42) Survivor regions: 1->1(7)
[2025-11-22T02:25:35.444+0800][gc,heap     ] GC(42) Old regions: 30->30
[2025-11-22T02:25:35.444+0800][gc,heap     ] GC(42) Archive regions: 2->2
[2025-11-22T02:25:35.444+0800][gc,heap     ] GC(42) Humongous regions: 147->147
[2025-11-22T02:25:35.444+0800][gc,metaspace] GC(42) Metaspace: 48455K(49344K)->48455K(49344K) NonClass: 42867K(43328K)->42867K(43328K) Class: 5588K(6016K)->5588K(6016K)
[2025-11-22T02:25:35.444+0800][gc          ] GC(42) Pause Young (Normal) (G1 Evacuation Pause) 228M->178M(1024M) 31.366ms
[2025-11-22T02:25:35.444+0800][gc,cpu      ] GC(42) User=0.02s Sys=0.02s Real=0.03s
[2025-11-22T02:39:32.656+0800][gc,start    ] GC(43) Pause Young (Normal) (G1 Evacuation Pause)
[2025-11-22T02:39:32.656+0800][gc,task     ] GC(43) Using 2 workers of 2 for evacuation
[2025-11-22T02:39:32.668+0800][gc,phases   ] GC(43)   Pre Evacuate Collection Set: 1.9ms
[2025-11-22T02:39:32.668+0800][gc,phases   ] GC(43)   Merge Heap Roots: 0.7ms
[2025-11-22T02:39:32.668+0800][gc,phases   ] GC(43)   Evacuate Collection Set: 6.9ms
[2025-11-22T02:39:32.668+0800][gc,phases   ] GC(43)   Post Evacuate Collection Set: 2.9ms
[2025-11-22T02:39:32.669+0800][gc,phases   ] GC(43)   Other: 1.2ms
[2025-11-22T02:39:32.669+0800][gc,heap     ] GC(43) Eden regions: 50->0(50)
[2025-11-22T02:39:32.669+0800][gc,heap     ] GC(43) Survivor regions: 1->1(7)
[2025-11-22T02:39:32.669+0800][gc,heap     ] GC(43) Old regions: 30->30
[2025-11-22T02:39:32.669+0800][gc,heap     ] GC(43) Archive regions: 2->2
[2025-11-22T02:39:32.669+0800][gc,heap     ] GC(43) Humongous regions: 147->147
[2025-11-22T02:39:32.669+0800][gc,metaspace] GC(43) Metaspace: 48455K(49344K)->48455K(49344K) NonClass: 42867K(43328K)->42867K(43328K) Class: 5588K(6016K)->5588K(6016K)
[2025-11-22T02:39:32.669+0800][gc          ] GC(43) Pause Young (Normal) (G1 Evacuation Pause) 228M->178M(1024M) 13.119ms
[2025-11-22T02:39:32.669+0800][gc,cpu      ] GC(43) User=0.02s Sys=0.00s Real=0.01s
[2025-11-22T02:53:02.887+0800][gc,start    ] GC(44) Pause Young (Normal) (G1 Evacuation Pause)
[2025-11-22T02:53:02.887+0800][gc,task     ] GC(44) Using 2 workers of 2 for evacuation
[2025-11-22T02:53:02.899+0800][gc,phases   ] GC(44)   Pre Evacuate Collection Set: 1.5ms
[2025-11-22T02:53:02.899+0800][gc,phases   ] GC(44)   Merge Heap Roots: 0.4ms
[2025-11-22T02:53:02.899+0800][gc,phases   ] GC(44)   Evacuate Collection Set: 3.3ms
[2025-11-22T02:53:02.899+0800][gc,phases   ] GC(44)   Post Evacuate Collection Set: 6.2ms
[2025-11-22T02:53:02.899+0800][gc,phases   ] GC(44)   Other: 0.4ms
[2025-11-22T02:53:02.899+0800][gc,heap     ] GC(44) Eden regions: 50->0(70)
[2025-11-22T02:53:02.899+0800][gc,heap     ] GC(44) Survivor regions: 1->1(7)
[2025-11-22T02:53:02.899+0800][gc,heap     ] GC(44) Old regions: 30->30
[2025-11-22T02:53:02.899+0800][gc,heap     ] GC(44) Archive regions: 2->2
[2025-11-22T02:53:02.899+0800][gc,heap     ] GC(44) Humongous regions: 147->147
[2025-11-22T02:53:02.899+0800][gc,metaspace] GC(44) Metaspace: 48457K(49344K)->48457K(49344K) NonClass: 42868K(43328K)->42868K(43328K) Class: 5588K(6016K)->5588K(6016K)
[2025-11-22T02:53:02.899+0800][gc          ] GC(44) Pause Young (Normal) (G1 Evacuation Pause) 228M->178M(1024M) 11.858ms
[2025-11-22T02:53:02.899+0800][gc,cpu      ] GC(44) User=0.01s Sys=0.00s Real=0.01s
[2025-11-22T03:12:42.655+0800][gc,start    ] GC(45) Pause Young (Normal) (G1 Evacuation Pause)
[2025-11-22T03:12:42.656+0800][gc,task     ] GC(45) Using 2 workers of 2 for evacuation
[2025-11-22T03:12:42.690+0800][gc,mmu      ] GC(45) MMU target violated: 21.0ms (20.0ms/21.0ms)
[2025-11-22T03:12:42.691+0800][gc,phases   ] GC(45)   Pre Evacuate Collection Set: 2.0ms
[2025-11-22T03:12:42.691+0800][gc,phases   ] GC(45)   Merge Heap Roots: 1.0ms
[2025-11-22T03:12:42.691+0800][gc,phases   ] GC(45)   Evacuate Collection Set: 26.7ms
[2025-11-22T03:12:42.691+0800][gc,phases   ] GC(45)   Post Evacuate Collection Set: 4.8ms
[2025-11-22T03:12:42.691+0800][gc,phases   ] GC(45)   Other: 2.7ms
[2025-11-22T03:12:42.691+0800][gc,heap     ] GC(45) Eden regions: 70->0(50)
[2025-11-22T03:12:42.691+0800][gc,heap     ] GC(45) Survivor regions: 1->1(9)
[2025-11-22T03:12:42.691+0800][gc,heap     ] GC(45) Old regions: 30->30
[2025-11-22T03:12:42.691+0800][gc,heap     ] GC(45) Archive regions: 2->2
[2025-11-22T03:12:42.691+0800][gc,heap     ] GC(45) Humongous regions: 147->147
[2025-11-22T03:12:42.691+0800][gc,metaspace] GC(45) Metaspace: 48469K(49344K)->48469K(49344K) NonClass: 42881K(43328K)->42881K(43328K) Class: 5588K(6016K)->5588K(6016K)
[2025-11-22T03:12:42.691+0800][gc          ] GC(45) Pause Young (Normal) (G1 Evacuation Pause) 248M->178M(1024M) 36.891ms
[2025-11-22T03:12:42.691+0800][gc,cpu      ] GC(45) User=0.03s Sys=0.02s Real=0.04s
[2025-11-22T03:26:42.660+0800][gc,start    ] GC(46) Pause Young (Normal) (G1 Evacuation Pause)
[2025-11-22T03:26:42.660+0800][gc,task     ] GC(46) Using 2 workers of 2 for evacuation
[2025-11-22T03:26:42.675+0800][gc,phases   ] GC(46)   Pre Evacuate Collection Set: 1.6ms
[2025-11-22T03:26:42.675+0800][gc,phases   ] GC(46)   Merge Heap Roots: 0.8ms
[2025-11-22T03:26:42.675+0800][gc,phases   ] GC(46)   Evacuate Collection Set: 5.2ms
[2025-11-22T03:26:42.675+0800][gc,phases   ] GC(46)   Post Evacuate Collection Set: 6.7ms
[2025-11-22T03:26:42.675+0800][gc,phases   ] GC(46)   Other: 1.0ms
[2025-11-22T03:26:42.675+0800][gc,heap     ] GC(46) Eden regions: 50->0(50)
[2025-11-22T03:26:42.675+0800][gc,heap     ] GC(46) Survivor regions: 1->1(7)
[2025-11-22T03:26:42.675+0800][gc,heap     ] GC(46) Old regions: 30->30
[2025-11-22T03:26:42.675+0800][gc,heap     ] GC(46) Archive regions: 2->2
[2025-11-22T03:26:42.675+0800][gc,heap     ] GC(46) Humongous regions: 147->147
[2025-11-22T03:26:42.675+0800][gc,metaspace] GC(46) Metaspace: 48469K(49344K)->48469K(49344K) NonClass: 42881K(43328K)->42881K(43328K) Class: 5588K(6016K)->5588K(6016K)
[2025-11-22T03:26:42.675+0800][gc          ] GC(46) Pause Young (Normal) (G1 Evacuation Pause) 228M->178M(1024M) 15.211ms
[2025-11-22T03:26:42.675+0800][gc,cpu      ] GC(46) User=0.00s Sys=0.03s Real=0.01s
[2025-11-22T03:40:25.727+0800][gc,start    ] GC(47) Pause Young (Normal) (G1 Evacuation Pause)
[2025-11-22T03:40:25.727+0800][gc,task     ] GC(47) Using 2 workers of 2 for evacuation
[2025-11-22T03:40:25.735+0800][gc,phases   ] GC(47)   Pre Evacuate Collection Set: 0.9ms
[2025-11-22T03:40:25.735+0800][gc,phases   ] GC(47)   Merge Heap Roots: 0.4ms
[2025-11-22T03:40:25.735+0800][gc,phases   ] GC(47)   Evacuate Collection Set: 2.4ms
[2025-11-22T03:40:25.735+0800][gc,phases   ] GC(47)   Post Evacuate Collection Set: 4.0ms
[2025-11-22T03:40:25.735+0800][gc,phases   ] GC(47)   Other: 0.5ms
[2025-11-22T03:40:25.735+0800][gc,heap     ] GC(47) Eden regions: 50->0(54)
[2025-11-22T03:40:25.735+0800][gc,heap     ] GC(47) Survivor regions: 1->1(7)
[2025-11-22T03:40:25.735+0800][gc,heap     ] GC(47) Old regions: 30->30
[2025-11-22T03:40:25.735+0800][gc,heap     ] GC(47) Archive regions: 2->2
[2025-11-22T03:40:25.735+0800][gc,heap     ] GC(47) Humongous regions: 147->147
[2025-11-22T03:40:25.735+0800][gc,metaspace] GC(47) Metaspace: 48474K(49344K)->48474K(49344K) NonClass: 42885K(43328K)->42885K(43328K) Class: 5588K(6016K)->5588K(6016K)
[2025-11-22T03:40:25.735+0800][gc          ] GC(47) Pause Young (Normal) (G1 Evacuation Pause) 228M->178M(1024M) 8.844ms
[2025-11-22T03:40:25.735+0800][gc,cpu      ] GC(47) User=0.01s Sys=0.01s Real=0.01s
[2025-11-22T03:55:11.545+0800][gc,start    ] GC(48) Pause Young (Normal) (G1 Evacuation Pause)
[2025-11-22T03:55:11.545+0800][gc,task     ] GC(48) Using 2 workers of 2 for evacuation
[2025-11-22T03:55:11.560+0800][gc,phases   ] GC(48)   Pre Evacuate Collection Set: 1.0ms
[2025-11-22T03:55:11.561+0800][gc,phases   ] GC(48)   Merge Heap Roots: 0.1ms
[2025-11-22T03:55:11.561+0800][gc,phases   ] GC(48)   Evacuate Collection Set: 7.3ms
[2025-11-22T03:55:11.561+0800][gc,phases   ] GC(48)   Post Evacuate Collection Set: 6.6ms
[2025-11-22T03:55:11.561+0800][gc,phases   ] GC(48)   Other: 0.3ms
[2025-11-22T03:55:11.561+0800][gc,heap     ] GC(48) Eden regions: 54->0(73)
[2025-11-22T03:55:11.561+0800][gc,heap     ] GC(48) Survivor regions: 1->1(7)
[2025-11-22T03:55:11.561+0800][gc,heap     ] GC(48) Old regions: 30->30
[2025-11-22T03:55:11.561+0800][gc,heap     ] GC(48) Archive regions: 2->2
[2025-11-22T03:55:11.561+0800][gc,heap     ] GC(48) Humongous regions: 147->147
[2025-11-22T03:55:11.561+0800][gc,metaspace] GC(48) Metaspace: 48478K(49344K)->48478K(49344K) NonClass: 42889K(43328K)->42889K(43328K) Class: 5588K(6016K)->5588K(6016K)
[2025-11-22T03:55:11.561+0800][gc          ] GC(48) Pause Young (Normal) (G1 Evacuation Pause) 232M->178M(1024M) 15.873ms
[2025-11-22T03:55:11.561+0800][gc,cpu      ] GC(48) User=0.01s Sys=0.00s Real=0.01s
